STMicroelectronics Memory Configuration

Name     Origin   Length   Bytes-Used %age-Used Attributes
RAM 0x20000000 0x020000 0x0073c0       22%  rwx     
CCMRAM 0x10000000 0x010000 0x000000        0%  rwx     
FLASH 0x8000000 0x100000 0x009e18        3%  rx      

     VMA      LMA     Size Align Out     In      Symbol
       0        0        0     1 _estack = ORIGIN ( RAM ) + LENGTH ( RAM )
       0        0        0     1 _Min_Heap_Size = 0x200
       0        0        0     1 _Min_Stack_Size = 0x400
 8000000  8000000      188     1 .isr_vector
 8000000  8000000        0     1         . = ALIGN ( 4 )
 8000000  8000000      188     1         CMakeFiles/diankong_jie.dir/startup_stm32f405xx.s.obj:(.isr_vector)
 8000000  8000000      188     1                 g_pfnVectors
 8000188  8000188        0     1         . = ALIGN ( 4 )
 8000190  8000190     957c    16 .text
 8000190  8000190        0     1         . = ALIGN ( 4 )
 8000190  8000190       14     4         C:/Users/24137/AppData/Local/stm32cube/bundles/st-arm-clang/19.1.6+st.10/bin/../lib/clang-runtimes/arm-none-eabi/armv7m_hard_fpv4_sp_d16_exn_rtti/lib/libc.a(strcmp.S.o):(.text)
 8000190  8000190        0     1                 $t
 8000191  8000191       14     1                 strcmp
 80001a4  80001a4       14     4         C:/Users/24137/AppData/Local/stm32cube/bundles/st-arm-clang/19.1.6+st.10/bin/../lib/clang-runtimes/arm-none-eabi/armv7m_hard_fpv4_sp_d16_exn_rtti/lib/libclang_rt.builtins.a(aeabi_uldivmod.S.obj):(.text)
 80001a4  80001a4        0     1                 $t
 80001a5  80001a5       14     1                 __aeabi_uldivmod
 80001b8  80001b8       12     4         cmake/stm32cubemx/CMakeFiles/STM32_Drivers.dir/__/__/Core/Src/system_stm32f4xx.c.obj:(.text.SystemInit)
 80001b8  80001b8        0     1                 $t
 80001b9  80001b9       12     1                 SystemInit
 80001cc  80001cc       5c     4         cmake/stm32cubemx/CMakeFiles/STM32_Drivers.dir/__/__/Drivers/STM32F4xx_HAL_Driver/Src/stm32f4xx_hal_tim.c.obj:(.text.HAL_TIM_Base_Init)
 80001cc  80001cc        0     1                 $t
 80001cd  80001cd       5c     1                 HAL_TIM_Base_Init
 8000228  8000228        2     4         cmake/stm32cubemx/CMakeFiles/STM32_Drivers.dir/__/__/Drivers/STM32F4xx_HAL_Driver/Src/stm32f4xx_hal_tim.c.obj:(.text.HAL_TIM_Base_MspInit)
 8000228  8000228        0     1                 $t
 8000229  8000229        2     1                 HAL_TIM_Base_MspInit
 800022c  800022c      12e     4         cmake/stm32cubemx/CMakeFiles/STM32_Drivers.dir/__/__/Drivers/STM32F4xx_HAL_Driver/Src/stm32f4xx_hal_tim.c.obj:(.text.TIM_Base_SetConfig)
 800022c  800022c        0     1                 $t
 800022d  800022d      12e     1                 TIM_Base_SetConfig
 800035c  800035c       a8     4         cmake/stm32cubemx/CMakeFiles/STM32_Drivers.dir/__/__/Drivers/STM32F4xx_HAL_Driver/Src/stm32f4xx_hal_tim.c.obj:(.text.HAL_TIM_Base_Start_IT)
 800035c  800035c        0     1                 $t
 800035d  800035d       a8     1                 HAL_TIM_Base_Start_IT
 8000404  8000404      156     4         cmake/stm32cubemx/CMakeFiles/STM32_Drivers.dir/__/__/Drivers/STM32F4xx_HAL_Driver/Src/stm32f4xx_hal_tim.c.obj:(.text.HAL_TIM_IRQHandler)
 8000404  8000404        0     1                 $t
 8000405  8000405      156     1                 HAL_TIM_IRQHandler
 800055c  800055c        2     4         cmake/stm32cubemx/CMakeFiles/STM32_Drivers.dir/__/__/Drivers/STM32F4xx_HAL_Driver/Src/stm32f4xx_hal_tim.c.obj:(.text.HAL_TIM_IC_CaptureCallback)
 800055c  800055c        0     1                 $t
 800055d  800055d        2     1                 HAL_TIM_IC_CaptureCallback
 8000560  8000560        2     4         cmake/stm32cubemx/CMakeFiles/STM32_Drivers.dir/__/__/Drivers/STM32F4xx_HAL_Driver/Src/stm32f4xx_hal_tim.c.obj:(.text.HAL_TIM_OC_DelayElapsedCallback)
 8000560  8000560        0     1                 $t
 8000561  8000561        2     1                 HAL_TIM_OC_DelayElapsedCallback
 8000564  8000564        2     4         cmake/stm32cubemx/CMakeFiles/STM32_Drivers.dir/__/__/Drivers/STM32F4xx_HAL_Driver/Src/stm32f4xx_hal_tim.c.obj:(.text.HAL_TIM_PWM_PulseFinishedCallback)
 8000564  8000564        0     1                 $t
 8000565  8000565        2     1                 HAL_TIM_PWM_PulseFinishedCallback
 8000568  8000568        2     4         cmake/stm32cubemx/CMakeFiles/STM32_Drivers.dir/__/__/Drivers/STM32F4xx_HAL_Driver/Src/stm32f4xx_hal_tim.c.obj:(.text.HAL_TIM_TriggerCallback)
 8000568  8000568        0     1                 $t
 8000569  8000569        2     1                 HAL_TIM_TriggerCallback
 800056c  800056c        2     4         cmake/stm32cubemx/CMakeFiles/STM32_Drivers.dir/__/__/Drivers/STM32F4xx_HAL_Driver/Src/stm32f4xx_hal_tim_ex.c.obj:(.text.HAL_TIMEx_CommutCallback)
 800056c  800056c        0     1                 $t
 800056d  800056d        2     1                 HAL_TIMEx_CommutCallback
 8000570  8000570        2     4         cmake/stm32cubemx/CMakeFiles/STM32_Drivers.dir/__/__/Drivers/STM32F4xx_HAL_Driver/Src/stm32f4xx_hal_tim_ex.c.obj:(.text.HAL_TIMEx_BreakCallback)
 8000570  8000570        0     1                 $t
 8000571  8000571        2     1                 HAL_TIMEx_BreakCallback
 8000574  8000574       dc     4         cmake/stm32cubemx/CMakeFiles/STM32_Drivers.dir/__/__/Drivers/STM32F4xx_HAL_Driver/Src/stm32f4xx_hal_pcd.c.obj:(.text.HAL_PCD_Init)
 8000574  8000574        0     1                 $t
 8000575  8000575       dc     1                 HAL_PCD_Init
 8000650  8000650       40     4         cmake/stm32cubemx/CMakeFiles/STM32_Drivers.dir/__/__/Drivers/STM32F4xx_HAL_Driver/Src/stm32f4xx_hal_pcd.c.obj:(.text.HAL_PCD_Start)
 8000650  8000650        0     1                 $t
 8000651  8000651       40     1                 HAL_PCD_Start
 8000690  8000690      78c     4         cmake/stm32cubemx/CMakeFiles/STM32_Drivers.dir/__/__/Drivers/STM32F4xx_HAL_Driver/Src/stm32f4xx_hal_pcd.c.obj:(.text.HAL_PCD_IRQHandler)
 8000690  8000690        0     1                 $t
 8000691  8000691      78c     1                 HAL_PCD_IRQHandler
 8000e1c  8000e1c       2a     4         cmake/stm32cubemx/CMakeFiles/STM32_Drivers.dir/__/__/Drivers/STM32F4xx_HAL_Driver/Src/stm32f4xx_hal_pcd.c.obj:(.text.HAL_PCD_SetAddress)
 8000e1c  8000e1c        0     1                 $t
 8000e1d  8000e1d       2a     1                 HAL_PCD_SetAddress
 8000e48  8000e48       74     4         cmake/stm32cubemx/CMakeFiles/STM32_Drivers.dir/__/__/Drivers/STM32F4xx_HAL_Driver/Src/stm32f4xx_hal_pcd.c.obj:(.text.HAL_PCD_EP_Open)
 8000e48  8000e48        0     1                 $t
 8000e49  8000e49       74     1                 HAL_PCD_EP_Open
 8000ebc  8000ebc       52     4         cmake/stm32cubemx/CMakeFiles/STM32_Drivers.dir/__/__/Drivers/STM32F4xx_HAL_Driver/Src/stm32f4xx_hal_pcd.c.obj:(.text.HAL_PCD_EP_Close)
 8000ebc  8000ebc        0     1                 $t
 8000ebd  8000ebd       52     1                 HAL_PCD_EP_Close
 8000f10  8000f10       44     4         cmake/stm32cubemx/CMakeFiles/STM32_Drivers.dir/__/__/Drivers/STM32F4xx_HAL_Driver/Src/stm32f4xx_hal_pcd.c.obj:(.text.HAL_PCD_EP_Receive)
 8000f10  8000f10        0     1                 $t
 8000f11  8000f11       44     1                 HAL_PCD_EP_Receive
 8000f54  8000f54       12     4         cmake/stm32cubemx/CMakeFiles/STM32_Drivers.dir/__/__/Drivers/STM32F4xx_HAL_Driver/Src/stm32f4xx_hal_pcd.c.obj:(.text.HAL_PCD_EP_GetRxCount)
 8000f54  8000f54        0     1                 $t
 8000f55  8000f55       12     1                 HAL_PCD_EP_GetRxCount
 8000f68  8000f68       3c     4         cmake/stm32cubemx/CMakeFiles/STM32_Drivers.dir/__/__/Drivers/STM32F4xx_HAL_Driver/Src/stm32f4xx_hal_pcd.c.obj:(.text.HAL_PCD_EP_Transmit)
 8000f68  8000f68        0     1                 $t
 8000f69  8000f69       3c     1                 HAL_PCD_EP_Transmit
 8000fa4  8000fa4       70     4         cmake/stm32cubemx/CMakeFiles/STM32_Drivers.dir/__/__/Drivers/STM32F4xx_HAL_Driver/Src/stm32f4xx_hal_pcd.c.obj:(.text.HAL_PCD_EP_SetStall)
 8000fa4  8000fa4        0     1                 $t
 8000fa5  8000fa5       70     1                 HAL_PCD_EP_SetStall
 8001014  8001014       60     4         cmake/stm32cubemx/CMakeFiles/STM32_Drivers.dir/__/__/Drivers/STM32F4xx_HAL_Driver/Src/stm32f4xx_hal_pcd.c.obj:(.text.HAL_PCD_EP_ClrStall)
 8001014  8001014        0     1                 $t
 8001015  8001015       60     1                 HAL_PCD_EP_ClrStall
 8001074  8001074       52     4         cmake/stm32cubemx/CMakeFiles/STM32_Drivers.dir/__/__/Drivers/STM32F4xx_HAL_Driver/Src/stm32f4xx_hal_pcd_ex.c.obj:(.text.HAL_PCDEx_SetTxFiFo)
 8001074  8001074        0     1                 $t
 8001075  8001075       52     1                 HAL_PCDEx_SetTxFiFo
 80010c8  80010c8        8     4         cmake/stm32cubemx/CMakeFiles/STM32_Drivers.dir/__/__/Drivers/STM32F4xx_HAL_Driver/Src/stm32f4xx_hal_pcd_ex.c.obj:(.text.HAL_PCDEx_SetRxFiFo)
 80010c8  80010c8        0     1                 $t
 80010c9  80010c9        8     1                 HAL_PCDEx_SetRxFiFo
 80010d0  80010d0        2     4         cmake/stm32cubemx/CMakeFiles/STM32_Drivers.dir/__/__/Drivers/STM32F4xx_HAL_Driver/Src/stm32f4xx_hal_pcd_ex.c.obj:(.text.HAL_PCDEx_LPM_Callback)
 80010d0  80010d0        0     1                 $t
 80010d1  80010d1        2     1                 HAL_PCDEx_LPM_Callback
 80010d4  80010d4      114     4         cmake/stm32cubemx/CMakeFiles/STM32_Drivers.dir/__/__/Drivers/STM32F4xx_HAL_Driver/Src/stm32f4xx_ll_usb.c.obj:(.text.USB_CoreInit)
 80010d4  80010d4        0     1                 $t
 80010d5  80010d5      114     1                 USB_CoreInit
 80011e8  80011e8      110     4         cmake/stm32cubemx/CMakeFiles/STM32_Drivers.dir/__/__/Drivers/STM32F4xx_HAL_Driver/Src/stm32f4xx_ll_usb.c.obj:(.text.USB_SetTurnaroundTime)
 80011e8  80011e8        0     1                 $t
 80011e9  80011e9      110     1                 USB_SetTurnaroundTime
 80012f8  80012f8        e     4         cmake/stm32cubemx/CMakeFiles/STM32_Drivers.dir/__/__/Drivers/STM32F4xx_HAL_Driver/Src/stm32f4xx_ll_usb.c.obj:(.text.USB_EnableGlobalInt)
 80012f8  80012f8        0     1                 $t
 80012f9  80012f9        e     1                 USB_EnableGlobalInt
 8001308  8001308        e     4         cmake/stm32cubemx/CMakeFiles/STM32_Drivers.dir/__/__/Drivers/STM32F4xx_HAL_Driver/Src/stm32f4xx_ll_usb.c.obj:(.text.USB_DisableGlobalInt)
 8001308  8001308        0     1                 $t
 8001309  8001309        e     1                 USB_DisableGlobalInt
 8001318  8001318       68     4         cmake/stm32cubemx/CMakeFiles/STM32_Drivers.dir/__/__/Drivers/STM32F4xx_HAL_Driver/Src/stm32f4xx_ll_usb.c.obj:(.text.USB_SetCurrentMode)
 8001318  8001318        0     1                 $t
 8001319  8001319       68     1                 USB_SetCurrentMode
 8001380  8001380        8     4         cmake/stm32cubemx/CMakeFiles/STM32_Drivers.dir/__/__/Drivers/STM32F4xx_HAL_Driver/Src/stm32f4xx_ll_usb.c.obj:(.text.USB_GetMode)
 8001380  8001380        0     1                 $t
 8001381  8001381        8     1                 USB_GetMode
 8001388  8001388      1f4     4         cmake/stm32cubemx/CMakeFiles/STM32_Drivers.dir/__/__/Drivers/STM32F4xx_HAL_Driver/Src/stm32f4xx_ll_usb.c.obj:(.text.USB_DevInit)
 8001388  8001388        0     1                 $t
 8001389  8001389      1f4     1                 USB_DevInit
 800157c  800157c       48     4         cmake/stm32cubemx/CMakeFiles/STM32_Drivers.dir/__/__/Drivers/STM32F4xx_HAL_Driver/Src/stm32f4xx_ll_usb.c.obj:(.text.USB_FlushTxFifo)
 800157c  800157c        0     1                 $t
 800157d  800157d       48     1                 USB_FlushTxFifo
 80015c4  80015c4       1a     4         cmake/stm32cubemx/CMakeFiles/STM32_Drivers.dir/__/__/Drivers/STM32F4xx_HAL_Driver/Src/stm32f4xx_ll_usb.c.obj:(.text.USB_GetDevSpeed)
 80015c4  80015c4        0     1                 $t
 80015c5  80015c5       1a     1                 USB_GetDevSpeed
 80015e0  80015e0       82     4         cmake/stm32cubemx/CMakeFiles/STM32_Drivers.dir/__/__/Drivers/STM32F4xx_HAL_Driver/Src/stm32f4xx_ll_usb.c.obj:(.text.USB_ActivateEndpoint)
 80015e0  80015e0        0     1                 $t
 80015e1  80015e1       82     1                 USB_ActivateEndpoint
 8001664  8001664       82     4         cmake/stm32cubemx/CMakeFiles/STM32_Drivers.dir/__/__/Drivers/STM32F4xx_HAL_Driver/Src/stm32f4xx_ll_usb.c.obj:(.text.USB_DeactivateEndpoint)
 8001664  8001664        0     1                 $t
 8001665  8001665       82     1                 USB_DeactivateEndpoint
 80016e8  80016e8      1f6     4         cmake/stm32cubemx/CMakeFiles/STM32_Drivers.dir/__/__/Drivers/STM32F4xx_HAL_Driver/Src/stm32f4xx_ll_usb.c.obj:(.text.USB_EPStartXfer)
 80016e8  80016e8        0     1                 $t
 80016e9  80016e9      1f6     1                 USB_EPStartXfer
 80018e0  80018e0       28     4         cmake/stm32cubemx/CMakeFiles/STM32_Drivers.dir/__/__/Drivers/STM32F4xx_HAL_Driver/Src/stm32f4xx_ll_usb.c.obj:(.text.USB_WritePacket)
 80018e0  80018e0        0     1                 $t
 80018e1  80018e1       28     1                 USB_WritePacket
 8001908  8001908       8a     4         cmake/stm32cubemx/CMakeFiles/STM32_Drivers.dir/__/__/Drivers/STM32F4xx_HAL_Driver/Src/stm32f4xx_ll_usb.c.obj:(.text.USB_EPStopXfer)
 8001908  8001908        0     1                 $t
 8001909  8001909       8a     1                 USB_EPStopXfer
 8001994  8001994       46     4         cmake/stm32cubemx/CMakeFiles/STM32_Drivers.dir/__/__/Drivers/STM32F4xx_HAL_Driver/Src/stm32f4xx_ll_usb.c.obj:(.text.USB_ReadPacket)
 8001994  8001994        0     1                 $t
 8001995  8001995       46     1                 USB_ReadPacket
 80019dc  80019dc       3c     4         cmake/stm32cubemx/CMakeFiles/STM32_Drivers.dir/__/__/Drivers/STM32F4xx_HAL_Driver/Src/stm32f4xx_ll_usb.c.obj:(.text.USB_EPSetStall)
 80019dc  80019dc        0     1                 $t
 80019dd  80019dd       3c     1                 USB_EPSetStall
 8001a18  8001a18       50     4         cmake/stm32cubemx/CMakeFiles/STM32_Drivers.dir/__/__/Drivers/STM32F4xx_HAL_Driver/Src/stm32f4xx_ll_usb.c.obj:(.text.USB_EPClearStall)
 8001a18  8001a18        0     1                 $t
 8001a19  8001a19       50     1                 USB_EPClearStall
 8001a68  8001a68       22     4         cmake/stm32cubemx/CMakeFiles/STM32_Drivers.dir/__/__/Drivers/STM32F4xx_HAL_Driver/Src/stm32f4xx_ll_usb.c.obj:(.text.USB_SetDevAddress)
 8001a68  8001a68        0     1                 $t
 8001a69  8001a69       22     1                 USB_SetDevAddress
 8001a8c  8001a8c       1e     4         cmake/stm32cubemx/CMakeFiles/STM32_Drivers.dir/__/__/Drivers/STM32F4xx_HAL_Driver/Src/stm32f4xx_ll_usb.c.obj:(.text.USB_DevConnect)
 8001a8c  8001a8c        0     1                 $t
 8001a8d  8001a8d       1e     1                 USB_DevConnect
 8001aac  8001aac       1e     4         cmake/stm32cubemx/CMakeFiles/STM32_Drivers.dir/__/__/Drivers/STM32F4xx_HAL_Driver/Src/stm32f4xx_ll_usb.c.obj:(.text.USB_DevDisconnect)
 8001aac  8001aac        0     1                 $t
 8001aad  8001aad       1e     1                 USB_DevDisconnect
 8001acc  8001acc        8     4         cmake/stm32cubemx/CMakeFiles/STM32_Drivers.dir/__/__/Drivers/STM32F4xx_HAL_Driver/Src/stm32f4xx_ll_usb.c.obj:(.text.USB_ReadInterrupts)
 8001acc  8001acc        0     1                 $t
 8001acd  8001acd        8     1                 USB_ReadInterrupts
 8001ad4  8001ad4        e     4         cmake/stm32cubemx/CMakeFiles/STM32_Drivers.dir/__/__/Drivers/STM32F4xx_HAL_Driver/Src/stm32f4xx_ll_usb.c.obj:(.text.USB_ReadDevAllOutEpInterrupt)
 8001ad4  8001ad4        0     1                 $t
 8001ad5  8001ad5        e     1                 USB_ReadDevAllOutEpInterrupt
 8001ae4  8001ae4        e     4         cmake/stm32cubemx/CMakeFiles/STM32_Drivers.dir/__/__/Drivers/STM32F4xx_HAL_Driver/Src/stm32f4xx_ll_usb.c.obj:(.text.USB_ReadDevAllInEpInterrupt)
 8001ae4  8001ae4        0     1                 $t
 8001ae5  8001ae5        e     1                 USB_ReadDevAllInEpInterrupt
 8001af4  8001af4       10     4         cmake/stm32cubemx/CMakeFiles/STM32_Drivers.dir/__/__/Drivers/STM32F4xx_HAL_Driver/Src/stm32f4xx_ll_usb.c.obj:(.text.USB_ReadDevOutEPInterrupt)
 8001af4  8001af4        0     1                 $t
 8001af5  8001af5       10     1                 USB_ReadDevOutEPInterrupt
 8001b04  8001b04       24     4         cmake/stm32cubemx/CMakeFiles/STM32_Drivers.dir/__/__/Drivers/STM32F4xx_HAL_Driver/Src/stm32f4xx_ll_usb.c.obj:(.text.USB_ReadDevInEPInterrupt)
 8001b04  8001b04        0     1                 $t
 8001b05  8001b05       24     1                 USB_ReadDevInEPInterrupt
 8001b28  8001b28       20     4         cmake/stm32cubemx/CMakeFiles/STM32_Drivers.dir/__/__/Drivers/STM32F4xx_HAL_Driver/Src/stm32f4xx_ll_usb.c.obj:(.text.USB_ActivateSetup)
 8001b28  8001b28        0     1                 $t
 8001b29  8001b29       20     1                 USB_ActivateSetup
 8001b48  8001b48       5a     4         cmake/stm32cubemx/CMakeFiles/STM32_Drivers.dir/__/__/Drivers/STM32F4xx_HAL_Driver/Src/stm32f4xx_ll_usb.c.obj:(.text.USB_EP0_OutStart)
 8001b48  8001b48        0     1                 $t
 8001b49  8001b49       5a     1                 USB_EP0_OutStart
 8001ba4  8001ba4      378     4         cmake/stm32cubemx/CMakeFiles/STM32_Drivers.dir/__/__/Drivers/STM32F4xx_HAL_Driver/Src/stm32f4xx_hal_rcc.c.obj:(.text.HAL_RCC_OscConfig)
 8001ba4  8001ba4        0     1                 $t
 8001ba5  8001ba5      378     1                 HAL_RCC_OscConfig
 8001f1c  8001f1c      15c     4         cmake/stm32cubemx/CMakeFiles/STM32_Drivers.dir/__/__/Drivers/STM32F4xx_HAL_Driver/Src/stm32f4xx_hal_rcc.c.obj:(.text.HAL_RCC_ClockConfig)
 8001f1c  8001f1c        0     1                 $t
 8001f1d  8001f1d      15c     1                 HAL_RCC_ClockConfig
 8002078  8002078       6c     4         cmake/stm32cubemx/CMakeFiles/STM32_Drivers.dir/__/__/Drivers/STM32F4xx_HAL_Driver/Src/stm32f4xx_hal_rcc.c.obj:(.text.HAL_RCC_GetSysClockFreq)
 8002078  8002078        0     1                 $t
 8002079  8002079       6c     1                 HAL_RCC_GetSysClockFreq
 8002096  8002096        0     1                 $d
 800209a  800209a        0     1                 $t
 80020e4  80020e4        c     4         cmake/stm32cubemx/CMakeFiles/STM32_Drivers.dir/__/__/Drivers/STM32F4xx_HAL_Driver/Src/stm32f4xx_hal_rcc.c.obj:(.text.HAL_RCC_GetHCLKFreq)
 80020e4  80020e4        0     1                 $t
 80020e5  80020e5        c     1                 HAL_RCC_GetHCLKFreq
 80020f0  80020f0       26     4         cmake/stm32cubemx/CMakeFiles/STM32_Drivers.dir/__/__/Drivers/STM32F4xx_HAL_Driver/Src/stm32f4xx_hal_rcc.c.obj:(.text.HAL_RCC_GetPCLK1Freq)
 80020f0  80020f0        0     1                 $t
 80020f1  80020f1       26     1                 HAL_RCC_GetPCLK1Freq
 8002118  8002118       26     4         cmake/stm32cubemx/CMakeFiles/STM32_Drivers.dir/__/__/Drivers/STM32F4xx_HAL_Driver/Src/stm32f4xx_hal_rcc.c.obj:(.text.HAL_RCC_GetPCLK2Freq)
 8002118  8002118        0     1                 $t
 8002119  8002119       26     1                 HAL_RCC_GetPCLK2Freq
 8002140  8002140       3e     4         cmake/stm32cubemx/CMakeFiles/STM32_Drivers.dir/__/__/Drivers/STM32F4xx_HAL_Driver/Src/stm32f4xx_hal_rcc.c.obj:(.text.HAL_RCC_GetClockConfig)
 8002140  8002140        0     1                 $t
 8002141  8002141       3e     1                 HAL_RCC_GetClockConfig
 8002180  8002180      19a     4         cmake/stm32cubemx/CMakeFiles/STM32_Drivers.dir/__/__/Drivers/STM32F4xx_HAL_Driver/Src/stm32f4xx_hal_gpio.c.obj:(.text.HAL_GPIO_Init)
 8002180  8002180        0     1                 $t
 8002181  8002181      19a     1                 HAL_GPIO_Init
 800231c  800231c      146     4         cmake/stm32cubemx/CMakeFiles/STM32_Drivers.dir/__/__/Drivers/STM32F4xx_HAL_Driver/Src/stm32f4xx_hal_dma.c.obj:(.text.HAL_DMA_Init)
 800231c  800231c        0     1                 $t
 800231d  800231d      146     1                 HAL_DMA_Init
 80023e4  80023e4        0     1                 $d
 80023e8  80023e8        0     1                 $t
 8002464  8002464       ae     4         cmake/stm32cubemx/CMakeFiles/STM32_Drivers.dir/__/__/Drivers/STM32F4xx_HAL_Driver/Src/stm32f4xx_hal_dma.c.obj:(.text.HAL_DMA_Start_IT)
 8002464  8002464        0     1                 $t
 8002465  8002465       ae     1                 HAL_DMA_Start_IT
 8002514  8002514       88     4         cmake/stm32cubemx/CMakeFiles/STM32_Drivers.dir/__/__/Drivers/STM32F4xx_HAL_Driver/Src/stm32f4xx_hal_dma.c.obj:(.text.HAL_DMA_Abort)
 8002514  8002514        0     1                 $t
 8002515  8002515       88     1                 HAL_DMA_Abort
 800259c  800259c       24     4         cmake/stm32cubemx/CMakeFiles/STM32_Drivers.dir/__/__/Drivers/STM32F4xx_HAL_Driver/Src/stm32f4xx_hal_dma.c.obj:(.text.HAL_DMA_Abort_IT)
 800259c  800259c        0     1                 $t
 800259d  800259d       24     1                 HAL_DMA_Abort_IT
 80025c0  80025c0      198     4         cmake/stm32cubemx/CMakeFiles/STM32_Drivers.dir/__/__/Drivers/STM32F4xx_HAL_Driver/Src/stm32f4xx_hal_dma.c.obj:(.text.HAL_DMA_IRQHandler)
 80025c0  80025c0        0     1                 $t
 80025c1  80025c1      198     1                 HAL_DMA_IRQHandler
 8002758  8002758       20     4         cmake/stm32cubemx/CMakeFiles/STM32_Drivers.dir/__/__/Drivers/STM32F4xx_HAL_Driver/Src/stm32f4xx_hal_cortex.c.obj:(.text.HAL_NVIC_SetPriorityGrouping)
 8002758  8002758        0     1                 $t
 8002759  8002759       20     1                 HAL_NVIC_SetPriorityGrouping
 8002778  8002778       58     4         cmake/stm32cubemx/CMakeFiles/STM32_Drivers.dir/__/__/Drivers/STM32F4xx_HAL_Driver/Src/stm32f4xx_hal_cortex.c.obj:(.text.HAL_NVIC_SetPriority)
 8002778  8002778        0     1                 $t
 8002779  8002779       58     1                 HAL_NVIC_SetPriority
 80027d0  80027d0       22     4         cmake/stm32cubemx/CMakeFiles/STM32_Drivers.dir/__/__/Drivers/STM32F4xx_HAL_Driver/Src/stm32f4xx_hal_cortex.c.obj:(.text.HAL_NVIC_EnableIRQ)
 80027d0  80027d0        0     1                 $t
 80027d1  80027d1       22     1                 HAL_NVIC_EnableIRQ
 80027f4  80027f4       38     4         cmake/stm32cubemx/CMakeFiles/STM32_Drivers.dir/__/__/Drivers/STM32F4xx_HAL_Driver/Src/stm32f4xx_hal.c.obj:(.text.HAL_Init)
 80027f4  80027f4        0     1                 $t
 80027f5  80027f5       38     1                 HAL_Init
 800282c  800282c       1a     4         cmake/stm32cubemx/CMakeFiles/STM32_Drivers.dir/__/__/Drivers/STM32F4xx_HAL_Driver/Src/stm32f4xx_hal.c.obj:(.text.HAL_IncTick)
 800282c  800282c        0     1                 $t
 800282d  800282d       1a     1                 HAL_IncTick
 8002848  8002848        c     4         cmake/stm32cubemx/CMakeFiles/STM32_Drivers.dir/__/__/Drivers/STM32F4xx_HAL_Driver/Src/stm32f4xx_hal.c.obj:(.text.HAL_GetTick)
 8002848  8002848        0     1                 $t
 8002849  8002849        c     1                 HAL_GetTick
 8002854  8002854       28     4         cmake/stm32cubemx/CMakeFiles/STM32_Drivers.dir/__/__/Drivers/STM32F4xx_HAL_Driver/Src/stm32f4xx_hal.c.obj:(.text.HAL_Delay)
 8002854  8002854        0     1                 $t
 8002855  8002855       28     1                 HAL_Delay
 800287c  800287c       f8     4         cmake/stm32cubemx/CMakeFiles/STM32_Drivers.dir/__/__/Drivers/STM32F4xx_HAL_Driver/Src/stm32f4xx_hal_can.c.obj:(.text.HAL_CAN_Init)
 800287c  800287c        0     1                 $t
 800287d  800287d       f8     1                 HAL_CAN_Init
 8002974  8002974      11e     4         cmake/stm32cubemx/CMakeFiles/STM32_Drivers.dir/__/__/Drivers/STM32F4xx_HAL_Driver/Src/stm32f4xx_hal_can.c.obj:(.text.HAL_CAN_GetRxMessage)
 8002974  8002974        0     1                 $t
 8002975  8002975      11e     1                 HAL_CAN_GetRxMessage
 8002a94  8002a94      270     4         cmake/stm32cubemx/CMakeFiles/STM32_Drivers.dir/__/__/Drivers/STM32F4xx_HAL_Driver/Src/stm32f4xx_hal_can.c.obj:(.text.HAL_CAN_IRQHandler)
 8002a94  8002a94        0     1                 $t
 8002a95  8002a95      270     1                 HAL_CAN_IRQHandler
 8002bfc  8002bfc        0     1                 $d
 8002c02  8002c02        0     1                 $t
 8002d04  8002d04        2     4         cmake/stm32cubemx/CMakeFiles/STM32_Drivers.dir/__/__/Drivers/STM32F4xx_HAL_Driver/Src/stm32f4xx_hal_can.c.obj:(.text.HAL_CAN_TxMailbox0CompleteCallback)
 8002d04  8002d04        0     1                 $t
 8002d05  8002d05        2     1                 HAL_CAN_TxMailbox0CompleteCallback
 8002d08  8002d08        2     4         cmake/stm32cubemx/CMakeFiles/STM32_Drivers.dir/__/__/Drivers/STM32F4xx_HAL_Driver/Src/stm32f4xx_hal_can.c.obj:(.text.HAL_CAN_TxMailbox0AbortCallback)
 8002d08  8002d08        0     1                 $t
 8002d09  8002d09        2     1                 HAL_CAN_TxMailbox0AbortCallback
 8002d0c  8002d0c        2     4         cmake/stm32cubemx/CMakeFiles/STM32_Drivers.dir/__/__/Drivers/STM32F4xx_HAL_Driver/Src/stm32f4xx_hal_can.c.obj:(.text.HAL_CAN_TxMailbox1CompleteCallback)
 8002d0c  8002d0c        0     1                 $t
 8002d0d  8002d0d        2     1                 HAL_CAN_TxMailbox1CompleteCallback
 8002d10  8002d10        2     4         cmake/stm32cubemx/CMakeFiles/STM32_Drivers.dir/__/__/Drivers/STM32F4xx_HAL_Driver/Src/stm32f4xx_hal_can.c.obj:(.text.HAL_CAN_TxMailbox1AbortCallback)
 8002d10  8002d10        0     1                 $t
 8002d11  8002d11        2     1                 HAL_CAN_TxMailbox1AbortCallback
 8002d14  8002d14        2     4         cmake/stm32cubemx/CMakeFiles/STM32_Drivers.dir/__/__/Drivers/STM32F4xx_HAL_Driver/Src/stm32f4xx_hal_can.c.obj:(.text.HAL_CAN_TxMailbox2CompleteCallback)
 8002d14  8002d14        0     1                 $t
 8002d15  8002d15        2     1                 HAL_CAN_TxMailbox2CompleteCallback
 8002d18  8002d18        2     4         cmake/stm32cubemx/CMakeFiles/STM32_Drivers.dir/__/__/Drivers/STM32F4xx_HAL_Driver/Src/stm32f4xx_hal_can.c.obj:(.text.HAL_CAN_TxMailbox2AbortCallback)
 8002d18  8002d18        0     1                 $t
 8002d19  8002d19        2     1                 HAL_CAN_TxMailbox2AbortCallback
 8002d1c  8002d1c        2     4         cmake/stm32cubemx/CMakeFiles/STM32_Drivers.dir/__/__/Drivers/STM32F4xx_HAL_Driver/Src/stm32f4xx_hal_can.c.obj:(.text.HAL_CAN_RxFifo0FullCallback)
 8002d1c  8002d1c        0     1                 $t
 8002d1d  8002d1d        2     1                 HAL_CAN_RxFifo0FullCallback
 8002d20  8002d20        2     4         cmake/stm32cubemx/CMakeFiles/STM32_Drivers.dir/__/__/Drivers/STM32F4xx_HAL_Driver/Src/stm32f4xx_hal_can.c.obj:(.text.HAL_CAN_RxFifo1FullCallback)
 8002d20  8002d20        0     1                 $t
 8002d21  8002d21        2     1                 HAL_CAN_RxFifo1FullCallback
 8002d24  8002d24        2     4         cmake/stm32cubemx/CMakeFiles/STM32_Drivers.dir/__/__/Drivers/STM32F4xx_HAL_Driver/Src/stm32f4xx_hal_can.c.obj:(.text.HAL_CAN_SleepCallback)
 8002d24  8002d24        0     1                 $t
 8002d25  8002d25        2     1                 HAL_CAN_SleepCallback
 8002d28  8002d28        2     4         cmake/stm32cubemx/CMakeFiles/STM32_Drivers.dir/__/__/Drivers/STM32F4xx_HAL_Driver/Src/stm32f4xx_hal_can.c.obj:(.text.HAL_CAN_WakeUpFromRxMsgCallback)
 8002d28  8002d28        0     1                 $t
 8002d29  8002d29        2     1                 HAL_CAN_WakeUpFromRxMsgCallback
 8002d2c  8002d2c        2     4         cmake/stm32cubemx/CMakeFiles/STM32_Drivers.dir/__/__/Drivers/STM32F4xx_HAL_Driver/Src/stm32f4xx_hal_can.c.obj:(.text.HAL_CAN_ErrorCallback)
 8002d2c  8002d2c        0     1                 $t
 8002d2d  8002d2d        2     1                 HAL_CAN_ErrorCallback
 8002d30  8002d30       62     4         cmake/stm32cubemx/CMakeFiles/STM32_Drivers.dir/__/__/Drivers/STM32F4xx_HAL_Driver/Src/stm32f4xx_hal_uart.c.obj:(.text.HAL_UART_Init)
 8002d30  8002d30        0     1                 $t
 8002d31  8002d31       62     1                 HAL_UART_Init
 8002d94  8002d94       e0     4         cmake/stm32cubemx/CMakeFiles/STM32_Drivers.dir/__/__/Drivers/STM32F4xx_HAL_Driver/Src/stm32f4xx_hal_uart.c.obj:(.text.UART_SetConfig)
 8002d94  8002d94        0     1                 $t
 8002d95  8002d95       e0     1                 UART_SetConfig
 8002e74  8002e74       9a     4         cmake/stm32cubemx/CMakeFiles/STM32_Drivers.dir/__/__/Drivers/STM32F4xx_HAL_Driver/Src/stm32f4xx_hal_uart.c.obj:(.text.HAL_UART_Transmit_DMA)
 8002e74  8002e74        0     1                 $t
 8002e75  8002e75       9a     1                 HAL_UART_Transmit_DMA
 8002f10  8002f10       46     4         cmake/stm32cubemx/CMakeFiles/STM32_Drivers.dir/__/__/Drivers/STM32F4xx_HAL_Driver/Src/stm32f4xx_hal_uart.c.obj:(.text.UART_DMATransmitCplt)
 8002f10  8002f10        0     1                 $t
 8002f11  8002f11       46     1                 UART_DMATransmitCplt
 8002f58  8002f58        6     4         cmake/stm32cubemx/CMakeFiles/STM32_Drivers.dir/__/__/Drivers/STM32F4xx_HAL_Driver/Src/stm32f4xx_hal_uart.c.obj:(.text.UART_DMATxHalfCplt)
 8002f58  8002f58        0     1                 $t
 8002f59  8002f59        6     1                 UART_DMATxHalfCplt
 8002f60  8002f60       b2     4         cmake/stm32cubemx/CMakeFiles/STM32_Drivers.dir/__/__/Drivers/STM32F4xx_HAL_Driver/Src/stm32f4xx_hal_uart.c.obj:(.text.UART_DMAError)
 8002f60  8002f60        0     1                 $t
 8002f61  8002f61       b2     1                 UART_DMAError
 8003014  8003014       c2     4         cmake/stm32cubemx/CMakeFiles/STM32_Drivers.dir/__/__/Drivers/STM32F4xx_HAL_Driver/Src/stm32f4xx_hal_uart.c.obj:(.text.UART_Start_Receive_DMA)
 8003014  8003014        0     1                 $t
 8003015  8003015       c2     1                 UART_Start_Receive_DMA
 80030d8  80030d8       6c     4         cmake/stm32cubemx/CMakeFiles/STM32_Drivers.dir/__/__/Drivers/STM32F4xx_HAL_Driver/Src/stm32f4xx_hal_uart.c.obj:(.text.HAL_UARTEx_ReceiveToIdle_DMA)
 80030d8  80030d8        0     1                 $t
 80030d9  80030d9       6c     1                 HAL_UARTEx_ReceiveToIdle_DMA
 8003144  8003144      346     4         cmake/stm32cubemx/CMakeFiles/STM32_Drivers.dir/__/__/Drivers/STM32F4xx_HAL_Driver/Src/stm32f4xx_hal_uart.c.obj:(.text.HAL_UART_IRQHandler)
 8003144  8003144        0     1                 $t
 8003145  8003145      346     1                 HAL_UART_IRQHandler
 800348c  800348c       c4     4         cmake/stm32cubemx/CMakeFiles/STM32_Drivers.dir/__/__/Drivers/STM32F4xx_HAL_Driver/Src/stm32f4xx_hal_uart.c.obj:(.text.UART_Receive_IT)
 800348c  800348c        0     1                 $t
 800348d  800348d       c4     1                 UART_Receive_IT
 8003550  8003550        a     4         cmake/stm32cubemx/CMakeFiles/STM32_Drivers.dir/__/__/Drivers/STM32F4xx_HAL_Driver/Src/stm32f4xx_hal_uart.c.obj:(.text.UART_DMAAbortOnError)
 8003550  8003550        0     1                 $t
 8003551  8003551        a     1                 UART_DMAAbortOnError
 800355c  800355c        2     4         cmake/stm32cubemx/CMakeFiles/STM32_Drivers.dir/__/__/Drivers/STM32F4xx_HAL_Driver/Src/stm32f4xx_hal_uart.c.obj:(.text.HAL_UART_ErrorCallback)
 800355c  800355c        0     1                 $t
 800355d  800355d        2     1                 HAL_UART_ErrorCallback
 8003560  8003560        2     4         cmake/stm32cubemx/CMakeFiles/STM32_Drivers.dir/__/__/Drivers/STM32F4xx_HAL_Driver/Src/stm32f4xx_hal_uart.c.obj:(.text.HAL_UART_TxHalfCpltCallback)
 8003560  8003560        0     1                 $t
 8003561  8003561        2     1                 HAL_UART_TxHalfCpltCallback
 8003564  8003564        2     4         cmake/stm32cubemx/CMakeFiles/STM32_Drivers.dir/__/__/Drivers/STM32F4xx_HAL_Driver/Src/stm32f4xx_hal_uart.c.obj:(.text.HAL_UART_RxCpltCallback)
 8003564  8003564        0     1                 $t
 8003565  8003565        2     1                 HAL_UART_RxCpltCallback
 8003568  8003568        2     4         cmake/stm32cubemx/CMakeFiles/STM32_Drivers.dir/__/__/Drivers/STM32F4xx_HAL_Driver/Src/stm32f4xx_hal_uart.c.obj:(.text.HAL_UART_RxHalfCpltCallback)
 8003568  8003568        0     1                 $t
 8003569  8003569        2     1                 HAL_UART_RxHalfCpltCallback
 800356c  800356c       90     4         cmake/stm32cubemx/CMakeFiles/STM32_Drivers.dir/__/__/Drivers/STM32F4xx_HAL_Driver/Src/stm32f4xx_hal_uart.c.obj:(.text.UART_DMAReceiveCplt)
 800356c  800356c        0     1                 $t
 800356d  800356d       90     1                 UART_DMAReceiveCplt
 80035fc  80035fc       18     4         cmake/stm32cubemx/CMakeFiles/STM32_Drivers.dir/__/__/Drivers/STM32F4xx_HAL_Driver/Src/stm32f4xx_hal_uart.c.obj:(.text.UART_DMARxHalfCplt)
 80035fc  80035fc        0     1                 $t
 80035fd  80035fd       18     1                 UART_DMARxHalfCplt
 8003614  8003614       2a     4         cmake/stm32cubemx/CMakeFiles/USB_Device_Library.dir/__/__/Middlewares/ST/STM32_USB_Device_Library/Core/Src/usbd_core.c.obj:(.text.USBD_Init)
 8003614  8003614        0     1                 $t
 8003615  8003615       2a     1                 USBD_Init
 8003640  8003640       44     4         cmake/stm32cubemx/CMakeFiles/USB_Device_Library.dir/__/__/Middlewares/ST/STM32_USB_Device_Library/Core/Src/usbd_core.c.obj:(.text.USBD_RegisterClass)
 8003640  8003640        0     1                 $t
 8003641  8003641       44     1                 USBD_RegisterClass
 8003684  8003684        4     4         cmake/stm32cubemx/CMakeFiles/USB_Device_Library.dir/__/__/Middlewares/ST/STM32_USB_Device_Library/Core/Src/usbd_core.c.obj:(.text.USBD_Start)
 8003684  8003684        0     1                 $t
 8003685  8003685        4     1                 USBD_Start
 8003688  8003688       10     4         cmake/stm32cubemx/CMakeFiles/USB_Device_Library.dir/__/__/Middlewares/ST/STM32_USB_Device_Library/Core/Src/usbd_core.c.obj:(.text.USBD_SetClassConfig)
 8003688  8003688        0     1                 $t
 8003689  8003689       10     1                 USBD_SetClassConfig
 8003698  8003698       14     4         cmake/stm32cubemx/CMakeFiles/USB_Device_Library.dir/__/__/Middlewares/ST/STM32_USB_Device_Library/Core/Src/usbd_core.c.obj:(.text.USBD_ClrClassConfig)
 8003698  8003698        0     1                 $t
 8003699  8003699       14     1                 USBD_ClrClassConfig
 80036ac  80036ac       62     4         cmake/stm32cubemx/CMakeFiles/USB_Device_Library.dir/__/__/Middlewares/ST/STM32_USB_Device_Library/Core/Src/usbd_core.c.obj:(.text.USBD_LL_SetupStage)
 80036ac  80036ac        0     1                 $t
 80036ad  80036ad       62     1                 USBD_LL_SetupStage
 8003710  8003710       80     4         cmake/stm32cubemx/CMakeFiles/USB_Device_Library.dir/__/__/Middlewares/ST/STM32_USB_Device_Library/Core/Src/usbd_core.c.obj:(.text.USBD_LL_DataOutStage)
 8003710  8003710        0     1                 $t
 8003711  8003711       80     1                 USBD_LL_DataOutStage
 8003790  8003790        4     4         cmake/stm32cubemx/CMakeFiles/USB_Device_Library.dir/__/__/Middlewares/ST/STM32_USB_Device_Library/Core/Src/usbd_core.c.obj:(.text.USBD_CoreFindIF)
 8003790  8003790        0     1                 $t
 8003791  8003791        4     1                 USBD_CoreFindIF
 8003794  8003794        4     4         cmake/stm32cubemx/CMakeFiles/USB_Device_Library.dir/__/__/Middlewares/ST/STM32_USB_Device_Library/Core/Src/usbd_core.c.obj:(.text.USBD_CoreFindEP)
 8003794  8003794        0     1                 $t
 8003795  8003795        4     1                 USBD_CoreFindEP
 8003798  8003798       b6     4         cmake/stm32cubemx/CMakeFiles/USB_Device_Library.dir/__/__/Middlewares/ST/STM32_USB_Device_Library/Core/Src/usbd_core.c.obj:(.text.USBD_LL_DataInStage)
 8003798  8003798        0     1                 $t
 8003799  8003799       b6     1                 USBD_LL_DataInStage
 8003850  8003850       6a     4         cmake/stm32cubemx/CMakeFiles/USB_Device_Library.dir/__/__/Middlewares/ST/STM32_USB_Device_Library/Core/Src/usbd_core.c.obj:(.text.USBD_LL_Reset)
 8003850  8003850        0     1                 $t
 8003851  8003851       6a     1                 USBD_LL_Reset
 80038bc  80038bc        8     4         cmake/stm32cubemx/CMakeFiles/USB_Device_Library.dir/__/__/Middlewares/ST/STM32_USB_Device_Library/Core/Src/usbd_core.c.obj:(.text.USBD_LL_SetSpeed)
 80038bc  80038bc        0     1                 $t
 80038bd  80038bd        8     1                 USBD_LL_SetSpeed
 80038c4  80038c4       1c     4         cmake/stm32cubemx/CMakeFiles/USB_Device_Library.dir/__/__/Middlewares/ST/STM32_USB_Device_Library/Core/Src/usbd_core.c.obj:(.text.USBD_LL_Suspend)
 80038c4  80038c4        0     1                 $t
 80038c5  80038c5       1c     1                 USBD_LL_Suspend
 80038e0  80038e0       14     4         cmake/stm32cubemx/CMakeFiles/USB_Device_Library.dir/__/__/Middlewares/ST/STM32_USB_Device_Library/Core/Src/usbd_core.c.obj:(.text.USBD_LL_Resume)
 80038e0  80038e0        0     1                 $t
 80038e1  80038e1       14     1                 USBD_LL_Resume
 80038f4  80038f4       20     4         cmake/stm32cubemx/CMakeFiles/USB_Device_Library.dir/__/__/Middlewares/ST/STM32_USB_Device_Library/Core/Src/usbd_core.c.obj:(.text.USBD_LL_SOF)
 80038f4  80038f4        0     1                 $t
 80038f5  80038f5       20     1                 USBD_LL_SOF
 8003914  8003914       2e     4         cmake/stm32cubemx/CMakeFiles/USB_Device_Library.dir/__/__/Middlewares/ST/STM32_USB_Device_Library/Core/Src/usbd_core.c.obj:(.text.USBD_LL_IsoINIncomplete)
 8003914  8003914        0     1                 $t
 8003915  8003915       2e     1                 USBD_LL_IsoINIncomplete
 8003944  8003944       2e     4         cmake/stm32cubemx/CMakeFiles/USB_Device_Library.dir/__/__/Middlewares/ST/STM32_USB_Device_Library/Core/Src/usbd_core.c.obj:(.text.USBD_LL_IsoOUTIncomplete)
 8003944  8003944        0     1                 $t
 8003945  8003945       2e     1                 USBD_LL_IsoOUTIncomplete
 8003974  8003974        4     4         cmake/stm32cubemx/CMakeFiles/USB_Device_Library.dir/__/__/Middlewares/ST/STM32_USB_Device_Library/Core/Src/usbd_core.c.obj:(.text.USBD_LL_DevConnected)
 8003974  8003974        0     1                 $t
 8003975  8003975        4     1                 USBD_LL_DevConnected
 8003978  8003978       24     4         cmake/stm32cubemx/CMakeFiles/USB_Device_Library.dir/__/__/Middlewares/ST/STM32_USB_Device_Library/Core/Src/usbd_core.c.obj:(.text.USBD_LL_DevDisconnected)
 8003978  8003978        0     1                 $t
 8003979  8003979       24     1                 USBD_LL_DevDisconnected
 800399c  800399c       36     4         cmake/stm32cubemx/CMakeFiles/USB_Device_Library.dir/__/__/Middlewares/ST/STM32_USB_Device_Library/Core/Src/usbd_core.c.obj:(.text.USBD_GetEpDesc)
 800399c  800399c        0     1                 $t
 800399d  800399d       36     1                 USBD_GetEpDesc
 80039d4  80039d4      354     4         cmake/stm32cubemx/CMakeFiles/USB_Device_Library.dir/__/__/Middlewares/ST/STM32_USB_Device_Library/Core/Src/usbd_ctlreq.c.obj:(.text.USBD_StdDevReq)
 80039d4  80039d4        0     1                 $t
 80039d5  80039d5      354     1                 USBD_StdDevReq
 8003a0c  8003a0c        0     1                 $d
 8003a16  8003a16        0     1                 $t
 8003b12  8003b12        0     1                 $d
 8003b1a  8003b1a        0     1                 $t
 8003b9c  8003b9c        0     1                 $d
 8003ba2  8003ba2        0     1                 $t
 8003d28  8003d28       18     4         cmake/stm32cubemx/CMakeFiles/USB_Device_Library.dir/__/__/Middlewares/ST/STM32_USB_Device_Library/Core/Src/usbd_ctlreq.c.obj:(.text.USBD_CtlError)
 8003d28  8003d28        0     1                 $t
 8003d29  8003d29       18     1                 USBD_CtlError
 8003d40  8003d40       80     4         cmake/stm32cubemx/CMakeFiles/USB_Device_Library.dir/__/__/Middlewares/ST/STM32_USB_Device_Library/Core/Src/usbd_ctlreq.c.obj:(.text.USBD_StdItfReq)
 8003d40  8003d40        0     1                 $t
 8003d41  8003d41       80     1                 USBD_StdItfReq
 8003dc0  8003dc0      14e     4         cmake/stm32cubemx/CMakeFiles/USB_Device_Library.dir/__/__/Middlewares/ST/STM32_USB_Device_Library/Core/Src/usbd_ctlreq.c.obj:(.text.USBD_StdEPReq)
 8003dc0  8003dc0        0     1                 $t
 8003dc1  8003dc1      14e     1                 USBD_StdEPReq
 8003f10  8003f10       16     4         cmake/stm32cubemx/CMakeFiles/USB_Device_Library.dir/__/__/Middlewares/ST/STM32_USB_Device_Library/Core/Src/usbd_ctlreq.c.obj:(.text.USBD_ParseSetupRequest)
 8003f10  8003f10        0     1                 $t
 8003f11  8003f11       16     1                 USBD_ParseSetupRequest
 8003f28  8003f28       6e     4         cmake/stm32cubemx/CMakeFiles/USB_Device_Library.dir/__/__/Middlewares/ST/STM32_USB_Device_Library/Core/Src/usbd_ctlreq.c.obj:(.text.USBD_GetString)
 8003f28  8003f28        0     1                 $t
 8003f29  8003f29       6e     1                 USBD_GetString
 8003f98  8003f98       1e     4         cmake/stm32cubemx/CMakeFiles/USB_Device_Library.dir/__/__/Middlewares/ST/STM32_USB_Device_Library/Core/Src/usbd_ioreq.c.obj:(.text.USBD_CtlSendData)
 8003f98  8003f98        0     1                 $t
 8003f99  8003f99       1e     1                 USBD_CtlSendData
 8003fb8  8003fb8       12     4         cmake/stm32cubemx/CMakeFiles/USB_Device_Library.dir/__/__/Middlewares/ST/STM32_USB_Device_Library/Core/Src/usbd_ioreq.c.obj:(.text.USBD_CtlContinueSendData)
 8003fb8  8003fb8        0     1                 $t
 8003fb9  8003fb9       12     1                 USBD_CtlContinueSendData
 8003fcc  8003fcc       20     4         cmake/stm32cubemx/CMakeFiles/USB_Device_Library.dir/__/__/Middlewares/ST/STM32_USB_Device_Library/Core/Src/usbd_ioreq.c.obj:(.text.USBD_CtlPrepareRx)
 8003fcc  8003fcc        0     1                 $t
 8003fcd  8003fcd       20     1                 USBD_CtlPrepareRx
 8003fec  8003fec       12     4         cmake/stm32cubemx/CMakeFiles/USB_Device_Library.dir/__/__/Middlewares/ST/STM32_USB_Device_Library/Core/Src/usbd_ioreq.c.obj:(.text.USBD_CtlContinueRx)
 8003fec  8003fec        0     1                 $t
 8003fed  8003fed       12     1                 USBD_CtlContinueRx
 8004000  8004000       18     4         cmake/stm32cubemx/CMakeFiles/USB_Device_Library.dir/__/__/Middlewares/ST/STM32_USB_Device_Library/Core/Src/usbd_ioreq.c.obj:(.text.USBD_CtlSendStatus)
 8004000  8004000        0     1                 $t
 8004001  8004001       18     1                 USBD_CtlSendStatus
 8004018  8004018       18     4         cmake/stm32cubemx/CMakeFiles/USB_Device_Library.dir/__/__/Middlewares/ST/STM32_USB_Device_Library/Core/Src/usbd_ioreq.c.obj:(.text.USBD_CtlReceiveStatus)
 8004018  8004018        0     1                 $t
 8004019  8004019       18     1                 USBD_CtlReceiveStatus
 8004030  8004030       d0     4         cmake/stm32cubemx/CMakeFiles/USB_Device_Library.dir/__/__/Middlewares/ST/STM32_USB_Device_Library/Class/CDC/Src/usbd_cdc.c.obj:(.text.USBD_CDC_Init)
 8004030  8004030        0     1                 $t
 8004031  8004031       d0     1                 USBD_CDC_Init
 8004100  8004100       6a     4         cmake/stm32cubemx/CMakeFiles/USB_Device_Library.dir/__/__/Middlewares/ST/STM32_USB_Device_Library/Class/CDC/Src/usbd_cdc.c.obj:(.text.USBD_CDC_DeInit)
 8004100  8004100        0     1                 $t
 8004101  8004101       6a     1                 USBD_CDC_DeInit
 800416c  800416c       e2     4         cmake/stm32cubemx/CMakeFiles/USB_Device_Library.dir/__/__/Middlewares/ST/STM32_USB_Device_Library/Class/CDC/Src/usbd_cdc.c.obj:(.text.USBD_CDC_Setup)
 800416c  800416c        0     1                 $t
 800416d  800416d       e2     1                 USBD_CDC_Setup
 80041ce  80041ce        0     1                 $d
 80041da  80041da        0     1                 $t
 8004250  8004250       38     4         cmake/stm32cubemx/CMakeFiles/USB_Device_Library.dir/__/__/Middlewares/ST/STM32_USB_Device_Library/Class/CDC/Src/usbd_cdc.c.obj:(.text.USBD_CDC_EP0_RxReady)
 8004250  8004250        0     1                 $t
 8004251  8004251       38     1                 USBD_CDC_EP0_RxReady
 8004288  8004288       78     4         cmake/stm32cubemx/CMakeFiles/USB_Device_Library.dir/__/__/Middlewares/ST/STM32_USB_Device_Library/Class/CDC/Src/usbd_cdc.c.obj:(.text.USBD_CDC_DataIn)
 8004288  8004288        0     1                 $t
 8004289  8004289       78     1                 USBD_CDC_DataIn
 8004300  8004300       3c     4         cmake/stm32cubemx/CMakeFiles/USB_Device_Library.dir/__/__/Middlewares/ST/STM32_USB_Device_Library/Class/CDC/Src/usbd_cdc.c.obj:(.text.USBD_CDC_DataOut)
 8004300  8004300        0     1                 $t
 8004301  8004301       3c     1                 USBD_CDC_DataOut
 800433c  800433c       5e     4         cmake/stm32cubemx/CMakeFiles/USB_Device_Library.dir/__/__/Middlewares/ST/STM32_USB_Device_Library/Class/CDC/Src/usbd_cdc.c.obj:(.text.USBD_CDC_GetHSCfgDesc)
 800433c  800433c        0     1                 $t
 800433d  800433d       5e     1                 USBD_CDC_GetHSCfgDesc
 800439c  800439c       5a     4         cmake/stm32cubemx/CMakeFiles/USB_Device_Library.dir/__/__/Middlewares/ST/STM32_USB_Device_Library/Class/CDC/Src/usbd_cdc.c.obj:(.text.USBD_CDC_GetFSCfgDesc)
 800439c  800439c        0     1                 $t
 800439d  800439d       5a     1                 USBD_CDC_GetFSCfgDesc
 80043f8  80043f8       5a     4         cmake/stm32cubemx/CMakeFiles/USB_Device_Library.dir/__/__/Middlewares/ST/STM32_USB_Device_Library/Class/CDC/Src/usbd_cdc.c.obj:(.text.USBD_CDC_GetOtherSpeedCfgDesc)
 80043f8  80043f8        0     1                 $t
 80043f9  80043f9       5a     1                 USBD_CDC_GetOtherSpeedCfgDesc
 8004454  8004454       10     4         cmake/stm32cubemx/CMakeFiles/USB_Device_Library.dir/__/__/Middlewares/ST/STM32_USB_Device_Library/Class/CDC/Src/usbd_cdc.c.obj:(.text.USBD_CDC_GetDeviceQualifierDescriptor)
 8004454  8004454        0     1                 $t
 8004455  8004455       10     1                 USBD_CDC_GetDeviceQualifierDescriptor
 8004464  8004464       18     4         cmake/stm32cubemx/CMakeFiles/USB_Device_Library.dir/__/__/Middlewares/ST/STM32_USB_Device_Library/Class/CDC/Src/usbd_cdc.c.obj:(.text.USBD_CDC_RegisterInterface)
 8004464  8004464        0     1                 $t
 8004465  8004465       18     1                 USBD_CDC_RegisterInterface
 800447c  800447c       1e     4         cmake/stm32cubemx/CMakeFiles/USB_Device_Library.dir/__/__/Middlewares/ST/STM32_USB_Device_Library/Class/CDC/Src/usbd_cdc.c.obj:(.text.USBD_CDC_SetTxBuffer)
 800447c  800447c        0     1                 $t
 800447d  800447d       1e     1                 USBD_CDC_SetTxBuffer
 800449c  800449c       1a     4         cmake/stm32cubemx/CMakeFiles/USB_Device_Library.dir/__/__/Middlewares/ST/STM32_USB_Device_Library/Class/CDC/Src/usbd_cdc.c.obj:(.text.USBD_CDC_SetRxBuffer)
 800449c  800449c        0     1                 $t
 800449d  800449d       1a     1                 USBD_CDC_SetRxBuffer
 80044b8  80044b8       36     4         cmake/stm32cubemx/CMakeFiles/USB_Device_Library.dir/__/__/Middlewares/ST/STM32_USB_Device_Library/Class/CDC/Src/usbd_cdc.c.obj:(.text.USBD_CDC_ReceivePacket)
 80044b8  80044b8        0     1                 $t
 80044b9  80044b9       36     1                 USBD_CDC_ReceivePacket
 80044f0  80044f0       16     4         cmake/stm32cubemx/CMakeFiles/FreeRTOS.dir/__/__/Middlewares/Third_Party/FreeRTOS/Source/list.c.obj:(.text.vListInitialise)
 80044f0  80044f0        0     1                 $t
 80044f1  80044f1       16     1                 vListInitialise
 8004508  8004508        6     4         cmake/stm32cubemx/CMakeFiles/FreeRTOS.dir/__/__/Middlewares/Third_Party/FreeRTOS/Source/list.c.obj:(.text.vListInitialiseItem)
 8004508  8004508        0     1                 $t
 8004509  8004509        6     1                 vListInitialiseItem
 8004510  8004510       1c     4         cmake/stm32cubemx/CMakeFiles/FreeRTOS.dir/__/__/Middlewares/Third_Party/FreeRTOS/Source/list.c.obj:(.text.vListInsertEnd)
 8004510  8004510        0     1                 $t
 8004511  8004511       1c     1                 vListInsertEnd
 800452c  800452c       3e     4         cmake/stm32cubemx/CMakeFiles/FreeRTOS.dir/__/__/Middlewares/Third_Party/FreeRTOS/Source/list.c.obj:(.text.vListInsert)
 800452c  800452c        0     1                 $t
 800452d  800452d       3e     1                 vListInsert
 800456c  800456c       24     4         cmake/stm32cubemx/CMakeFiles/FreeRTOS.dir/__/__/Middlewares/Third_Party/FreeRTOS/Source/list.c.obj:(.text.uxListRemove)
 800456c  800456c        0     1                 $t
 800456d  800456d       24     1                 uxListRemove
 8004590  8004590       e6     4         cmake/stm32cubemx/CMakeFiles/FreeRTOS.dir/__/__/Middlewares/Third_Party/FreeRTOS/Source/queue.c.obj:(.text.xQueueGenericCreateStatic)
 8004590  8004590        0     1                 $t
 8004591  8004591       e6     1                 xQueueGenericCreateStatic
 8004678  8004678      216     4         cmake/stm32cubemx/CMakeFiles/FreeRTOS.dir/__/__/Middlewares/Third_Party/FreeRTOS/Source/queue.c.obj:(.text.xQueueGenericSend)
 8004678  8004678        0     1                 $t
 8004679  8004679      216     1                 xQueueGenericSend
 8004890  8004890       7e     4         cmake/stm32cubemx/CMakeFiles/FreeRTOS.dir/__/__/Middlewares/Third_Party/FreeRTOS/Source/queue.c.obj:(.text.prvUnlockQueue)
 8004890  8004890        0     1                 $t
 8004891  8004891       7e     1                 prvUnlockQueue
 8004910  8004910      1aa     4         cmake/stm32cubemx/CMakeFiles/FreeRTOS.dir/__/__/Middlewares/Third_Party/FreeRTOS/Source/queue.c.obj:(.text.xQueueReceive)
 8004910  8004910        0     1                 $t
 8004911  8004911      1aa     1                 xQueueReceive
 8004abc  8004abc       28     4         cmake/stm32cubemx/CMakeFiles/FreeRTOS.dir/__/__/Middlewares/Third_Party/FreeRTOS/Source/queue.c.obj:(.text.vQueueAddToRegistry)
 8004abc  8004abc        0     1                 $t
 8004abd  8004abd       28     1                 vQueueAddToRegistry
 8004ae4  8004ae4       50     4         cmake/stm32cubemx/CMakeFiles/FreeRTOS.dir/__/__/Middlewares/Third_Party/FreeRTOS/Source/queue.c.obj:(.text.vQueueWaitForMessageRestricted)
 8004ae4  8004ae4        0     1                 $t
 8004ae5  8004ae5       50     1                 vQueueWaitForMessageRestricted
 8004b34  8004b34       fc     4         cmake/stm32cubemx/CMakeFiles/FreeRTOS.dir/__/__/Middlewares/Third_Party/FreeRTOS/Source/tasks.c.obj:(.text.xTaskCreateStatic)
 8004b34  8004b34        0     1                 $t
 8004b35  8004b35       fc     1                 xTaskCreateStatic
 8004c30  8004c30      12e     4         cmake/stm32cubemx/CMakeFiles/FreeRTOS.dir/__/__/Middlewares/Third_Party/FreeRTOS/Source/tasks.c.obj:(.text.prvAddNewTaskToReadyList)
 8004c30  8004c30        0     1                 $t
 8004c31  8004c31      12e     1                 prvAddNewTaskToReadyList
 8004d60  8004d60       ec     4         cmake/stm32cubemx/CMakeFiles/FreeRTOS.dir/__/__/Middlewares/Third_Party/FreeRTOS/Source/tasks.c.obj:(.text.xTaskCreate)
 8004d60  8004d60        0     1                 $t
 8004d61  8004d61       ec     1                 xTaskCreate
 8004e4c  8004e4c      126     4         cmake/stm32cubemx/CMakeFiles/FreeRTOS.dir/__/__/Middlewares/Third_Party/FreeRTOS/Source/tasks.c.obj:(.text.vTaskDelete)
 8004e4c  8004e4c        0     1                 $t
 8004e4d  8004e4d      126     1                 vTaskDelete
 8004f74  8004f74       10     4         cmake/stm32cubemx/CMakeFiles/FreeRTOS.dir/__/__/Middlewares/Third_Party/FreeRTOS/Source/tasks.c.obj:(.text.vTaskSuspendAll)
 8004f74  8004f74        0     1                 $t
 8004f75  8004f75       10     1                 vTaskSuspendAll
 8004f84  8004f84      144     4         cmake/stm32cubemx/CMakeFiles/FreeRTOS.dir/__/__/Middlewares/Third_Party/FreeRTOS/Source/tasks.c.obj:(.text.xTaskResumeAll)
 8004f84  8004f84        0     1                 $t
 8004f85  8004f85      144     1                 xTaskResumeAll
 80050c8  80050c8       b4     4         cmake/stm32cubemx/CMakeFiles/FreeRTOS.dir/__/__/Middlewares/Third_Party/FreeRTOS/Source/tasks.c.obj:(.text.vTaskDelay)
 80050c8  80050c8        0     1                 $t
 80050c9  80050c9       b4     1                 vTaskDelay
 800517c  800517c       ba     4         cmake/stm32cubemx/CMakeFiles/FreeRTOS.dir/__/__/Middlewares/Third_Party/FreeRTOS/Source/tasks.c.obj:(.text.vTaskSwitchContext)
 800517c  800517c        0     1                 $t
 800517d  800517d       ba     1                 vTaskSwitchContext
 8005238  8005238       a6     4         cmake/stm32cubemx/CMakeFiles/FreeRTOS.dir/__/__/Middlewares/Third_Party/FreeRTOS/Source/tasks.c.obj:(.text.vTaskStartScheduler)
 8005238  8005238        0     1                 $t
 8005239  8005239       a6     1                 vTaskStartScheduler
 80052e0  80052e0       9e     4         cmake/stm32cubemx/CMakeFiles/FreeRTOS.dir/__/__/Middlewares/Third_Party/FreeRTOS/Source/tasks.c.obj:(.text.prvIdleTask)
 80052e0  80052e0        0     1                 $t
 80052e1  80052e1       9e     1                 prvIdleTask
 8005380  8005380      180     4         cmake/stm32cubemx/CMakeFiles/FreeRTOS.dir/__/__/Middlewares/Third_Party/FreeRTOS/Source/tasks.c.obj:(.text.xTaskIncrementTick)
 8005380  8005380        0     1                 $t
 8005381  8005381      180     1                 xTaskIncrementTick
 8005500  8005500        c     4         cmake/stm32cubemx/CMakeFiles/FreeRTOS.dir/__/__/Middlewares/Third_Party/FreeRTOS/Source/tasks.c.obj:(.text.xTaskGetTickCount)
 8005500  8005500        0     1                 $t
 8005501  8005501        c     1                 xTaskGetTickCount
 800550c  800550c       a6     4         cmake/stm32cubemx/CMakeFiles/FreeRTOS.dir/__/__/Middlewares/Third_Party/FreeRTOS/Source/tasks.c.obj:(.text.vTaskPlaceOnEventList)
 800550c  800550c        0     1                 $t
 800550d  800550d       a6     1                 vTaskPlaceOnEventList
 80055b4  80055b4       be     4         cmake/stm32cubemx/CMakeFiles/FreeRTOS.dir/__/__/Middlewares/Third_Party/FreeRTOS/Source/tasks.c.obj:(.text.vTaskPlaceOnEventListRestricted)
 80055b4  80055b4        0     1                 $t
 80055b5  80055b5       be     1                 vTaskPlaceOnEventListRestricted
 8005674  8005674       92     4         cmake/stm32cubemx/CMakeFiles/FreeRTOS.dir/__/__/Middlewares/Third_Party/FreeRTOS/Source/tasks.c.obj:(.text.xTaskRemoveFromEventList)
 8005674  8005674        0     1                 $t
 8005675  8005675       92     1                 xTaskRemoveFromEventList
 8005708  8005708       1a     4         cmake/stm32cubemx/CMakeFiles/FreeRTOS.dir/__/__/Middlewares/Third_Party/FreeRTOS/Source/tasks.c.obj:(.text.vTaskInternalSetTimeOutState)
 8005708  8005708        0     1                 $t
 8005709  8005709       1a     1                 vTaskInternalSetTimeOutState
 8005724  8005724       98     4         cmake/stm32cubemx/CMakeFiles/FreeRTOS.dir/__/__/Middlewares/Third_Party/FreeRTOS/Source/tasks.c.obj:(.text.xTaskCheckForTimeOut)
 8005724  8005724        0     1                 $t
 8005725  8005725       98     1                 xTaskCheckForTimeOut
 80057bc  80057bc        e     4         cmake/stm32cubemx/CMakeFiles/FreeRTOS.dir/__/__/Middlewares/Third_Party/FreeRTOS/Source/tasks.c.obj:(.text.vTaskMissedYield)
 80057bc  80057bc        0     1                 $t
 80057bd  80057bd        e     1                 vTaskMissedYield
 80057cc  80057cc        c     4         cmake/stm32cubemx/CMakeFiles/FreeRTOS.dir/__/__/Middlewares/Third_Party/FreeRTOS/Source/tasks.c.obj:(.text.xTaskGetCurrentTaskHandle)
 80057cc  80057cc        0     1                 $t
 80057cd  80057cd        c     1                 xTaskGetCurrentTaskHandle
 80057d8  80057d8       26     4         cmake/stm32cubemx/CMakeFiles/FreeRTOS.dir/__/__/Middlewares/Third_Party/FreeRTOS/Source/tasks.c.obj:(.text.xTaskGetSchedulerState)
 80057d8  80057d8        0     1                 $t
 80057d9  80057d9       26     1                 xTaskGetSchedulerState
 8005800  8005800       9a     4         cmake/stm32cubemx/CMakeFiles/FreeRTOS.dir/__/__/Middlewares/Third_Party/FreeRTOS/Source/tasks.c.obj:(.text.xTaskPriorityDisinherit)
 8005800  8005800        0     1                 $t
 8005801  8005801       9a     1                 xTaskPriorityDisinherit
 800589c  800589c       fc     4         cmake/stm32cubemx/CMakeFiles/FreeRTOS.dir/__/__/Middlewares/Third_Party/FreeRTOS/Source/tasks.c.obj:(.text.xTaskNotifyWait)
 800589c  800589c        0     1                 $t
 800589d  800589d       fc     1                 xTaskNotifyWait
 8005998  8005998      13e     4         cmake/stm32cubemx/CMakeFiles/FreeRTOS.dir/__/__/Middlewares/Third_Party/FreeRTOS/Source/tasks.c.obj:(.text.xTaskGenericNotifyFromISR)
 8005998  8005998        0     1                 $t
 8005999  8005999      13e     1                 xTaskGenericNotifyFromISR
 80059de  80059de        0     1                 $d
 80059e4  80059e4        0     1                 $t
 8005ad8  8005ad8       2e     4         cmake/stm32cubemx/CMakeFiles/FreeRTOS.dir/__/__/Middlewares/Third_Party/FreeRTOS/Source/tasks.c.obj:(.text.xTaskNotifyStateClear)
 8005ad8  8005ad8        0     1                 $t
 8005ad9  8005ad9       2e     1                 xTaskNotifyStateClear
 8005b08  8005b08       72     4         cmake/stm32cubemx/CMakeFiles/FreeRTOS.dir/__/__/Middlewares/Third_Party/FreeRTOS/Source/timers.c.obj:(.text.xTimerCreateTimerTask)
 8005b08  8005b08        0     1                 $t
 8005b09  8005b09       72     1                 xTimerCreateTimerTask
 8005b7c  8005b7c       84     4         cmake/stm32cubemx/CMakeFiles/FreeRTOS.dir/__/__/Middlewares/Third_Party/FreeRTOS/Source/timers.c.obj:(.text.prvCheckForValidListAndQueue)
 8005b7c  8005b7c        0     1                 $t
 8005b7d  8005b7d       84     1                 prvCheckForValidListAndQueue
 8005c00  8005c00      2d2     4         cmake/stm32cubemx/CMakeFiles/FreeRTOS.dir/__/__/Middlewares/Third_Party/FreeRTOS/Source/timers.c.obj:(.text.prvTimerTask)
 8005c00  8005c00        0     1                 $t
 8005c01  8005c01      2d2     1                 prvTimerTask
 8005da8  8005da8        0     1                 $d
 8005db2  8005db2        0     1                 $t
 8005ed4  8005ed4       f6     4         cmake/stm32cubemx/CMakeFiles/FreeRTOS.dir/__/__/Middlewares/Third_Party/FreeRTOS/Source/timers.c.obj:(.text.prvSampleTimeNow)
 8005ed4  8005ed4        0     1                 $t
 8005ed5  8005ed5       f6     1                 prvSampleTimeNow
 8005fcc  8005fcc       20     4         cmake/stm32cubemx/CMakeFiles/FreeRTOS.dir/__/__/Middlewares/Third_Party/FreeRTOS/Source/CMSIS_RTOS_V2/cmsis_os2.c.obj:(.text.SysTick_Handler)
 8005fcc  8005fcc        0     1                 $t
 8005fcd  8005fcd       20     1                 SysTick_Handler
 8005fec  8005fec       28     4         cmake/stm32cubemx/CMakeFiles/FreeRTOS.dir/__/__/Middlewares/Third_Party/FreeRTOS/Source/CMSIS_RTOS_V2/cmsis_os2.c.obj:(.text.osKernelInitialize)
 8005fec  8005fec        0     1                 $t
 8005fed  8005fed       28     1                 osKernelInitialize
 8006014  8006014       3e     4         cmake/stm32cubemx/CMakeFiles/FreeRTOS.dir/__/__/Middlewares/Third_Party/FreeRTOS/Source/CMSIS_RTOS_V2/cmsis_os2.c.obj:(.text.osKernelStart)
 8006014  8006014        0     1                 $t
 8006015  8006015       3e     1                 osKernelStart
 8006054  8006054       c6     4         cmake/stm32cubemx/CMakeFiles/FreeRTOS.dir/__/__/Middlewares/Third_Party/FreeRTOS/Source/CMSIS_RTOS_V2/cmsis_os2.c.obj:(.text.osThreadNew)
 8006054  8006054        0     1                 $t
 8006055  8006055       c6     1                 osThreadNew
 800611c  800611c       22     4         cmake/stm32cubemx/CMakeFiles/FreeRTOS.dir/__/__/Middlewares/Third_Party/FreeRTOS/Source/CMSIS_RTOS_V2/cmsis_os2.c.obj:(.text.osDelay)
 800611c  800611c        0     1                 $t
 800611d  800611d       22     1                 osDelay
 8006140  8006140       1a     4         cmake/stm32cubemx/CMakeFiles/FreeRTOS.dir/__/__/Middlewares/Third_Party/FreeRTOS/Source/CMSIS_RTOS_V2/cmsis_os2.c.obj:(.text.vApplicationGetIdleTaskMemory)
 8006140  8006140        0     1                 $t
 8006141  8006141       1a     1                 vApplicationGetIdleTaskMemory
 800615c  800615c       1c     4         cmake/stm32cubemx/CMakeFiles/FreeRTOS.dir/__/__/Middlewares/Third_Party/FreeRTOS/Source/CMSIS_RTOS_V2/cmsis_os2.c.obj:(.text.vApplicationGetTimerTaskMemory)
 800615c  800615c        0     1                 $t
 800615d  800615d       1c     1                 vApplicationGetTimerTaskMemory
 8006178  8006178      1aa     4         cmake/stm32cubemx/CMakeFiles/FreeRTOS.dir/__/__/Middlewares/Third_Party/FreeRTOS/Source/portable/MemMang/heap_4.c.obj:(.text.pvPortMalloc)
 8006178  8006178        0     1                 $t
 8006179  8006179      1aa     1                 pvPortMalloc
 8006324  8006324       d6     4         cmake/stm32cubemx/CMakeFiles/FreeRTOS.dir/__/__/Middlewares/Third_Party/FreeRTOS/Source/portable/MemMang/heap_4.c.obj:(.text.vPortFree)
 8006324  8006324        0     1                 $t
 8006325  8006325       d6     1                 vPortFree
 80063fc  80063fc       24     4         cmake/stm32cubemx/CMakeFiles/FreeRTOS.dir/__/__/Middlewares/Third_Party/FreeRTOS/Source/portable/GCC/ARM_CM4F/port.c.obj:(.text.pxPortInitialiseStack)
 80063fc  80063fc        0     1                 $t
 80063fd  80063fd       24     1                 pxPortInitialiseStack
 8006420  8006420       32     4         cmake/stm32cubemx/CMakeFiles/FreeRTOS.dir/__/__/Middlewares/Third_Party/FreeRTOS/Source/portable/GCC/ARM_CM4F/port.c.obj:(.text.prvTaskExitError)
 8006420  8006420        0     1                 $t
 8006421  8006421       32     1                 prvTaskExitError
 8006460  8006460       24    16         cmake/stm32cubemx/CMakeFiles/FreeRTOS.dir/__/__/Middlewares/Third_Party/FreeRTOS/Source/portable/GCC/ARM_CM4F/port.c.obj:(.text.SVC_Handler)
 8006460  8006460        0     1                 $t
 8006461  8006461       24     1                 SVC_Handler
 8006480  8006480        0     1                 pxCurrentTCBConst2
 8006480  8006480        0     1                 $d
 8006484  8006484      12e     4         cmake/stm32cubemx/CMakeFiles/FreeRTOS.dir/__/__/Middlewares/Third_Party/FreeRTOS/Source/portable/GCC/ARM_CM4F/port.c.obj:(.text.xPortStartScheduler)
 8006484  8006484        0     1                 $t
 8006485  8006485      12e     1                 xPortStartScheduler
 80065b4  80065b4       34     4         cmake/stm32cubemx/CMakeFiles/FreeRTOS.dir/__/__/Middlewares/Third_Party/FreeRTOS/Source/portable/GCC/ARM_CM4F/port.c.obj:(.text.vPortSetupTimerInterrupt)
 80065b4  80065b4        0     1                 $t
 80065b5  80065b5       34     1                 vPortSetupTimerInterrupt
 80065e8  80065e8       14     4         cmake/stm32cubemx/CMakeFiles/FreeRTOS.dir/__/__/Middlewares/Third_Party/FreeRTOS/Source/portable/GCC/ARM_CM4F/port.c.obj:(.text.vPortEnableVFP)
 80065e8  80065e8        0     1                 $t
 80065e9  80065e9        e     1                 vPortEnableVFP
 80065f8  80065f8        0     1                 $d
 80065fc  80065fc       28     4         cmake/stm32cubemx/CMakeFiles/FreeRTOS.dir/__/__/Middlewares/Third_Party/FreeRTOS/Source/portable/GCC/ARM_CM4F/port.c.obj:(.text.prvPortStartFirstTask)
 80065fc  80065fc        0     1                 $t
 80065fd  80065fd       22     1                 prvPortStartFirstTask
 8006620  8006620        0     1                 $d
 8006624  8006624       46     4         cmake/stm32cubemx/CMakeFiles/FreeRTOS.dir/__/__/Middlewares/Third_Party/FreeRTOS/Source/portable/GCC/ARM_CM4F/port.c.obj:(.text.vPortEnterCritical)
 8006624  8006624        0     1                 $t
 8006625  8006625       46     1                 vPortEnterCritical
 800666c  800666c       2e     4         cmake/stm32cubemx/CMakeFiles/FreeRTOS.dir/__/__/Middlewares/Third_Party/FreeRTOS/Source/portable/GCC/ARM_CM4F/port.c.obj:(.text.vPortExitCritical)
 800666c  800666c        0     1                 $t
 800666d  800666d       2e     1                 vPortExitCritical
 80066a0  80066a0       64    16         cmake/stm32cubemx/CMakeFiles/FreeRTOS.dir/__/__/Middlewares/Third_Party/FreeRTOS/Source/portable/GCC/ARM_CM4F/port.c.obj:(.text.PendSV_Handler)
 80066a0  80066a0        0     1                 $t
 80066a1  80066a1       64     1                 PendSV_Handler
 8006700  8006700        0     1                 pxCurrentTCBConst
 8006700  8006700        0     1                 $d
 8006704  8006704       30     4         cmake/stm32cubemx/CMakeFiles/FreeRTOS.dir/__/__/Middlewares/Third_Party/FreeRTOS/Source/portable/GCC/ARM_CM4F/port.c.obj:(.text.xPortSysTickHandler)
 8006704  8006704        0     1                 $t
 8006705  8006705       30     1                 xPortSysTickHandler
 8006734  8006734       62     4         cmake/stm32cubemx/CMakeFiles/FreeRTOS.dir/__/__/Middlewares/Third_Party/FreeRTOS/Source/portable/GCC/ARM_CM4F/port.c.obj:(.text.vPortValidateInterruptPriority)
 8006734  8006734        0     1                 $t
 8006735  8006735       62     1                 vPortValidateInterruptPriority
 8006798  8006798       8a     4         CMakeFiles/diankong_jie.dir/USB_DEVICE/Target/usbd_conf.c.obj:(.text.HAL_PCD_MspInit)
 8006798  8006798        0     1                 $t
 8006799  8006799       8a     1                 HAL_PCD_MspInit
 8006824  8006824        e     4         CMakeFiles/diankong_jie.dir/USB_DEVICE/Target/usbd_conf.c.obj:(.text.HAL_PCD_SetupStageCallback)
 8006824  8006824        0     1                 $t
 8006825  8006825        e     1                 HAL_PCD_SetupStageCallback
 8006834  8006834       16     4         CMakeFiles/diankong_jie.dir/USB_DEVICE/Target/usbd_conf.c.obj:(.text.HAL_PCD_DataOutStageCallback)
 8006834  8006834        0     1                 $t
 8006835  8006835       16     1                 HAL_PCD_DataOutStageCallback
 800684c  800684c       14     4         CMakeFiles/diankong_jie.dir/USB_DEVICE/Target/usbd_conf.c.obj:(.text.HAL_PCD_DataInStageCallback)
 800684c  800684c        0     1                 $t
 800684d  800684d       14     1                 HAL_PCD_DataInStageCallback
 8006860  8006860        8     4         CMakeFiles/diankong_jie.dir/USB_DEVICE/Target/usbd_conf.c.obj:(.text.HAL_PCD_SOFCallback)
 8006860  8006860        0     1                 $t
 8006861  8006861        8     1                 HAL_PCD_SOFCallback
 8006868  8006868       28     4         CMakeFiles/diankong_jie.dir/USB_DEVICE/Target/usbd_conf.c.obj:(.text.HAL_PCD_ResetCallback)
 8006868  8006868        0     1                 $t
 8006869  8006869       28     1                 HAL_PCD_ResetCallback
 8006890  8006890       36     4         CMakeFiles/diankong_jie.dir/USB_DEVICE/Target/usbd_conf.c.obj:(.text.HAL_PCD_SuspendCallback)
 8006890  8006890        0     1                 $t
 8006891  8006891       36     1                 HAL_PCD_SuspendCallback
 80068c8  80068c8        8     4         CMakeFiles/diankong_jie.dir/USB_DEVICE/Target/usbd_conf.c.obj:(.text.HAL_PCD_ResumeCallback)
 80068c8  80068c8        0     1                 $t
 80068c9  80068c9        8     1                 HAL_PCD_ResumeCallback
 80068d0  80068d0        8     4         CMakeFiles/diankong_jie.dir/USB_DEVICE/Target/usbd_conf.c.obj:(.text.HAL_PCD_ISOOUTIncompleteCallback)
 80068d0  80068d0        0     1                 $t
 80068d1  80068d1        8     1                 HAL_PCD_ISOOUTIncompleteCallback
 80068d8  80068d8        8     4         CMakeFiles/diankong_jie.dir/USB_DEVICE/Target/usbd_conf.c.obj:(.text.HAL_PCD_ISOINIncompleteCallback)
 80068d8  80068d8        0     1                 $t
 80068d9  80068d9        8     1                 HAL_PCD_ISOINIncompleteCallback
 80068e0  80068e0        8     4         CMakeFiles/diankong_jie.dir/USB_DEVICE/Target/usbd_conf.c.obj:(.text.HAL_PCD_ConnectCallback)
 80068e0  80068e0        0     1                 $t
 80068e1  80068e1        8     1                 HAL_PCD_ConnectCallback
 80068e8  80068e8        8     4         CMakeFiles/diankong_jie.dir/USB_DEVICE/Target/usbd_conf.c.obj:(.text.HAL_PCD_DisconnectCallback)
 80068e8  80068e8        0     1                 $t
 80068e9  80068e9        8     1                 HAL_PCD_DisconnectCallback
 80068f0  80068f0       70     4         CMakeFiles/diankong_jie.dir/USB_DEVICE/Target/usbd_conf.c.obj:(.text.USBD_LL_Init)
 80068f0  80068f0        0     1                 $t
 80068f1  80068f1       70     1                 USBD_LL_Init
 8006960  8006960       24     4         CMakeFiles/diankong_jie.dir/USB_DEVICE/Target/usbd_conf.c.obj:(.text.USBD_LL_Start)
 8006960  8006960        0     1                 $t
 8006961  8006961       24     1                 USBD_LL_Start
 8006984  8006984       2a     4         CMakeFiles/diankong_jie.dir/USB_DEVICE/Target/usbd_conf.c.obj:(.text.USBD_LL_OpenEP)
 8006984  8006984        0     1                 $t
 8006985  8006985       2a     1                 USBD_LL_OpenEP
 80069b0  80069b0       24     4         CMakeFiles/diankong_jie.dir/USB_DEVICE/Target/usbd_conf.c.obj:(.text.USBD_LL_CloseEP)
 80069b0  80069b0        0     1                 $t
 80069b1  80069b1       24     1                 USBD_LL_CloseEP
 80069d4  80069d4       24     4         CMakeFiles/diankong_jie.dir/USB_DEVICE/Target/usbd_conf.c.obj:(.text.USBD_LL_StallEP)
 80069d4  80069d4        0     1                 $t
 80069d5  80069d5       24     1                 USBD_LL_StallEP
 80069f8  80069f8       24     4         CMakeFiles/diankong_jie.dir/USB_DEVICE/Target/usbd_conf.c.obj:(.text.USBD_LL_ClearStallEP)
 80069f8  80069f8        0     1                 $t
 80069f9  80069f9       24     1                 USBD_LL_ClearStallEP
 8006a1c  8006a1c       2a     4         CMakeFiles/diankong_jie.dir/USB_DEVICE/Target/usbd_conf.c.obj:(.text.USBD_LL_IsStallEP)
 8006a1c  8006a1c        0     1                 $t
 8006a1d  8006a1d       2a     1                 USBD_LL_IsStallEP
 8006a48  8006a48       24     4         CMakeFiles/diankong_jie.dir/USB_DEVICE/Target/usbd_conf.c.obj:(.text.USBD_LL_SetUSBAddress)
 8006a48  8006a48        0     1                 $t
 8006a49  8006a49       24     1                 USBD_LL_SetUSBAddress
 8006a6c  8006a6c       24     4         CMakeFiles/diankong_jie.dir/USB_DEVICE/Target/usbd_conf.c.obj:(.text.USBD_LL_Transmit)
 8006a6c  8006a6c        0     1                 $t
 8006a6d  8006a6d       24     1                 USBD_LL_Transmit
 8006a90  8006a90       24     4         CMakeFiles/diankong_jie.dir/USB_DEVICE/Target/usbd_conf.c.obj:(.text.USBD_LL_PrepareReceive)
 8006a90  8006a90        0     1                 $t
 8006a91  8006a91       24     1                 USBD_LL_PrepareReceive
 8006ab4  8006ab4        8     4         CMakeFiles/diankong_jie.dir/USB_DEVICE/Target/usbd_conf.c.obj:(.text.USBD_LL_GetRxDataSize)
 8006ab4  8006ab4        0     1                 $t
 8006ab5  8006ab5        8     1                 USBD_LL_GetRxDataSize
 8006abc  8006abc        a     4         CMakeFiles/diankong_jie.dir/USB_DEVICE/Target/usbd_conf.c.obj:(.text.USBD_static_malloc)
 8006abc  8006abc        0     1                 $t
 8006abd  8006abd        a     1                 USBD_static_malloc
 8006ac8  8006ac8        2     4         CMakeFiles/diankong_jie.dir/USB_DEVICE/Target/usbd_conf.c.obj:(.text.USBD_static_free)
 8006ac8  8006ac8        0     1                 $t
 8006ac9  8006ac9        2     1                 USBD_static_free
 8006acc  8006acc       74     4         CMakeFiles/diankong_jie.dir/USB_DEVICE/App/usb_device.c.obj:(.text.MX_USB_DEVICE_Init)
 8006acc  8006acc        0     1                 $t
 8006acd  8006acd       74     1                 MX_USB_DEVICE_Init
 8006b40  8006b40        e     4         CMakeFiles/diankong_jie.dir/USB_DEVICE/App/usbd_desc.c.obj:(.text.USBD_FS_DeviceDescriptor)
 8006b40  8006b40        0     1                 $t
 8006b41  8006b41        e     1                 USBD_FS_DeviceDescriptor
 8006b50  8006b50        e     4         CMakeFiles/diankong_jie.dir/USB_DEVICE/App/usbd_desc.c.obj:(.text.USBD_FS_LangIDStrDescriptor)
 8006b50  8006b50        0     1                 $t
 8006b51  8006b51        e     1                 USBD_FS_LangIDStrDescriptor
 8006b60  8006b60       20     4         CMakeFiles/diankong_jie.dir/USB_DEVICE/App/usbd_desc.c.obj:(.text.USBD_FS_ManufacturerStrDescriptor)
 8006b60  8006b60        0     1                 $t
 8006b61  8006b61       20     1                 USBD_FS_ManufacturerStrDescriptor
 8006b80  8006b80       20     4         CMakeFiles/diankong_jie.dir/USB_DEVICE/App/usbd_desc.c.obj:(.text.USBD_FS_ProductStrDescriptor)
 8006b80  8006b80        0     1                 $t
 8006b81  8006b81       20     1                 USBD_FS_ProductStrDescriptor
 8006ba0  8006ba0       90     4         CMakeFiles/diankong_jie.dir/USB_DEVICE/App/usbd_desc.c.obj:(.text.USBD_FS_SerialStrDescriptor)
 8006ba0  8006ba0        0     1                 $t
 8006ba1  8006ba1       90     1                 USBD_FS_SerialStrDescriptor
 8006c30  8006c30       20     4         CMakeFiles/diankong_jie.dir/USB_DEVICE/App/usbd_desc.c.obj:(.text.USBD_FS_ConfigStrDescriptor)
 8006c30  8006c30        0     1                 $t
 8006c31  8006c31       20     1                 USBD_FS_ConfigStrDescriptor
 8006c50  8006c50       20     4         CMakeFiles/diankong_jie.dir/USB_DEVICE/App/usbd_desc.c.obj:(.text.USBD_FS_InterfaceStrDescriptor)
 8006c50  8006c50        0     1                 $t
 8006c51  8006c51       20     1                 USBD_FS_InterfaceStrDescriptor
 8006c70  8006c70       2e     4         CMakeFiles/diankong_jie.dir/USB_DEVICE/App/usbd_cdc_if.c.obj:(.text.CDC_Init_FS)
 8006c70  8006c70        0     1                 $t
 8006c71  8006c71       2e     1                 CDC_Init_FS
 8006ca0  8006ca0        4     4         CMakeFiles/diankong_jie.dir/USB_DEVICE/App/usbd_cdc_if.c.obj:(.text.CDC_DeInit_FS)
 8006ca0  8006ca0        0     1                 $t
 8006ca1  8006ca1        4     1                 CDC_DeInit_FS
 8006ca4  8006ca4        4     4         CMakeFiles/diankong_jie.dir/USB_DEVICE/App/usbd_cdc_if.c.obj:(.text.CDC_Control_FS)
 8006ca4  8006ca4        0     1                 $t
 8006ca5  8006ca5        4     1                 CDC_Control_FS
 8006ca8  8006ca8       1e     4         CMakeFiles/diankong_jie.dir/USB_DEVICE/App/usbd_cdc_if.c.obj:(.text.CDC_Receive_FS)
 8006ca8  8006ca8        0     1                 $t
 8006ca9  8006ca9       1e     1                 CDC_Receive_FS
 8006cc8  8006cc8        4     4         CMakeFiles/diankong_jie.dir/USB_DEVICE/App/usbd_cdc_if.c.obj:(.text.CDC_TransmitCplt_FS)
 8006cc8  8006cc8        0     1                 $t
 8006cc9  8006cc9        4     1                 CDC_TransmitCplt_FS
 8006ccc  8006ccc       36     4         CMakeFiles/diankong_jie.dir/Core/Src/main.c.obj:(.text.main)
 8006ccc  8006ccc        0     1                 $t
 8006ccd  8006ccd       36     1                 main
 8006d04  8006d04       b2     4         CMakeFiles/diankong_jie.dir/Core/Src/main.c.obj:(.text.SystemClock_Config)
 8006d04  8006d04        0     1                 $t
 8006d05  8006d05       b2     1                 SystemClock_Config
 8006db8  8006db8        6     4         CMakeFiles/diankong_jie.dir/Core/Src/main.c.obj:(.text.Error_Handler)
 8006db8  8006db8        0     1                 $t
 8006db9  8006db9        6     1                 Error_Handler
 8006dc0  8006dc0       14     4         CMakeFiles/diankong_jie.dir/Core/Src/main.c.obj:(.text.HAL_TIM_PeriodElapsedCallback)
 8006dc0  8006dc0        0     1                 $t
 8006dc1  8006dc1       14     1                 HAL_TIM_PeriodElapsedCallback
 8006dd4  8006dd4       4c     4         CMakeFiles/diankong_jie.dir/Core/Src/gpio.c.obj:(.text.MX_GPIO_Init)
 8006dd4  8006dd4        0     1                 $t
 8006dd5  8006dd5       4c     1                 MX_GPIO_Init
 8006e20  8006e20        2     4         CMakeFiles/diankong_jie.dir/Core/Src/freertos.c.obj:(.text.configureTimerForRunTimeStats)
 8006e20  8006e20        0     1                 $t
 8006e21  8006e21        2     1                 configureTimerForRunTimeStats
 8006e24  8006e24        4     4         CMakeFiles/diankong_jie.dir/Core/Src/freertos.c.obj:(.text.getRunTimeCounterValue)
 8006e24  8006e24        0     1                 $t
 8006e25  8006e25        4     1                 getRunTimeCounterValue
 8006e28  8006e28       c6     4         CMakeFiles/diankong_jie.dir/Core/Src/freertos.c.obj:(.text.MX_FREERTOS_Init)
 8006e28  8006e28        0     1                 $t
 8006e29  8006e29       c6     1                 MX_FREERTOS_Init
 8006ef0  8006ef0       10     4         CMakeFiles/diankong_jie.dir/Core/Src/freertos.c.obj:(.text.StartDefaultTask)
 8006ef0  8006ef0        0     1                 $t
 8006ef1  8006ef1       10     1                 StartDefaultTask
 8006f00  8006f00        c     4         CMakeFiles/diankong_jie.dir/Core/Src/freertos.c.obj:(.text.vt13_task)
 8006f00  8006f00        0     1                 $t
 8006f01  8006f01        c     1                 vt13_task
 8006f0c  8006f0c        c     4         CMakeFiles/diankong_jie.dir/Core/Src/freertos.c.obj:(.text.imu_task)
 8006f0c  8006f0c        0     1                 $t
 8006f0d  8006f0d        c     1                 imu_task
 8006f18  8006f18       46     4         CMakeFiles/diankong_jie.dir/Core/Src/can.c.obj:(.text.MX_CAN1_Init)
 8006f18  8006f18        0     1                 $t
 8006f19  8006f19       46     1                 MX_CAN1_Init
 8006f60  8006f60       46     4         CMakeFiles/diankong_jie.dir/Core/Src/can.c.obj:(.text.MX_CAN2_Init)
 8006f60  8006f60        0     1                 $t
 8006f61  8006f61       46     1                 MX_CAN2_Init
 8006fa8  8006fa8      148     4         CMakeFiles/diankong_jie.dir/Core/Src/can.c.obj:(.text.HAL_CAN_MspInit)
 8006fa8  8006fa8        0     1                 $t
 8006fa9  8006fa9      148     1                 HAL_CAN_MspInit
 80070f0  80070f0       7a     4         CMakeFiles/diankong_jie.dir/Core/Src/dma.c.obj:(.text.MX_DMA_Init)
 80070f0  80070f0        0     1                 $t
 80070f1  80070f1       7a     1                 MX_DMA_Init
 800716c  800716c       3e     4         CMakeFiles/diankong_jie.dir/Core/Src/usart.c.obj:(.text.MX_UART4_Init)
 800716c  800716c        0     1                 $t
 800716d  800716d       3e     1                 MX_UART4_Init
 80071ac  80071ac       4a     4         CMakeFiles/diankong_jie.dir/Core/Src/usart.c.obj:(.text.MX_USART2_UART_Init)
 80071ac  80071ac        0     1                 $t
 80071ad  80071ad       4a     1                 MX_USART2_UART_Init
[...]
    6d48     6d48       34     4         C:/Users/24137/AppData/Local/stm32cube/bundles/st-arm-clang/19.1.6+st.10/bin/../lib/clang-runtimes/arm-none-eabi/armv7m_hard_fpv4_sp_d16_exn_rtti/lib/libc.a(libc_tinystdio_fgetc.c.o):(.debug_frame)
    6d7c     6d7c       24     4         C:/Users/24137/AppData/Local/stm32cube/bundles/st-arm-clang/19.1.6+st.10/bin/../lib/clang-runtimes/arm-none-eabi/armv7m_hard_fpv4_sp_d16_exn_rtti/lib/libc.a(libc_tinystdio_ungetc.c.o):(.debug_frame)
    6da0     6da0       c4     4         C:/Users/24137/AppData/Local/stm32cube/bundles/st-arm-clang/19.1.6+st.10/bin/../lib/clang-runtimes/arm-none-eabi/armv7m_hard_fpv4_sp_d16_exn_rtti/lib/libc.a(libc_tinystdio_vffscanf.c.o):(.debug_frame)
    6e64     6e64       b4     4         C:/Users/24137/AppData/Local/stm32cube/bundles/st-arm-clang/19.1.6+st.10/bin/../lib/clang-runtimes/arm-none-eabi/armv7m_hard_fpv4_sp_d16_exn_rtti/lib/libc.a(libc_tinystdio_vflscanf.c.o):(.debug_frame)
    6f18     6f18       a4     4         C:/Users/24137/AppData/Local/stm32cube/bundles/st-arm-clang/19.1.6+st.10/bin/../lib/clang-runtimes/arm-none-eabi/armv7m_hard_fpv4_sp_d16_exn_rtti/lib/libc.a(libc_tinystdio_vfiscanf.c.o):(.debug_frame)
    6fbc     6fbc       a4     4         C:/Users/24137/AppData/Local/stm32cube/bundles/st-arm-clang/19.1.6+st.10/bin/../lib/clang-runtimes/arm-none-eabi/armv7m_hard_fpv4_sp_d16_exn_rtti/lib/libc.a(libc_tinystdio_vfmscanf.c.o):(.debug_frame)
       0        0    20f4c     1 .debug_line
       0        0       f4     1         cmake/stm32cubemx/CMakeFiles/STM32_Drivers.dir/__/__/Core/Src/system_stm32f4xx.c.obj:(.debug_line)
      f4       f4     3808     1         cmake/stm32cubemx/CMakeFiles/STM32_Drivers.dir/__/__/Drivers/STM32F4xx_HAL_Driver/Src/stm32f4xx_hal_tim.c.obj:(.debug_line)
    38fc     38fc     139f     1         cmake/stm32cubemx/CMakeFiles/STM32_Drivers.dir/__/__/Drivers/STM32F4xx_HAL_Driver/Src/stm32f4xx_hal_tim_ex.c.obj:(.debug_line)
    4c9b     4c9b      d63     1         cmake/stm32cubemx/CMakeFiles/STM32_Drivers.dir/__/__/Drivers/STM32F4xx_HAL_Driver/Src/stm32f4xx_hal_pcd.c.obj:(.debug_line)
    59fe     59fe      194     1         cmake/stm32cubemx/CMakeFiles/STM32_Drivers.dir/__/__/Drivers/STM32F4xx_HAL_Driver/Src/stm32f4xx_hal_pcd_ex.c.obj:(.debug_line)
    5b92     5b92     169b     1         cmake/stm32cubemx/CMakeFiles/STM32_Drivers.dir/__/__/Drivers/STM32F4xx_HAL_Driver/Src/stm32f4xx_ll_usb.c.obj:(.debug_line)
    722d     722d      7a4     1         cmake/stm32cubemx/CMakeFiles/STM32_Drivers.dir/__/__/Drivers/STM32F4xx_HAL_Driver/Src/stm32f4xx_hal_rcc.c.obj:(.debug_line)
    79d1     79d1      44a     1         cmake/stm32cubemx/CMakeFiles/STM32_Drivers.dir/__/__/Drivers/STM32F4xx_HAL_Driver/Src/stm32f4xx_hal_rcc_ex.c.obj:(.debug_line)
    7e1b     7e1b      535     1         cmake/stm32cubemx/CMakeFiles/STM32_Drivers.dir/__/__/Drivers/STM32F4xx_HAL_Driver/Src/stm32f4xx_hal_flash.c.obj:(.debug_line)
    8350     8350      418     1         cmake/stm32cubemx/CMakeFiles/STM32_Drivers.dir/__/__/Drivers/STM32F4xx_HAL_Driver/Src/stm32f4xx_hal_flash_ex.c.obj:(.debug_line)
    8768     8768      388     1         cmake/stm32cubemx/CMakeFiles/STM32_Drivers.dir/__/__/Drivers/STM32F4xx_HAL_Driver/Src/stm32f4xx_hal_gpio.c.obj:(.debug_line)
    8af0     8af0      523     1         cmake/stm32cubemx/CMakeFiles/STM32_Drivers.dir/__/__/Drivers/STM32F4xx_HAL_Driver/Src/stm32f4xx_hal_dma_ex.c.obj:(.debug_line)
    9013     9013      894     1         cmake/stm32cubemx/CMakeFiles/STM32_Drivers.dir/__/__/Drivers/STM32F4xx_HAL_Driver/Src/stm32f4xx_hal_dma.c.obj:(.debug_line)
    98a7     98a7      29e     1         cmake/stm32cubemx/CMakeFiles/STM32_Drivers.dir/__/__/Drivers/STM32F4xx_HAL_Driver/Src/stm32f4xx_hal_pwr.c.obj:(.debug_line)
    9b45     9b45      204     1         cmake/stm32cubemx/CMakeFiles/STM32_Drivers.dir/__/__/Drivers/STM32F4xx_HAL_Driver/Src/stm32f4xx_hal_pwr_ex.c.obj:(.debug_line)
    9d49     9d49      513     1         cmake/stm32cubemx/CMakeFiles/STM32_Drivers.dir/__/__/Drivers/STM32F4xx_HAL_Driver/Src/stm32f4xx_hal_cortex.c.obj:(.debug_line)
    a25c     a25c      374     1         cmake/stm32cubemx/CMakeFiles/STM32_Drivers.dir/__/__/Drivers/STM32F4xx_HAL_Driver/Src/stm32f4xx_hal.c.obj:(.debug_line)
    a5d0     a5d0      3d2     1         cmake/stm32cubemx/CMakeFiles/STM32_Drivers.dir/__/__/Drivers/STM32F4xx_HAL_Driver/Src/stm32f4xx_hal_exti.c.obj:(.debug_line)
    a9a2     a9a2      baf     1         cmake/stm32cubemx/CMakeFiles/STM32_Drivers.dir/__/__/Drivers/STM32F4xx_HAL_Driver/Src/stm32f4xx_hal_can.c.obj:(.debug_line)
    b551     b551     1fa3     1         cmake/stm32cubemx/CMakeFiles/STM32_Drivers.dir/__/__/Drivers/STM32F4xx_HAL_Driver/Src/stm32f4xx_hal_uart.c.obj:(.debug_line)
    d4f4     d4f4      697     1         cmake/stm32cubemx/CMakeFiles/USB_Device_Library.dir/__/__/Middlewares/ST/STM32_USB_Device_Library/Core/Src/usbd_core.c.obj:(.debug_line)
    db8b     db8b      6d0     1         cmake/stm32cubemx/CMakeFiles/USB_Device_Library.dir/__/__/Middlewares/ST/STM32_USB_Device_Library/Core/Src/usbd_ctlreq.c.obj:(.debug_line)
    e25b     e25b      19f     1         cmake/stm32cubemx/CMakeFiles/USB_Device_Library.dir/__/__/Middlewares/ST/STM32_USB_Device_Library/Core/Src/usbd_ioreq.c.obj:(.debug_line)
    e3fa     e3fa      647     1         cmake/stm32cubemx/CMakeFiles/USB_Device_Library.dir/__/__/Middlewares/ST/STM32_USB_Device_Library/Class/CDC/Src/usbd_cdc.c.obj:(.debug_line)
    ea41     ea41      5ce     1         cmake/stm32cubemx/CMakeFiles/FreeRTOS.dir/__/__/Middlewares/Third_Party/FreeRTOS/Source/event_groups.c.obj:(.debug_line)
    f00f     f00f      1b3     1         cmake/stm32cubemx/CMakeFiles/FreeRTOS.dir/__/__/Middlewares/Third_Party/FreeRTOS/Source/list.c.obj:(.debug_line)
    f1c2     f1c2     1333     1         cmake/stm32cubemx/CMakeFiles/FreeRTOS.dir/__/__/Middlewares/Third_Party/FreeRTOS/Source/queue.c.obj:(.debug_line)
   104f5    104f5      b8e     1         cmake/stm32cubemx/CMakeFiles/FreeRTOS.dir/__/__/Middlewares/Third_Party/FreeRTOS/Source/stream_buffer.c.obj:(.debug_line)
   11083    11083     201e     1         cmake/stm32cubemx/CMakeFiles/FreeRTOS.dir/__/__/Middlewares/Third_Party/FreeRTOS/Source/tasks.c.obj:(.debug_line)
   130a1    130a1      8ef     1         cmake/stm32cubemx/CMakeFiles/FreeRTOS.dir/__/__/Middlewares/Third_Party/FreeRTOS/Source/timers.c.obj:(.debug_line)
   13990    13990     17ef     1         cmake/stm32cubemx/CMakeFiles/FreeRTOS.dir/__/__/Middlewares/Third_Party/FreeRTOS/Source/CMSIS_RTOS_V2/cmsis_os2.c.obj:(.debug_line)
   1517f    1517f      3f5     1         cmake/stm32cubemx/CMakeFiles/FreeRTOS.dir/__/__/Middlewares/Third_Party/FreeRTOS/Source/portable/MemMang/heap_4.c.obj:(.debug_line)
   15574    15574      3e0     1         cmake/stm32cubemx/CMakeFiles/FreeRTOS.dir/__/__/Middlewares/Third_Party/FreeRTOS/Source/portable/GCC/ARM_CM4F/port.c.obj:(.debug_line)
   15954    15954      537     1         CMakeFiles/diankong_jie.dir/USB_DEVICE/Target/usbd_conf.c.obj:(.debug_line)
   15e8b    15e8b       fc     1         CMakeFiles/diankong_jie.dir/USB_DEVICE/App/usb_device.c.obj:(.debug_line)
   15f87    15f87      1fa     1         CMakeFiles/diankong_jie.dir/USB_DEVICE/App/usbd_desc.c.obj:(.debug_line)
   16181    16181      161     1         CMakeFiles/diankong_jie.dir/USB_DEVICE/App/usbd_cdc_if.c.obj:(.debug_line)
   162e2    162e2      231     1         CMakeFiles/diankong_jie.dir/Core/Src/main.c.obj:(.debug_line)
   16513    16513       c1     1         CMakeFiles/diankong_jie.dir/Core/Src/gpio.c.obj:(.debug_line)
   165d4    165d4      1a5     1         CMakeFiles/diankong_jie.dir/Core/Src/freertos.c.obj:(.debug_line)
   16779    16779      266     1         CMakeFiles/diankong_jie.dir/Core/Src/can.c.obj:(.debug_line)
   169df    169df       de     1         CMakeFiles/diankong_jie.dir/Core/Src/dma.c.obj:(.debug_line)
   16abd    16abd      354     1         CMakeFiles/diankong_jie.dir/Core/Src/usart.c.obj:(.debug_line)
   16e11    16e11      319     1         CMakeFiles/diankong_jie.dir/Core/Src/stm32f4xx_it.c.obj:(.debug_line)
   1712a    1712a       d7     1         CMakeFiles/diankong_jie.dir/Core/Src/stm32f4xx_hal_msp.c.obj:(.debug_line)
   17201    17201      1a4     1         CMakeFiles/diankong_jie.dir/Core/Src/stm32f4xx_hal_timebase_tim.c.obj:(.debug_line)
   173a5    173a5       fb     1         CMakeFiles/diankong_jie.dir/Core/Src/sysmem.c.obj:(.debug_line)
   174a0    174a0      31b     1         CMakeFiles/diankong_jie.dir/Core/Src/syscalls.c.obj:(.debug_line)
   177bb    177bb       6b     1         CMakeFiles/diankong_jie.dir/startup_stm32f405xx.s.obj:(.debug_line)
   17826    17826      98e     1         CMakeFiles/diankong_jie.dir/bsp/bsp_uart/bsp_uart.c.obj:(.debug_line)
   181b4    181b4      3aa     1         CMakeFiles/diankong_jie.dir/bsp/bsp_can/bsp_can.c.obj:(.debug_line)
   1855e    1855e      1c4     1         CMakeFiles/diankong_jie.dir/component/comp_utils.c.obj:(.debug_line)
   18722    18722      33e     1         CMakeFiles/diankong_jie.dir/modules/dr16/dev_dr16.c.obj:(.debug_line)
   18a60    18a60     104e     1         CMakeFiles/diankong_jie.dir/modules/lx824/lx824.c.obj:(.debug_line)
   19aae    19aae      6fb     1         CMakeFiles/diankong_jie.dir/modules/vofa/vofa.c.obj:(.debug_line)
   1a1a9    1a1a9      1ae     1         CMakeFiles/diankong_jie.dir/task/dr16_task.c.obj:(.debug_line)
   1a357    1a357      1d2     1         CMakeFiles/diankong_jie.dir/lx824_task/lx824_task.c.obj:(.debug_line)
   1a529    1a529      1e5     1         CMakeFiles/diankong_jie.dir/vofa_task/vofa_task.c.obj:(.debug_line)
   1a70e    1a70e       50     1         C:/Users/24137/AppData/Local/stm32cube/bundles/st-arm-clang/19.1.6+st.10/bin/../lib/clang-runtimes/arm-none-eabi/armv7m_hard_fpv4_sp_d16_exn_rtti/lib/libc.a(strcmp.S.o):(.debug_line)
   1a75e    1a75e       8a     1         C:/Users/24137/AppData/Local/stm32cube/bundles/st-arm-clang/19.1.6+st.10/bin/../lib/clang-runtimes/arm-none-eabi/armv7m_hard_fpv4_sp_d16_exn_rtti/lib/libc.a(aeabi_memset.c.o):(.debug_line)
   1a7e8    1a7e8       a1     1         C:/Users/24137/AppData/Local/stm32cube/bundles/st-arm-clang/19.1.6+st.10/bin/../lib/clang-runtimes/arm-none-eabi/armv7m_hard_fpv4_sp_d16_exn_rtti/lib/libc.a(bzero.c.o):(.debug_line)
   1a889    1a889       a6     1         C:/Users/24137/AppData/Local/stm32cube/bundles/st-arm-clang/19.1.6+st.10/bin/../lib/clang-runtimes/arm-none-eabi/armv7m_hard_fpv4_sp_d16_exn_rtti/lib/libc.a(memchr.c.o):(.debug_line)
   1a92f    1a92f       99     1         C:/Users/24137/AppData/Local/stm32cube/bundles/st-arm-clang/19.1.6+st.10/bin/../lib/clang-runtimes/arm-none-eabi/armv7m_hard_fpv4_sp_d16_exn_rtti/lib/libc.a(memcpy.c.o):(.debug_line)
   1a9c8    1a9c8       91     1         C:/Users/24137/AppData/Local/stm32cube/bundles/st-arm-clang/19.1.6+st.10/bin/../lib/clang-runtimes/arm-none-eabi/armv7m_hard_fpv4_sp_d16_exn_rtti/lib/libc.a(memset.c.o):(.debug_line)
   1aa59    1aa59       43     1         C:/Users/24137/AppData/Local/stm32cube/bundles/st-arm-clang/19.1.6+st.10/bin/../lib/clang-runtimes/arm-none-eabi/armv7m_hard_fpv4_sp_d16_exn_rtti/lib/libc.a(libc_errno_errno.c.o):(.debug_line)
   1aa9c    1aa9c       97     1         C:/Users/24137/AppData/Local/stm32cube/bundles/st-arm-clang/19.1.6+st.10/bin/../lib/clang-runtimes/arm-none-eabi/armv7m_hard_fpv4_sp_d16_exn_rtti/lib/libc.a(libc_misc_init.c.o):(.debug_line)
   1ab33    1ab33       59     1         C:/Users/24137/AppData/Local/stm32cube/bundles/st-arm-clang/19.1.6+st.10/bin/../lib/clang-runtimes/arm-none-eabi/armv7m_hard_fpv4_sp_d16_exn_rtti/lib/libc.a(libc_picolib_machine_arm_read_tp.S.o):(.debug_line)
   1ab8c    1ab8c       ad     1         C:/Users/24137/AppData/Local/stm32cube/bundles/st-arm-clang/19.1.6+st.10/bin/../lib/clang-runtimes/arm-none-eabi/armv7m_hard_fpv4_sp_d16_exn_rtti/lib/libc.a(libc_picolib_machine_arm_tls.c.o):(.debug_line)
   1ac39    1ac39      3f5     1         C:/Users/24137/AppData/Local/stm32cube/bundles/st-arm-clang/19.1.6+st.10/bin/../lib/clang-runtimes/arm-none-eabi/armv7m_hard_fpv4_sp_d16_exn_rtti/lib/libc.a(libc_tinystdio_strtof.c.o):(.debug_line)
   1b02e    1b02e       43     1         C:/Users/24137/AppData/Local/stm32cube/bundles/st-arm-clang/19.1.6+st.10/bin/../lib/clang-runtimes/arm-none-eabi/armv7m_hard_fpv4_sp_d16_exn_rtti/lib/libc.a(libc_ctype_ctype_.c.o):(.debug_line)
   1b071    1b071      1e1     1         C:/Users/24137/AppData/Local/stm32cube/bundles/st-arm-clang/19.1.6+st.10/bin/../lib/clang-runtimes/arm-none-eabi/armv7m_hard_fpv4_sp_d16_exn_rtti/lib/libc.a(libc_tinystdio_atof_ryu.c.o):(.debug_line)
   1b252    1b252      10d     1         C:/Users/24137/AppData/Local/stm32cube/bundles/st-arm-clang/19.1.6+st.10/bin/../lib/clang-runtimes/arm-none-eabi/armv7m_hard_fpv4_sp_d16_exn_rtti/lib/libc.a(libc_tinystdio_ryu_divpow2.c.o):(.debug_line)
   1b35f    1b35f       ba     1         C:/Users/24137/AppData/Local/stm32cube/bundles/st-arm-clang/19.1.6+st.10/bin/../lib/clang-runtimes/arm-none-eabi/armv7m_hard_fpv4_sp_d16_exn_rtti/lib/libc.a(libc_tinystdio_ryu_log2pow5.c.o):(.debug_line)
   1b419    1b419      1f5     1         C:/Users/24137/AppData/Local/stm32cube/bundles/st-arm-clang/19.1.6+st.10/bin/../lib/clang-runtimes/arm-none-eabi/armv7m_hard_fpv4_sp_d16_exn_rtti/lib/libc.a(libc_tinystdio_ryu_table.c.o):(.debug_line)
   1b60e    1b60e       99     1         C:/Users/24137/AppData/Local/stm32cube/bundles/st-arm-clang/19.1.6+st.10/bin/../lib/clang-runtimes/arm-none-eabi/armv7m_hard_fpv4_sp_d16_exn_rtti/lib/libc.a(libc_tinystdio_ryu_pow5bits.c.o):(.debug_line)
   1b6a7    1b6a7       e1     1         C:/Users/24137/AppData/Local/stm32cube/bundles/st-arm-clang/19.1.6+st.10/bin/../lib/clang-runtimes/arm-none-eabi/armv7m_hard_fpv4_sp_d16_exn_rtti/lib/libc.a(libc_tinystdio_ryu_umul128.c.o):(.debug_line)
   1b788    1b788       df     1         C:/Users/24137/AppData/Local/stm32cube/bundles/st-arm-clang/19.1.6+st.10/bin/../lib/clang-runtimes/arm-none-eabi/armv7m_hard_fpv4_sp_d16_exn_rtti/lib/libc.a(libm_common_sf_fpclassify.c.o):(.debug_line)
   1b867    1b867      958     1         C:/Users/24137/AppData/Local/stm32cube/bundles/st-arm-clang/19.1.6+st.10/bin/../lib/clang-runtimes/arm-none-eabi/armv7m_hard_fpv4_sp_d16_exn_rtti/lib/libc.a(libc_tinystdio_vfprintf.c.o):(.debug_line)
   1c1bf    1c1bf      1e1     1         C:/Users/24137/AppData/Local/stm32cube/bundles/st-arm-clang/19.1.6+st.10/bin/../lib/clang-runtimes/arm-none-eabi/armv7m_hard_fpv4_sp_d16_exn_rtti/lib/libc.a(libc_tinystdio_dtox_engine.c.o):(.debug_line)
   1c3a0    1c3a0      5fa     1         C:/Users/24137/AppData/Local/stm32cube/bundles/st-arm-clang/19.1.6+st.10/bin/../lib/clang-runtimes/arm-none-eabi/armv7m_hard_fpv4_sp_d16_exn_rtti/lib/libc.a(libc_tinystdio_dtoa_ryu.c.o):(.debug_line)
   1c99a    1c99a       b3     1         C:/Users/24137/AppData/Local/stm32cube/bundles/st-arm-clang/19.1.6+st.10/bin/../lib/clang-runtimes/arm-none-eabi/armv7m_hard_fpv4_sp_d16_exn_rtti/lib/libc.a(libc_tinystdio_ryu_log10.c.o):(.debug_line)
   1ca4d    1ca4d       94     1         C:/Users/24137/AppData/Local/stm32cube/bundles/st-arm-clang/19.1.6+st.10/bin/../lib/clang-runtimes/arm-none-eabi/armv7m_hard_fpv4_sp_d16_exn_rtti/lib/libc.a(libc_string_strnlen.c.o):(.debug_line)
   1cae1    1cae1      9bb     1         C:/Users/24137/AppData/Local/stm32cube/bundles/st-arm-clang/19.1.6+st.10/bin/../lib/clang-runtimes/arm-none-eabi/armv7m_hard_fpv4_sp_d16_exn_rtti/lib/libc.a(libc_tinystdio_vffprintf.c.o):(.debug_line)
   1d49c    1d49c      1c8     1         C:/Users/24137/AppData/Local/stm32cube/bundles/st-arm-clang/19.1.6+st.10/bin/../lib/clang-runtimes/arm-none-eabi/armv7m_hard_fpv4_sp_d16_exn_rtti/lib/libc.a(libc_tinystdio_ftox_engine.c.o):(.debug_line)
   1d664    1d664      4c6     1         C:/Users/24137/AppData/Local/stm32cube/bundles/st-arm-clang/19.1.6+st.10/bin/../lib/clang-runtimes/arm-none-eabi/armv7m_hard_fpv4_sp_d16_exn_rtti/lib/libc.a(libc_tinystdio_ftoa_ryu.c.o):(.debug_line)
   1db2a    1db2a      5a7     1         C:/Users/24137/AppData/Local/stm32cube/bundles/st-arm-clang/19.1.6+st.10/bin/../lib/clang-runtimes/arm-none-eabi/armv7m_hard_fpv4_sp_d16_exn_rtti/lib/libc.a(libc_tinystdio_vflprintf.c.o):(.debug_line)
   1e0d1    1e0d1      529     1         C:/Users/24137/AppData/Local/stm32cube/bundles/st-arm-clang/19.1.6+st.10/bin/../lib/clang-runtimes/arm-none-eabi/armv7m_hard_fpv4_sp_d16_exn_rtti/lib/libc.a(libc_tinystdio_vfiprintf.c.o):(.debug_line)
   1e5fa    1e5fa      333     1         C:/Users/24137/AppData/Local/stm32cube/bundles/st-arm-clang/19.1.6+st.10/bin/../lib/clang-runtimes/arm-none-eabi/armv7m_hard_fpv4_sp_d16_exn_rtti/lib/libc.a(libc_tinystdio_vfmprintf.c.o):(.debug_line)
   1e92d    1e92d      a05     1         C:/Users/24137/AppData/Local/stm32cube/bundles/st-arm-clang/19.1.6+st.10/bin/../lib/clang-runtimes/arm-none-eabi/armv7m_hard_fpv4_sp_d16_exn_rtti/lib/libc.a(libc_tinystdio_vfscanf.c.o):(.debug_line)
   1f332    1f332      21c     1         C:/Users/24137/AppData/Local/stm32cube/bundles/st-arm-clang/19.1.6+st.10/bin/../lib/clang-runtimes/arm-none-eabi/armv7m_hard_fpv4_sp_d16_exn_rtti/lib/libc.a(libc_tinystdio_atod_ryu.c.o):(.debug_line)
   1f54e    1f54e      12c     1         C:/Users/24137/AppData/Local/stm32cube/bundles/st-arm-clang/19.1.6+st.10/bin/../lib/clang-runtimes/arm-none-eabi/armv7m_hard_fpv4_sp_d16_exn_rtti/lib/libc.a(libc_tinystdio_fgetc.c.o):(.debug_line)
   1f67a    1f67a       fb     1         C:/Users/24137/AppData/Local/stm32cube/bundles/st-arm-clang/19.1.6+st.10/bin/../lib/clang-runtimes/arm-none-eabi/armv7m_hard_fpv4_sp_d16_exn_rtti/lib/libc.a(libc_tinystdio_ungetc.c.o):(.debug_line)
   1f775    1f775      927     1         C:/Users/24137/AppData/Local/stm32cube/bundles/st-arm-clang/19.1.6+st.10/bin/../lib/clang-runtimes/arm-none-eabi/armv7m_hard_fpv4_sp_d16_exn_rtti/lib/libc.a(libc_tinystdio_vffscanf.c.o):(.debug_line)
   2009c    2009c      530     1         C:/Users/24137/AppData/Local/stm32cube/bundles/st-arm-clang/19.1.6+st.10/bin/../lib/clang-runtimes/arm-none-eabi/armv7m_hard_fpv4_sp_d16_exn_rtti/lib/libc.a(libc_tinystdio_vflscanf.c.o):(.debug_line)
   205cc    205cc      512     1         C:/Users/24137/AppData/Local/stm32cube/bundles/st-arm-clang/19.1.6+st.10/bin/../lib/clang-runtimes/arm-none-eabi/armv7m_hard_fpv4_sp_d16_exn_rtti/lib/libc.a(libc_tinystdio_vfiscanf.c.o):(.debug_line)
   20ade    20ade      46e     1         C:/Users/24137/AppData/Local/stm32cube/bundles/st-arm-clang/19.1.6+st.10/bin/../lib/clang-runtimes/arm-none-eabi/armv7m_hard_fpv4_sp_d16_exn_rtti/lib/libc.a(libc_tinystdio_vfmscanf.c.o):(.debug_line)
       0        0     35cc     1 .debug_line_str
       0        0     35cc     1         <internal>:(.debug_line_str)
       0        0       70     1 .debug_aranges
       0        0       28     1         CMakeFiles/diankong_jie.dir/startup_stm32f405xx.s.obj:(.debug_aranges)
      28       28       20     1         C:/Users/24137/AppData/Local/stm32cube/bundles/st-arm-clang/19.1.6+st.10/bin/../lib/clang-runtimes/arm-none-eabi/armv7m_hard_fpv4_sp_d16_exn_rtti/lib/libc.a(strcmp.S.o):(.debug_aranges)
      48       48       28     1         C:/Users/24137/AppData/Local/stm32cube/bundles/st-arm-clang/19.1.6+st.10/bin/../lib/clang-runtimes/arm-none-eabi/armv7m_hard_fpv4_sp_d16_exn_rtti/lib/libc.a(libc_picolib_machine_arm_read_tp.S.o):(.debug_aranges)
       0        0     4550     4 .symtab
       0        0     4550     4         <internal>:(.symtab)
       0        0      153     1 .shstrtab
       0        0      153     1         <internal>:(.shstrtab)
       0        0     3560     1 .strtab
       0        0     3560     1         <internal>:(.strtab)
