STMicroelectronics Memory Configuration

Name     Origin   Length   Bytes-Used %age-Used Attributes
RAM 0x20000000 0x020000 0x008918       26%  rwx     
CCMRAM 0x10000000 0x010000 0x000000        0%  rwx     
FLASH 0x8000000 0x100000 0x00d1fc        5%  rx      

     VMA      LMA     Size Align Out     In      Symbol
       0        0        0     1 _estack = ORIGIN ( RAM ) + LENGTH ( RAM )
       0        0        0     1 _Min_Heap_Size = 0x200
       0        0        0     1 _Min_Stack_Size = 0x400
 8000000  8000000      188     1 .isr_vector
 8000000  8000000        0     1         . = ALIGN ( 4 )
 8000000  8000000      188     1         CMakeFiles/diankong_jie.dir/startup_stm32f405xx.s.obj:(.isr_vector)
 8000000  8000000      188     1                 g_pfnVectors
 8000188  8000188        0     1         . = ALIGN ( 4 )
 8000190  8000190     c588    16 .text
 8000190  8000190        0     1         . = ALIGN ( 4 )
 8000190  8000190       14     4         C:/Users/24137/AppData/Local/stm32cube/bundles/st-arm-clang/19.1.6+st.10/bin/../lib/clang-runtimes/arm-none-eabi/armv7m_hard_fpv4_sp_d16_exn_rtti/lib/libc.a(strcmp.S.o):(.text)
 8000190  8000190        0     1                 $t
 8000191  8000191       14     1                 strcmp
 80001a4  80001a4       14     4         C:/Users/24137/AppData/Local/stm32cube/bundles/st-arm-clang/19.1.6+st.10/bin/../lib/clang-runtimes/arm-none-eabi/armv7m_hard_fpv4_sp_d16_exn_rtti/lib/libclang_rt.builtins.a(aeabi_uldivmod.S.obj):(.text)
 80001a4  80001a4        0     1                 $t
 80001a5  80001a5       14     1                 __aeabi_uldivmod
 80001b8  80001b8       12     4         cmake/stm32cubemx/CMakeFiles/STM32_Drivers.dir/__/__/Core/Src/system_stm32f4xx.c.obj:(.text.SystemInit)
 80001b8  80001b8        0     1                 $t
 80001b9  80001b9       12     1                 SystemInit
 80001cc  80001cc       5c     4         cmake/stm32cubemx/CMakeFiles/STM32_Drivers.dir/__/__/Drivers/STM32F4xx_HAL_Driver/Src/stm32f4xx_hal_tim.c.obj:(.text.HAL_TIM_Base_Init)
 80001cc  80001cc        0     1                 $t
 80001cd  80001cd       5c     1                 HAL_TIM_Base_Init
 8000228  8000228        2     4         cmake/stm32cubemx/CMakeFiles/STM32_Drivers.dir/__/__/Drivers/STM32F4xx_HAL_Driver/Src/stm32f4xx_hal_tim.c.obj:(.text.HAL_TIM_Base_MspInit)
 8000228  8000228        0     1                 $t
 8000229  8000229        2     1                 HAL_TIM_Base_MspInit
 800022c  800022c      12e     4         cmake/stm32cubemx/CMakeFiles/STM32_Drivers.dir/__/__/Drivers/STM32F4xx_HAL_Driver/Src/stm32f4xx_hal_tim.c.obj:(.text.TIM_Base_SetConfig)
 800022c  800022c        0     1                 $t
 800022d  800022d      12e     1                 TIM_Base_SetConfig
 800035c  800035c       a8     4         cmake/stm32cubemx/CMakeFiles/STM32_Drivers.dir/__/__/Drivers/STM32F4xx_HAL_Driver/Src/stm32f4xx_hal_tim.c.obj:(.text.HAL_TIM_Base_Start_IT)
 800035c  800035c        0     1                 $t
 800035d  800035d       a8     1                 HAL_TIM_Base_Start_IT
 8000404  8000404      156     4         cmake/stm32cubemx/CMakeFiles/STM32_Drivers.dir/__/__/Drivers/STM32F4xx_HAL_Driver/Src/stm32f4xx_hal_tim.c.obj:(.text.HAL_TIM_IRQHandler)
 8000404  8000404        0     1                 $t
 8000405  8000405      156     1                 HAL_TIM_IRQHandler
 800055c  800055c        2     4         cmake/stm32cubemx/CMakeFiles/STM32_Drivers.dir/__/__/Drivers/STM32F4xx_HAL_Driver/Src/stm32f4xx_hal_tim.c.obj:(.text.HAL_TIM_IC_CaptureCallback)
 800055c  800055c        0     1                 $t
 800055d  800055d        2     1                 HAL_TIM_IC_CaptureCallback
 8000560  8000560        2     4         cmake/stm32cubemx/CMakeFiles/STM32_Drivers.dir/__/__/Drivers/STM32F4xx_HAL_Driver/Src/stm32f4xx_hal_tim.c.obj:(.text.HAL_TIM_OC_DelayElapsedCallback)
 8000560  8000560        0     1                 $t
 8000561  8000561        2     1                 HAL_TIM_OC_DelayElapsedCallback
 8000564  8000564        2     4         cmake/stm32cubemx/CMakeFiles/STM32_Drivers.dir/__/__/Drivers/STM32F4xx_HAL_Driver/Src/stm32f4xx_hal_tim.c.obj:(.text.HAL_TIM_PWM_PulseFinishedCallback)
 8000564  8000564        0     1                 $t
 8000565  8000565        2     1                 HAL_TIM_PWM_PulseFinishedCallback
 8000568  8000568        2     4         cmake/stm32cubemx/CMakeFiles/STM32_Drivers.dir/__/__/Drivers/STM32F4xx_HAL_Driver/Src/stm32f4xx_hal_tim.c.obj:(.text.HAL_TIM_TriggerCallback)
 8000568  8000568        0     1                 $t
 8000569  8000569        2     1                 HAL_TIM_TriggerCallback
 800056c  800056c        2     4         cmake/stm32cubemx/CMakeFiles/STM32_Drivers.dir/__/__/Drivers/STM32F4xx_HAL_Driver/Src/stm32f4xx_hal_tim_ex.c.obj:(.text.HAL_TIMEx_CommutCallback)
 800056c  800056c        0     1                 $t
 800056d  800056d        2     1                 HAL_TIMEx_CommutCallback
 8000570  8000570        2     4         cmake/stm32cubemx/CMakeFiles/STM32_Drivers.dir/__/__/Drivers/STM32F4xx_HAL_Driver/Src/stm32f4xx_hal_tim_ex.c.obj:(.text.HAL_TIMEx_BreakCallback)
 8000570  8000570        0     1                 $t
 8000571  8000571        2     1                 HAL_TIMEx_BreakCallback
 8000574  8000574       dc     4         cmake/stm32cubemx/CMakeFiles/STM32_Drivers.dir/__/__/Drivers/STM32F4xx_HAL_Driver/Src/stm32f4xx_hal_pcd.c.obj:(.text.HAL_PCD_Init)
 8000574  8000574        0     1                 $t
 8000575  8000575       dc     1                 HAL_PCD_Init
 8000650  8000650       40     4         cmake/stm32cubemx/CMakeFiles/STM32_Drivers.dir/__/__/Drivers/STM32F4xx_HAL_Driver/Src/stm32f4xx_hal_pcd.c.obj:(.text.HAL_PCD_Start)
 8000650  8000650        0     1                 $t
 8000651  8000651       40     1                 HAL_PCD_Start
 8000690  8000690      78c     4         cmake/stm32cubemx/CMakeFiles/STM32_Drivers.dir/__/__/Drivers/STM32F4xx_HAL_Driver/Src/stm32f4xx_hal_pcd.c.obj:(.text.HAL_PCD_IRQHandler)
 8000690  8000690        0     1                 $t
 8000691  8000691      78c     1                 HAL_PCD_IRQHandler
 8000e1c  8000e1c       2a     4         cmake/stm32cubemx/CMakeFiles/STM32_Drivers.dir/__/__/Drivers/STM32F4xx_HAL_Driver/Src/stm32f4xx_hal_pcd.c.obj:(.text.HAL_PCD_SetAddress)
 8000e1c  8000e1c        0     1                 $t
 8000e1d  8000e1d       2a     1                 HAL_PCD_SetAddress
 8000e48  8000e48       74     4         cmake/stm32cubemx/CMakeFiles/STM32_Drivers.dir/__/__/Drivers/STM32F4xx_HAL_Driver/Src/stm32f4xx_hal_pcd.c.obj:(.text.HAL_PCD_EP_Open)
 8000e48  8000e48        0     1                 $t
 8000e49  8000e49       74     1                 HAL_PCD_EP_Open
 8000ebc  8000ebc       52     4         cmake/stm32cubemx/CMakeFiles/STM32_Drivers.dir/__/__/Drivers/STM32F4xx_HAL_Driver/Src/stm32f4xx_hal_pcd.c.obj:(.text.HAL_PCD_EP_Close)
 8000ebc  8000ebc        0     1                 $t
 8000ebd  8000ebd       52     1                 HAL_PCD_EP_Close
 8000f10  8000f10       44     4         cmake/stm32cubemx/CMakeFiles/STM32_Drivers.dir/__/__/Drivers/STM32F4xx_HAL_Driver/Src/stm32f4xx_hal_pcd.c.obj:(.text.HAL_PCD_EP_Receive)
 8000f10  8000f10        0     1                 $t
 8000f11  8000f11       44     1                 HAL_PCD_EP_Receive
 8000f54  8000f54       12     4         cmake/stm32cubemx/CMakeFiles/STM32_Drivers.dir/__/__/Drivers/STM32F4xx_HAL_Driver/Src/stm32f4xx_hal_pcd.c.obj:(.text.HAL_PCD_EP_GetRxCount)
 8000f54  8000f54        0     1                 $t
 8000f55  8000f55       12     1                 HAL_PCD_EP_GetRxCount
 8000f68  8000f68       3c     4         cmake/stm32cubemx/CMakeFiles/STM32_Drivers.dir/__/__/Drivers/STM32F4xx_HAL_Driver/Src/stm32f4xx_hal_pcd.c.obj:(.text.HAL_PCD_EP_Transmit)
 8000f68  8000f68        0     1                 $t
 8000f69  8000f69       3c     1                 HAL_PCD_EP_Transmit
 8000fa4  8000fa4       70     4         cmake/stm32cubemx/CMakeFiles/STM32_Drivers.dir/__/__/Drivers/STM32F4xx_HAL_Driver/Src/stm32f4xx_hal_pcd.c.obj:(.text.HAL_PCD_EP_SetStall)
 8000fa4  8000fa4        0     1                 $t
 8000fa5  8000fa5       70     1                 HAL_PCD_EP_SetStall
 8001014  8001014       60     4         cmake/stm32cubemx/CMakeFiles/STM32_Drivers.dir/__/__/Drivers/STM32F4xx_HAL_Driver/Src/stm32f4xx_hal_pcd.c.obj:(.text.HAL_PCD_EP_ClrStall)
 8001014  8001014        0     1                 $t
 8001015  8001015       60     1                 HAL_PCD_EP_ClrStall
 8001074  8001074       52     4         cmake/stm32cubemx/CMakeFiles/STM32_Drivers.dir/__/__/Drivers/STM32F4xx_HAL_Driver/Src/stm32f4xx_hal_pcd_ex.c.obj:(.text.HAL_PCDEx_SetTxFiFo)
 8001074  8001074        0     1                 $t
 8001075  8001075       52     1                 HAL_PCDEx_SetTxFiFo
 80010c8  80010c8        8     4         cmake/stm32cubemx/CMakeFiles/STM32_Drivers.dir/__/__/Drivers/STM32F4xx_HAL_Driver/Src/stm32f4xx_hal_pcd_ex.c.obj:(.text.HAL_PCDEx_SetRxFiFo)
 80010c8  80010c8        0     1                 $t
 80010c9  80010c9        8     1                 HAL_PCDEx_SetRxFiFo
 80010d0  80010d0        2     4         cmake/stm32cubemx/CMakeFiles/STM32_Drivers.dir/__/__/Drivers/STM32F4xx_HAL_Driver/Src/stm32f4xx_hal_pcd_ex.c.obj:(.text.HAL_PCDEx_LPM_Callback)
 80010d0  80010d0        0     1                 $t
 80010d1  80010d1        2     1                 HAL_PCDEx_LPM_Callback
 80010d4  80010d4      114     4         cmake/stm32cubemx/CMakeFiles/STM32_Drivers.dir/__/__/Drivers/STM32F4xx_HAL_Driver/Src/stm32f4xx_ll_usb.c.obj:(.text.USB_CoreInit)
 80010d4  80010d4        0     1                 $t
 80010d5  80010d5      114     1                 USB_CoreInit
 80011e8  80011e8      110     4         cmake/stm32cubemx/CMakeFiles/STM32_Drivers.dir/__/__/Drivers/STM32F4xx_HAL_Driver/Src/stm32f4xx_ll_usb.c.obj:(.text.USB_SetTurnaroundTime)
 80011e8  80011e8        0     1                 $t
 80011e9  80011e9      110     1                 USB_SetTurnaroundTime
 80012f8  80012f8        e     4         cmake/stm32cubemx/CMakeFiles/STM32_Drivers.dir/__/__/Drivers/STM32F4xx_HAL_Driver/Src/stm32f4xx_ll_usb.c.obj:(.text.USB_EnableGlobalInt)
 80012f8  80012f8        0     1                 $t
 80012f9  80012f9        e     1                 USB_EnableGlobalInt
 8001308  8001308        e     4         cmake/stm32cubemx/CMakeFiles/STM32_Drivers.dir/__/__/Drivers/STM32F4xx_HAL_Driver/Src/stm32f4xx_ll_usb.c.obj:(.text.USB_DisableGlobalInt)
 8001308  8001308        0     1                 $t
 8001309  8001309        e     1                 USB_DisableGlobalInt
 8001318  8001318       68     4         cmake/stm32cubemx/CMakeFiles/STM32_Drivers.dir/__/__/Drivers/STM32F4xx_HAL_Driver/Src/stm32f4xx_ll_usb.c.obj:(.text.USB_SetCurrentMode)
 8001318  8001318        0     1                 $t
 8001319  8001319       68     1                 USB_SetCurrentMode
 8001380  8001380        8     4         cmake/stm32cubemx/CMakeFiles/STM32_Drivers.dir/__/__/Drivers/STM32F4xx_HAL_Driver/Src/stm32f4xx_ll_usb.c.obj:(.text.USB_GetMode)
 8001380  8001380        0     1                 $t
 8001381  8001381        8     1                 USB_GetMode
 8001388  8001388      1f4     4         cmake/stm32cubemx/CMakeFiles/STM32_Drivers.dir/__/__/Drivers/STM32F4xx_HAL_Driver/Src/stm32f4xx_ll_usb.c.obj:(.text.USB_DevInit)
 8001388  8001388        0     1                 $t
 8001389  8001389      1f4     1                 USB_DevInit
 800157c  800157c       48     4         cmake/stm32cubemx/CMakeFiles/STM32_Drivers.dir/__/__/Drivers/STM32F4xx_HAL_Driver/Src/stm32f4xx_ll_usb.c.obj:(.text.USB_FlushTxFifo)
 800157c  800157c        0     1                 $t
 800157d  800157d       48     1                 USB_FlushTxFifo
 80015c4  80015c4       1a     4         cmake/stm32cubemx/CMakeFiles/STM32_Drivers.dir/__/__/Drivers/STM32F4xx_HAL_Driver/Src/stm32f4xx_ll_usb.c.obj:(.text.USB_GetDevSpeed)
 80015c4  80015c4        0     1                 $t
 80015c5  80015c5       1a     1                 USB_GetDevSpeed
 80015e0  80015e0       82     4         cmake/stm32cubemx/CMakeFiles/STM32_Drivers.dir/__/__/Drivers/STM32F4xx_HAL_Driver/Src/stm32f4xx_ll_usb.c.obj:(.text.USB_ActivateEndpoint)
 80015e0  80015e0        0     1                 $t
 80015e1  80015e1       82     1                 USB_ActivateEndpoint
 8001664  8001664       82     4         cmake/stm32cubemx/CMakeFiles/STM32_Drivers.dir/__/__/Drivers/STM32F4xx_HAL_Driver/Src/stm32f4xx_ll_usb.c.obj:(.text.USB_DeactivateEndpoint)
 8001664  8001664        0     1                 $t
 8001665  8001665       82     1                 USB_DeactivateEndpoint
 80016e8  80016e8      1f6     4         cmake/stm32cubemx/CMakeFiles/STM32_Drivers.dir/__/__/Drivers/STM32F4xx_HAL_Driver/Src/stm32f4xx_ll_usb.c.obj:(.text.USB_EPStartXfer)
 80016e8  80016e8        0     1                 $t
 80016e9  80016e9      1f6     1                 USB_EPStartXfer
 80018e0  80018e0       28     4         cmake/stm32cubemx/CMakeFiles/STM32_Drivers.dir/__/__/Drivers/STM32F4xx_HAL_Driver/Src/stm32f4xx_ll_usb.c.obj:(.text.USB_WritePacket)
 80018e0  80018e0        0     1                 $t
 80018e1  80018e1       28     1                 USB_WritePacket
 8001908  8001908       8a     4         cmake/stm32cubemx/CMakeFiles/STM32_Drivers.dir/__/__/Drivers/STM32F4xx_HAL_Driver/Src/stm32f4xx_ll_usb.c.obj:(.text.USB_EPStopXfer)
 8001908  8001908        0     1                 $t
 8001909  8001909       8a     1                 USB_EPStopXfer
 8001994  8001994       46     4         cmake/stm32cubemx/CMakeFiles/STM32_Drivers.dir/__/__/Drivers/STM32F4xx_HAL_Driver/Src/stm32f4xx_ll_usb.c.obj:(.text.USB_ReadPacket)
 8001994  8001994        0     1                 $t
 8001995  8001995       46     1                 USB_ReadPacket
 80019dc  80019dc       3c     4         cmake/stm32cubemx/CMakeFiles/STM32_Drivers.dir/__/__/Drivers/STM32F4xx_HAL_Driver/Src/stm32f4xx_ll_usb.c.obj:(.text.USB_EPSetStall)
 80019dc  80019dc        0     1                 $t
 80019dd  80019dd       3c     1                 USB_EPSetStall
 8001a18  8001a18       50     4         cmake/stm32cubemx/CMakeFiles/STM32_Drivers.dir/__/__/Drivers/STM32F4xx_HAL_Driver/Src/stm32f4xx_ll_usb.c.obj:(.text.USB_EPClearStall)
 8001a18  8001a18        0     1                 $t
 8001a19  8001a19       50     1                 USB_EPClearStall
 8001a68  8001a68       22     4         cmake/stm32cubemx/CMakeFiles/STM32_Drivers.dir/__/__/Drivers/STM32F4xx_HAL_Driver/Src/stm32f4xx_ll_usb.c.obj:(.text.USB_SetDevAddress)
 8001a68  8001a68        0     1                 $t
 8001a69  8001a69       22     1                 USB_SetDevAddress
 8001a8c  8001a8c       1e     4         cmake/stm32cubemx/CMakeFiles/STM32_Drivers.dir/__/__/Drivers/STM32F4xx_HAL_Driver/Src/stm32f4xx_ll_usb.c.obj:(.text.USB_DevConnect)
 8001a8c  8001a8c        0     1                 $t
 8001a8d  8001a8d       1e     1                 USB_DevConnect
 8001aac  8001aac       1e     4         cmake/stm32cubemx/CMakeFiles/STM32_Drivers.dir/__/__/Drivers/STM32F4xx_HAL_Driver/Src/stm32f4xx_ll_usb.c.obj:(.text.USB_DevDisconnect)
 8001aac  8001aac        0     1                 $t
 8001aad  8001aad       1e     1                 USB_DevDisconnect
 8001acc  8001acc        8     4         cmake/stm32cubemx/CMakeFiles/STM32_Drivers.dir/__/__/Drivers/STM32F4xx_HAL_Driver/Src/stm32f4xx_ll_usb.c.obj:(.text.USB_ReadInterrupts)
 8001acc  8001acc        0     1                 $t
 8001acd  8001acd        8     1                 USB_ReadInterrupts
 8001ad4  8001ad4        e     4         cmake/stm32cubemx/CMakeFiles/STM32_Drivers.dir/__/__/Drivers/STM32F4xx_HAL_Driver/Src/stm32f4xx_ll_usb.c.obj:(.text.USB_ReadDevAllOutEpInterrupt)
 8001ad4  8001ad4        0     1                 $t
 8001ad5  8001ad5        e     1                 USB_ReadDevAllOutEpInterrupt
 8001ae4  8001ae4        e     4         cmake/stm32cubemx/CMakeFiles/STM32_Drivers.dir/__/__/Drivers/STM32F4xx_HAL_Driver/Src/stm32f4xx_ll_usb.c.obj:(.text.USB_ReadDevAllInEpInterrupt)
 8001ae4  8001ae4        0     1                 $t
 8001ae5  8001ae5        e     1                 USB_ReadDevAllInEpInterrupt
 8001af4  8001af4       10     4         cmake/stm32cubemx/CMakeFiles/STM32_Drivers.dir/__/__/Drivers/STM32F4xx_HAL_Driver/Src/stm32f4xx_ll_usb.c.obj:(.text.USB_ReadDevOutEPInterrupt)
 8001af4  8001af4        0     1                 $t
 8001af5  8001af5       10     1                 USB_ReadDevOutEPInterrupt
 8001b04  8001b04       24     4         cmake/stm32cubemx/CMakeFiles/STM32_Drivers.dir/__/__/Drivers/STM32F4xx_HAL_Driver/Src/stm32f4xx_ll_usb.c.obj:(.text.USB_ReadDevInEPInterrupt)
 8001b04  8001b04        0     1                 $t
 8001b05  8001b05       24     1                 USB_ReadDevInEPInterrupt
 8001b28  8001b28       20     4         cmake/stm32cubemx/CMakeFiles/STM32_Drivers.dir/__/__/Drivers/STM32F4xx_HAL_Driver/Src/stm32f4xx_ll_usb.c.obj:(.text.USB_ActivateSetup)
 8001b28  8001b28        0     1                 $t
 8001b29  8001b29       20     1                 USB_ActivateSetup
 8001b48  8001b48       5a     4         cmake/stm32cubemx/CMakeFiles/STM32_Drivers.dir/__/__/Drivers/STM32F4xx_HAL_Driver/Src/stm32f4xx_ll_usb.c.obj:(.text.USB_EP0_OutStart)
 8001b48  8001b48        0     1                 $t
 8001b49  8001b49       5a     1                 USB_EP0_OutStart
 8001ba4  8001ba4      378     4         cmake/stm32cubemx/CMakeFiles/STM32_Drivers.dir/__/__/Drivers/STM32F4xx_HAL_Driver/Src/stm32f4xx_hal_rcc.c.obj:(.text.HAL_RCC_OscConfig)
 8001ba4  8001ba4        0     1                 $t
 8001ba5  8001ba5      378     1                 HAL_RCC_OscConfig
 8001f1c  8001f1c      15c     4         cmake/stm32cubemx/CMakeFiles/STM32_Drivers.dir/__/__/Drivers/STM32F4xx_HAL_Driver/Src/stm32f4xx_hal_rcc.c.obj:(.text.HAL_RCC_ClockConfig)
 8001f1c  8001f1c        0     1                 $t
 8001f1d  8001f1d      15c     1                 HAL_RCC_ClockConfig
 8002078  8002078       6c     4         cmake/stm32cubemx/CMakeFiles/STM32_Drivers.dir/__/__/Drivers/STM32F4xx_HAL_Driver/Src/stm32f4xx_hal_rcc.c.obj:(.text.HAL_RCC_GetSysClockFreq)
 8002078  8002078        0     1                 $t
 8002079  8002079       6c     1                 HAL_RCC_GetSysClockFreq
 8002096  8002096        0     1                 $d
 800209a  800209a        0     1                 $t
 80020e4  80020e4        c     4         cmake/stm32cubemx/CMakeFiles/STM32_Drivers.dir/__/__/Drivers/STM32F4xx_HAL_Driver/Src/stm32f4xx_hal_rcc.c.obj:(.text.HAL_RCC_GetHCLKFreq)
 80020e4  80020e4        0     1                 $t
 80020e5  80020e5        c     1                 HAL_RCC_GetHCLKFreq
 80020f0  80020f0       26     4         cmake/stm32cubemx/CMakeFiles/STM32_Drivers.dir/__/__/Drivers/STM32F4xx_HAL_Driver/Src/stm32f4xx_hal_rcc.c.obj:(.text.HAL_RCC_GetPCLK1Freq)
 80020f0  80020f0        0     1                 $t
 80020f1  80020f1       26     1                 HAL_RCC_GetPCLK1Freq
 8002118  8002118       26     4         cmake/stm32cubemx/CMakeFiles/STM32_Drivers.dir/__/__/Drivers/STM32F4xx_HAL_Driver/Src/stm32f4xx_hal_rcc.c.obj:(.text.HAL_RCC_GetPCLK2Freq)
 8002118  8002118        0     1                 $t
 8002119  8002119       26     1                 HAL_RCC_GetPCLK2Freq
 8002140  8002140       3e     4         cmake/stm32cubemx/CMakeFiles/STM32_Drivers.dir/__/__/Drivers/STM32F4xx_HAL_Driver/Src/stm32f4xx_hal_rcc.c.obj:(.text.HAL_RCC_GetClockConfig)
 8002140  8002140        0     1                 $t
 8002141  8002141       3e     1                 HAL_RCC_GetClockConfig
 8002180  8002180      19a     4         cmake/stm32cubemx/CMakeFiles/STM32_Drivers.dir/__/__/Drivers/STM32F4xx_HAL_Driver/Src/stm32f4xx_hal_gpio.c.obj:(.text.HAL_GPIO_Init)
 8002180  8002180        0     1                 $t
 8002181  8002181      19a     1                 HAL_GPIO_Init
 800231c  800231c      146     4         cmake/stm32cubemx/CMakeFiles/STM32_Drivers.dir/__/__/Drivers/STM32F4xx_HAL_Driver/Src/stm32f4xx_hal_dma.c.obj:(.text.HAL_DMA_Init)
 800231c  800231c        0     1                 $t
 800231d  800231d      146     1                 HAL_DMA_Init
 80023e4  80023e4        0     1                 $d
 80023e8  80023e8        0     1                 $t
 8002464  8002464       ae     4         cmake/stm32cubemx/CMakeFiles/STM32_Drivers.dir/__/__/Drivers/STM32F4xx_HAL_Driver/Src/stm32f4xx_hal_dma.c.obj:(.text.HAL_DMA_Start_IT)
 8002464  8002464        0     1                 $t
 8002465  8002465       ae     1                 HAL_DMA_Start_IT
 8002514  8002514       88     4         cmake/stm32cubemx/CMakeFiles/STM32_Drivers.dir/__/__/Drivers/STM32F4xx_HAL_Driver/Src/stm32f4xx_hal_dma.c.obj:(.text.HAL_DMA_Abort)
 8002514  8002514        0     1                 $t
 8002515  8002515       88     1                 HAL_DMA_Abort
 800259c  800259c       24     4         cmake/stm32cubemx/CMakeFiles/STM32_Drivers.dir/__/__/Drivers/STM32F4xx_HAL_Driver/Src/stm32f4xx_hal_dma.c.obj:(.text.HAL_DMA_Abort_IT)
 800259c  800259c        0     1                 $t
 800259d  800259d       24     1                 HAL_DMA_Abort_IT
 80025c0  80025c0      198     4         cmake/stm32cubemx/CMakeFiles/STM32_Drivers.dir/__/__/Drivers/STM32F4xx_HAL_Driver/Src/stm32f4xx_hal_dma.c.obj:(.text.HAL_DMA_IRQHandler)
 80025c0  80025c0        0     1                 $t
 80025c1  80025c1      198     1                 HAL_DMA_IRQHandler
 8002758  8002758       20     4         cmake/stm32cubemx/CMakeFiles/STM32_Drivers.dir/__/__/Drivers/STM32F4xx_HAL_Driver/Src/stm32f4xx_hal_cortex.c.obj:(.text.HAL_NVIC_SetPriorityGrouping)
 8002758  8002758        0     1                 $t
 8002759  8002759       20     1                 HAL_NVIC_SetPriorityGrouping
 8002778  8002778       58     4         cmake/stm32cubemx/CMakeFiles/STM32_Drivers.dir/__/__/Drivers/STM32F4xx_HAL_Driver/Src/stm32f4xx_hal_cortex.c.obj:(.text.HAL_NVIC_SetPriority)
 8002778  8002778        0     1                 $t
 8002779  8002779       58     1                 HAL_NVIC_SetPriority
 80027d0  80027d0       22     4         cmake/stm32cubemx/CMakeFiles/STM32_Drivers.dir/__/__/Drivers/STM32F4xx_HAL_Driver/Src/stm32f4xx_hal_cortex.c.obj:(.text.HAL_NVIC_EnableIRQ)
 80027d0  80027d0        0     1                 $t
 80027d1  80027d1       22     1                 HAL_NVIC_EnableIRQ
 80027f4  80027f4       38     4         cmake/stm32cubemx/CMakeFiles/STM32_Drivers.dir/__/__/Drivers/STM32F4xx_HAL_Driver/Src/stm32f4xx_hal.c.obj:(.text.HAL_Init)
 80027f4  80027f4        0     1                 $t
 80027f5  80027f5       38     1                 HAL_Init
 800282c  800282c       1a     4         cmake/stm32cubemx/CMakeFiles/STM32_Drivers.dir/__/__/Drivers/STM32F4xx_HAL_Driver/Src/stm32f4xx_hal.c.obj:(.text.HAL_IncTick)
 800282c  800282c        0     1                 $t
 800282d  800282d       1a     1                 HAL_IncTick
 8002848  8002848        c     4         cmake/stm32cubemx/CMakeFiles/STM32_Drivers.dir/__/__/Drivers/STM32F4xx_HAL_Driver/Src/stm32f4xx_hal.c.obj:(.text.HAL_GetTick)
 8002848  8002848        0     1                 $t
 8002849  8002849        c     1                 HAL_GetTick
 8002854  8002854       28     4         cmake/stm32cubemx/CMakeFiles/STM32_Drivers.dir/__/__/Drivers/STM32F4xx_HAL_Driver/Src/stm32f4xx_hal.c.obj:(.text.HAL_Delay)
 8002854  8002854        0     1                 $t
 8002855  8002855       28     1                 HAL_Delay
 800287c  800287c       f8     4         cmake/stm32cubemx/CMakeFiles/STM32_Drivers.dir/__/__/Drivers/STM32F4xx_HAL_Driver/Src/stm32f4xx_hal_can.c.obj:(.text.HAL_CAN_Init)
 800287c  800287c        0     1                 $t
 800287d  800287d       f8     1                 HAL_CAN_Init
 8002974  8002974       e0     4         cmake/stm32cubemx/CMakeFiles/STM32_Drivers.dir/__/__/Drivers/STM32F4xx_HAL_Driver/Src/stm32f4xx_hal_can.c.obj:(.text.HAL_CAN_ConfigFilter)
 8002974  8002974        0     1                 $t
 8002975  8002975       e0     1                 HAL_CAN_ConfigFilter
 8002a54  8002a54       5a     4         cmake/stm32cubemx/CMakeFiles/STM32_Drivers.dir/__/__/Drivers/STM32F4xx_HAL_Driver/Src/stm32f4xx_hal_can.c.obj:(.text.HAL_CAN_Start)
 8002a54  8002a54        0     1                 $t
 8002a55  8002a55       5a     1                 HAL_CAN_Start
 8002ab0  8002ab0       96     4         cmake/stm32cubemx/CMakeFiles/STM32_Drivers.dir/__/__/Drivers/STM32F4xx_HAL_Driver/Src/stm32f4xx_hal_can.c.obj:(.text.HAL_CAN_AddTxMessage)
 8002ab0  8002ab0        0     1                 $t
 8002ab1  8002ab1       96     1                 HAL_CAN_AddTxMessage
 8002b48  8002b48       28     4         cmake/stm32cubemx/CMakeFiles/STM32_Drivers.dir/__/__/Drivers/STM32F4xx_HAL_Driver/Src/stm32f4xx_hal_can.c.obj:(.text.HAL_CAN_GetTxMailboxesFreeLevel)
 8002b48  8002b48        0     1                 $t
 8002b49  8002b49       28     1                 HAL_CAN_GetTxMailboxesFreeLevel
 8002b70  8002b70      11e     4         cmake/stm32cubemx/CMakeFiles/STM32_Drivers.dir/__/__/Drivers/STM32F4xx_HAL_Driver/Src/stm32f4xx_hal_can.c.obj:(.text.HAL_CAN_GetRxMessage)
 8002b70  8002b70        0     1                 $t
 8002b71  8002b71      11e     1                 HAL_CAN_GetRxMessage
 8002c90  8002c90       26     4         cmake/stm32cubemx/CMakeFiles/STM32_Drivers.dir/__/__/Drivers/STM32F4xx_HAL_Driver/Src/stm32f4xx_hal_can.c.obj:(.text.HAL_CAN_ActivateNotification)
 8002c90  8002c90        0     1                 $t
 8002c91  8002c91       26     1                 HAL_CAN_ActivateNotification
 8002cb8  8002cb8      270     4         cmake/stm32cubemx/CMakeFiles/STM32_Drivers.dir/__/__/Drivers/STM32F4xx_HAL_Driver/Src/stm32f4xx_hal_can.c.obj:(.text.HAL_CAN_IRQHandler)
 8002cb8  8002cb8        0     1                 $t
 8002cb9  8002cb9      270     1                 HAL_CAN_IRQHandler
 8002e20  8002e20        0     1                 $d
 8002e26  8002e26        0     1                 $t
 8002f28  8002f28        2     4         cmake/stm32cubemx/CMakeFiles/STM32_Drivers.dir/__/__/Drivers/STM32F4xx_HAL_Driver/Src/stm32f4xx_hal_can.c.obj:(.text.HAL_CAN_TxMailbox0CompleteCallback)
 8002f28  8002f28        0     1                 $t
 8002f29  8002f29        2     1                 HAL_CAN_TxMailbox0CompleteCallback
 8002f2c  8002f2c        2     4         cmake/stm32cubemx/CMakeFiles/STM32_Drivers.dir/__/__/Drivers/STM32F4xx_HAL_Driver/Src/stm32f4xx_hal_can.c.obj:(.text.HAL_CAN_TxMailbox0AbortCallback)
 8002f2c  8002f2c        0     1                 $t
 8002f2d  8002f2d        2     1                 HAL_CAN_TxMailbox0AbortCallback
 8002f30  8002f30        2     4         cmake/stm32cubemx/CMakeFiles/STM32_Drivers.dir/__/__/Drivers/STM32F4xx_HAL_Driver/Src/stm32f4xx_hal_can.c.obj:(.text.HAL_CAN_TxMailbox1CompleteCallback)
 8002f30  8002f30        0     1                 $t
 8002f31  8002f31        2     1                 HAL_CAN_TxMailbox1CompleteCallback
 8002f34  8002f34        2     4         cmake/stm32cubemx/CMakeFiles/STM32_Drivers.dir/__/__/Drivers/STM32F4xx_HAL_Driver/Src/stm32f4xx_hal_can.c.obj:(.text.HAL_CAN_TxMailbox1AbortCallback)
 8002f34  8002f34        0     1                 $t
 8002f35  8002f35        2     1                 HAL_CAN_TxMailbox1AbortCallback
 8002f38  8002f38        2     4         cmake/stm32cubemx/CMakeFiles/STM32_Drivers.dir/__/__/Drivers/STM32F4xx_HAL_Driver/Src/stm32f4xx_hal_can.c.obj:(.text.HAL_CAN_TxMailbox2CompleteCallback)
 8002f38  8002f38        0     1                 $t
 8002f39  8002f39        2     1                 HAL_CAN_TxMailbox2CompleteCallback
 8002f3c  8002f3c        2     4         cmake/stm32cubemx/CMakeFiles/STM32_Drivers.dir/__/__/Drivers/STM32F4xx_HAL_Driver/Src/stm32f4xx_hal_can.c.obj:(.text.HAL_CAN_TxMailbox2AbortCallback)
 8002f3c  8002f3c        0     1                 $t
 8002f3d  8002f3d        2     1                 HAL_CAN_TxMailbox2AbortCallback
 8002f40  8002f40        2     4         cmake/stm32cubemx/CMakeFiles/STM32_Drivers.dir/__/__/Drivers/STM32F4xx_HAL_Driver/Src/stm32f4xx_hal_can.c.obj:(.text.HAL_CAN_RxFifo0FullCallback)
 8002f40  8002f40        0     1                 $t
 8002f41  8002f41        2     1                 HAL_CAN_RxFifo0FullCallback
 8002f44  8002f44        2     4         cmake/stm32cubemx/CMakeFiles/STM32_Drivers.dir/__/__/Drivers/STM32F4xx_HAL_Driver/Src/stm32f4xx_hal_can.c.obj:(.text.HAL_CAN_RxFifo1FullCallback)
 8002f44  8002f44        0     1                 $t
 8002f45  8002f45        2     1                 HAL_CAN_RxFifo1FullCallback
 8002f48  8002f48        2     4         cmake/stm32cubemx/CMakeFiles/STM32_Drivers.dir/__/__/Drivers/STM32F4xx_HAL_Driver/Src/stm32f4xx_hal_can.c.obj:(.text.HAL_CAN_SleepCallback)
 8002f48  8002f48        0     1                 $t
 8002f49  8002f49        2     1                 HAL_CAN_SleepCallback
 8002f4c  8002f4c        2     4         cmake/stm32cubemx/CMakeFiles/STM32_Drivers.dir/__/__/Drivers/STM32F4xx_HAL_Driver/Src/stm32f4xx_hal_can.c.obj:(.text.HAL_CAN_WakeUpFromRxMsgCallback)
 8002f4c  8002f4c        0     1                 $t
 8002f4d  8002f4d        2     1                 HAL_CAN_WakeUpFromRxMsgCallback
 8002f50  8002f50        2     4         cmake/stm32cubemx/CMakeFiles/STM32_Drivers.dir/__/__/Drivers/STM32F4xx_HAL_Driver/Src/stm32f4xx_hal_can.c.obj:(.text.HAL_CAN_ErrorCallback)
 8002f50  8002f50        0     1                 $t
 8002f51  8002f51        2     1                 HAL_CAN_ErrorCallback
 8002f54  8002f54       62     4         cmake/stm32cubemx/CMakeFiles/STM32_Drivers.dir/__/__/Drivers/STM32F4xx_HAL_Driver/Src/stm32f4xx_hal_uart.c.obj:(.text.HAL_UART_Init)
 8002f54  8002f54        0     1                 $t
 8002f55  8002f55       62     1                 HAL_UART_Init
 8002fb8  8002fb8       e0     4         cmake/stm32cubemx/CMakeFiles/STM32_Drivers.dir/__/__/Drivers/STM32F4xx_HAL_Driver/Src/stm32f4xx_hal_uart.c.obj:(.text.UART_SetConfig)
 8002fb8  8002fb8        0     1                 $t
 8002fb9  8002fb9       e0     1                 UART_SetConfig
 8003098  8003098       9a     4         cmake/stm32cubemx/CMakeFiles/STM32_Drivers.dir/__/__/Drivers/STM32F4xx_HAL_Driver/Src/stm32f4xx_hal_uart.c.obj:(.text.HAL_UART_Transmit_DMA)
 8003098  8003098        0     1                 $t
 8003099  8003099       9a     1                 HAL_UART_Transmit_DMA
 8003134  8003134       46     4         cmake/stm32cubemx/CMakeFiles/STM32_Drivers.dir/__/__/Drivers/STM32F4xx_HAL_Driver/Src/stm32f4xx_hal_uart.c.obj:(.text.UART_DMATransmitCplt)
 8003134  8003134        0     1                 $t
 8003135  8003135       46     1                 UART_DMATransmitCplt
 800317c  800317c        6     4         cmake/stm32cubemx/CMakeFiles/STM32_Drivers.dir/__/__/Drivers/STM32F4xx_HAL_Driver/Src/stm32f4xx_hal_uart.c.obj:(.text.UART_DMATxHalfCplt)
 800317c  800317c        0     1                 $t
 800317d  800317d        6     1                 UART_DMATxHalfCplt
 8003184  8003184       b2     4         cmake/stm32cubemx/CMakeFiles/STM32_Drivers.dir/__/__/Drivers/STM32F4xx_HAL_Driver/Src/stm32f4xx_hal_uart.c.obj:(.text.UART_DMAError)
 8003184  8003184        0     1                 $t
 8003185  8003185       b2     1                 UART_DMAError
 8003238  8003238       c2     4         cmake/stm32cubemx/CMakeFiles/STM32_Drivers.dir/__/__/Drivers/STM32F4xx_HAL_Driver/Src/stm32f4xx_hal_uart.c.obj:(.text.UART_Start_Receive_DMA)
 8003238  8003238        0     1                 $t
 8003239  8003239       c2     1                 UART_Start_Receive_DMA
 80032fc  80032fc       6c     4         cmake/stm32cubemx/CMakeFiles/STM32_Drivers.dir/__/__/Drivers/STM32F4xx_HAL_Driver/Src/stm32f4xx_hal_uart.c.obj:(.text.HAL_UARTEx_ReceiveToIdle_DMA)
 80032fc  80032fc        0     1                 $t
 80032fd  80032fd       6c     1                 HAL_UARTEx_ReceiveToIdle_DMA
 8003368  8003368      346     4         cmake/stm32cubemx/CMakeFiles/STM32_Drivers.dir/__/__/Drivers/STM32F4xx_HAL_Driver/Src/stm32f4xx_hal_uart.c.obj:(.text.HAL_UART_IRQHandler)
 8003368  8003368        0     1                 $t
 8003369  8003369      346     1                 HAL_UART_IRQHandler
 80036b0  80036b0       c4     4         cmake/stm32cubemx/CMakeFiles/STM32_Drivers.dir/__/__/Drivers/STM32F4xx_HAL_Driver/Src/stm32f4xx_hal_uart.c.obj:(.text.UART_Receive_IT)
 80036b0  80036b0        0     1                 $t
 80036b1  80036b1       c4     1                 UART_Receive_IT
 8003774  8003774        a     4         cmake/stm32cubemx/CMakeFiles/STM32_Drivers.dir/__/__/Drivers/STM32F4xx_HAL_Driver/Src/stm32f4xx_hal_uart.c.obj:(.text.UART_DMAAbortOnError)
 8003774  8003774        0     1                 $t
 8003775  8003775        a     1                 UART_DMAAbortOnError
 8003780  8003780        2     4         cmake/stm32cubemx/CMakeFiles/STM32_Drivers.dir/__/__/Drivers/STM32F4xx_HAL_Driver/Src/stm32f4xx_hal_uart.c.obj:(.text.HAL_UART_ErrorCallback)
 8003780  8003780        0     1                 $t
 8003781  8003781        2     1                 HAL_UART_ErrorCallback
 8003784  8003784        2     4         cmake/stm32cubemx/CMakeFiles/STM32_Drivers.dir/__/__/Drivers/STM32F4xx_HAL_Driver/Src/stm32f4xx_hal_uart.c.obj:(.text.HAL_UART_TxHalfCpltCallback)
 8003784  8003784        0     1                 $t
 8003785  8003785        2     1                 HAL_UART_TxHalfCpltCallback
 8003788  8003788        2     4         cmake/stm32cubemx/CMakeFiles/STM32_Drivers.dir/__/__/Drivers/STM32F4xx_HAL_Driver/Src/stm32f4xx_hal_uart.c.obj:(.text.HAL_UART_RxCpltCallback)
 8003788  8003788        0     1                 $t
 8003789  8003789        2     1                 HAL_UART_RxCpltCallback
 800378c  800378c        2     4         cmake/stm32cubemx/CMakeFiles/STM32_Drivers.dir/__/__/Drivers/STM32F4xx_HAL_Driver/Src/stm32f4xx_hal_uart.c.obj:(.text.HAL_UART_RxHalfCpltCallback)
 800378c  800378c        0     1                 $t
 800378d  800378d        2     1                 HAL_UART_RxHalfCpltCallback
 8003790  8003790       90     4         cmake/stm32cubemx/CMakeFiles/STM32_Drivers.dir/__/__/Drivers/STM32F4xx_HAL_Driver/Src/stm32f4xx_hal_uart.c.obj:(.text.UART_DMAReceiveCplt)
 8003790  8003790        0     1                 $t
 8003791  8003791       90     1                 UART_DMAReceiveCplt
 8003820  8003820       18     4         cmake/stm32cubemx/CMakeFiles/STM32_Drivers.dir/__/__/Drivers/STM32F4xx_HAL_Driver/Src/stm32f4xx_hal_uart.c.obj:(.text.UART_DMARxHalfCplt)
 8003820  8003820        0     1                 $t
 8003821  8003821       18     1                 UART_DMARxHalfCplt
 8003838  8003838       2a     4         cmake/stm32cubemx/CMakeFiles/USB_Device_Library.dir/__/__/Middlewares/ST/STM32_USB_Device_Library/Core/Src/usbd_core.c.obj:(.text.USBD_Init)
 8003838  8003838        0     1                 $t
 8003839  8003839       2a     1                 USBD_Init
 8003864  8003864       44     4         cmake/stm32cubemx/CMakeFiles/USB_Device_Library.dir/__/__/Middlewares/ST/STM32_USB_Device_Library/Core/Src/usbd_core.c.obj:(.text.USBD_RegisterClass)
 8003864  8003864        0     1                 $t
 8003865  8003865       44     1                 USBD_RegisterClass
 80038a8  80038a8        4     4         cmake/stm32cubemx/CMakeFiles/USB_Device_Library.dir/__/__/Middlewares/ST/STM32_USB_Device_Library/Core/Src/usbd_core.c.obj:(.text.USBD_Start)
 80038a8  80038a8        0     1                 $t
 80038a9  80038a9        4     1                 USBD_Start
 80038ac  80038ac       10     4         cmake/stm32cubemx/CMakeFiles/USB_Device_Library.dir/__/__/Middlewares/ST/STM32_USB_Device_Library/Core/Src/usbd_core.c.obj:(.text.USBD_SetClassConfig)
 80038ac  80038ac        0     1                 $t
 80038ad  80038ad       10     1                 USBD_SetClassConfig
 80038bc  80038bc       14     4         cmake/stm32cubemx/CMakeFiles/USB_Device_Library.dir/__/__/Middlewares/ST/STM32_USB_Device_Library/Core/Src/usbd_core.c.obj:(.text.USBD_ClrClassConfig)
 80038bc  80038bc        0     1                 $t
 80038bd  80038bd       14     1                 USBD_ClrClassConfig
 80038d0  80038d0       62     4         cmake/stm32cubemx/CMakeFiles/USB_Device_Library.dir/__/__/Middlewares/ST/STM32_USB_Device_Library/Core/Src/usbd_core.c.obj:(.text.USBD_LL_SetupStage)
 80038d0  80038d0        0     1                 $t
 80038d1  80038d1       62     1                 USBD_LL_SetupStage
 8003934  8003934       80     4         cmake/stm32cubemx/CMakeFiles/USB_Device_Library.dir/__/__/Middlewares/ST/STM32_USB_Device_Library/Core/Src/usbd_core.c.obj:(.text.USBD_LL_DataOutStage)
 8003934  8003934        0     1                 $t
 8003935  8003935       80     1                 USBD_LL_DataOutStage
 80039b4  80039b4        4     4         cmake/stm32cubemx/CMakeFiles/USB_Device_Library.dir/__/__/Middlewares/ST/STM32_USB_Device_Library/Core/Src/usbd_core.c.obj:(.text.USBD_CoreFindIF)
 80039b4  80039b4        0     1                 $t
 80039b5  80039b5        4     1                 USBD_CoreFindIF
 80039b8  80039b8        4     4         cmake/stm32cubemx/CMakeFiles/USB_Device_Library.dir/__/__/Middlewares/ST/STM32_USB_Device_Library/Core/Src/usbd_core.c.obj:(.text.USBD_CoreFindEP)
 80039b8  80039b8        0     1                 $t
 80039b9  80039b9        4     1                 USBD_CoreFindEP
 80039bc  80039bc       b6     4         cmake/stm32cubemx/CMakeFiles/USB_Device_Library.dir/__/__/Middlewares/ST/STM32_USB_Device_Library/Core/Src/usbd_core.c.obj:(.text.USBD_LL_DataInStage)
 80039bc  80039bc        0     1                 $t
 80039bd  80039bd       b6     1                 USBD_LL_DataInStage
 8003a74  8003a74       6a     4         cmake/stm32cubemx/CMakeFiles/USB_Device_Library.dir/__/__/Middlewares/ST/STM32_USB_Device_Library/Core/Src/usbd_core.c.obj:(.text.USBD_LL_Reset)
 8003a74  8003a74        0     1                 $t
 8003a75  8003a75       6a     1                 USBD_LL_Reset
 8003ae0  8003ae0        8     4         cmake/stm32cubemx/CMakeFiles/USB_Device_Library.dir/__/__/Middlewares/ST/STM32_USB_Device_Library/Core/Src/usbd_core.c.obj:(.text.USBD_LL_SetSpeed)
 8003ae0  8003ae0        0     1                 $t
 8003ae1  8003ae1        8     1                 USBD_LL_SetSpeed
 8003ae8  8003ae8       1c     4         cmake/stm32cubemx/CMakeFiles/USB_Device_Library.dir/__/__/Middlewares/ST/STM32_USB_Device_Library/Core/Src/usbd_core.c.obj:(.text.USBD_LL_Suspend)
 8003ae8  8003ae8        0     1                 $t
 8003ae9  8003ae9       1c     1                 USBD_LL_Suspend
 8003b04  8003b04       14     4         cmake/stm32cubemx/CMakeFiles/USB_Device_Library.dir/__/__/Middlewares/ST/STM32_USB_Device_Library/Core/Src/usbd_core.c.obj:(.text.USBD_LL_Resume)
 8003b04  8003b04        0     1                 $t
 8003b05  8003b05       14     1                 USBD_LL_Resume
 8003b18  8003b18       20     4         cmake/stm32cubemx/CMakeFiles/USB_Device_Library.dir/__/__/Middlewares/ST/STM32_USB_Device_Library/Core/Src/usbd_core.c.obj:(.text.USBD_LL_SOF)
 8003b18  8003b18        0     1                 $t
 8003b19  8003b19       20     1                 USBD_LL_SOF
 8003b38  8003b38       2e     4         cmake/stm32cubemx/CMakeFiles/USB_Device_Library.dir/__/__/Middlewares/ST/STM32_USB_Device_Library/Core/Src/usbd_core.c.obj:(.text.USBD_LL_IsoINIncomplete)
 8003b38  8003b38        0     1                 $t
 8003b39  8003b39       2e     1                 USBD_LL_IsoINIncomplete
 8003b68  8003b68       2e     4         cmake/stm32cubemx/CMakeFiles/USB_Device_Library.dir/__/__/Middlewares/ST/STM32_USB_Device_Library/Core/Src/usbd_core.c.obj:(.text.USBD_LL_IsoOUTIncomplete)
 8003b68  8003b68        0     1                 $t
 8003b69  8003b69       2e     1                 USBD_LL_IsoOUTIncomplete
 8003b98  8003b98        4     4         cmake/stm32cubemx/CMakeFiles/USB_Device_Library.dir/__/__/Middlewares/ST/STM32_USB_Device_Library/Core/Src/usbd_core.c.obj:(.text.USBD_LL_DevConnected)
 8003b98  8003b98        0     1                 $t
 8003b99  8003b99        4     1                 USBD_LL_DevConnected
 8003b9c  8003b9c       24     4         cmake/stm32cubemx/CMakeFiles/USB_Device_Library.dir/__/__/Middlewares/ST/STM32_USB_Device_Library/Core/Src/usbd_core.c.obj:(.text.USBD_LL_DevDisconnected)
 8003b9c  8003b9c        0     1                 $t
 8003b9d  8003b9d       24     1                 USBD_LL_DevDisconnected
 8003bc0  8003bc0       36     4         cmake/stm32cubemx/CMakeFiles/USB_Device_Library.dir/__/__/Middlewares/ST/STM32_USB_Device_Library/Core/Src/usbd_core.c.obj:(.text.USBD_GetEpDesc)
 8003bc0  8003bc0        0     1                 $t
 8003bc1  8003bc1       36     1                 USBD_GetEpDesc
 8003bf8  8003bf8      354     4         cmake/stm32cubemx/CMakeFiles/USB_Device_Library.dir/__/__/Middlewares/ST/STM32_USB_Device_Library/Core/Src/usbd_ctlreq.c.obj:(.text.USBD_StdDevReq)
 8003bf8  8003bf8        0     1                 $t
 8003bf9  8003bf9      354     1                 USBD_StdDevReq
 8003c30  8003c30        0     1                 $d
 8003c3a  8003c3a        0     1                 $t
 8003d36  8003d36        0     1                 $d
 8003d3e  8003d3e        0     1                 $t
 8003dc0  8003dc0        0     1                 $d
 8003dc6  8003dc6        0     1                 $t
 8003f4c  8003f4c       18     4         cmake/stm32cubemx/CMakeFiles/USB_Device_Library.dir/__/__/Middlewares/ST/STM32_USB_Device_Library/Core/Src/usbd_ctlreq.c.obj:(.text.USBD_CtlError)
 8003f4c  8003f4c        0     1                 $t
 8003f4d  8003f4d       18     1                 USBD_CtlError
 8003f64  8003f64       80     4         cmake/stm32cubemx/CMakeFiles/USB_Device_Library.dir/__/__/Middlewares/ST/STM32_USB_Device_Library/Core/Src/usbd_ctlreq.c.obj:(.text.USBD_StdItfReq)
 8003f64  8003f64        0     1                 $t
 8003f65  8003f65       80     1                 USBD_StdItfReq
 8003fe4  8003fe4      14e     4         cmake/stm32cubemx/CMakeFiles/USB_Device_Library.dir/__/__/Middlewares/ST/STM32_USB_Device_Library/Core/Src/usbd_ctlreq.c.obj:(.text.USBD_StdEPReq)
 8003fe4  8003fe4        0     1                 $t
 8003fe5  8003fe5      14e     1                 USBD_StdEPReq
 8004134  8004134       16     4         cmake/stm32cubemx/CMakeFiles/USB_Device_Library.dir/__/__/Middlewares/ST/STM32_USB_Device_Library/Core/Src/usbd_ctlreq.c.obj:(.text.USBD_ParseSetupRequest)
 8004134  8004134        0     1                 $t
 8004135  8004135       16     1                 USBD_ParseSetupRequest
 800414c  800414c       6e     4         cmake/stm32cubemx/CMakeFiles/USB_Device_Library.dir/__/__/Middlewares/ST/STM32_USB_Device_Library/Core/Src/usbd_ctlreq.c.obj:(.text.USBD_GetString)
 800414c  800414c        0     1                 $t
 800414d  800414d       6e     1                 USBD_GetString
 80041bc  80041bc       1e     4         cmake/stm32cubemx/CMakeFiles/USB_Device_Library.dir/__/__/Middlewares/ST/STM32_USB_Device_Library/Core/Src/usbd_ioreq.c.obj:(.text.USBD_CtlSendData)
 80041bc  80041bc        0     1                 $t
 80041bd  80041bd       1e     1                 USBD_CtlSendData
 80041dc  80041dc       12     4         cmake/stm32cubemx/CMakeFiles/USB_Device_Library.dir/__/__/Middlewares/ST/STM32_USB_Device_Library/Core/Src/usbd_ioreq.c.obj:(.text.USBD_CtlContinueSendData)
 80041dc  80041dc        0     1                 $t
 80041dd  80041dd       12     1                 USBD_CtlContinueSendData
 80041f0  80041f0       20     4         cmake/stm32cubemx/CMakeFiles/USB_Device_Library.dir/__/__/Middlewares/ST/STM32_USB_Device_Library/Core/Src/usbd_ioreq.c.obj:(.text.USBD_CtlPrepareRx)
 80041f0  80041f0        0     1                 $t
 80041f1  80041f1       20     1                 USBD_CtlPrepareRx
 8004210  8004210       12     4         cmake/stm32cubemx/CMakeFiles/USB_Device_Library.dir/__/__/Middlewares/ST/STM32_USB_Device_Library/Core/Src/usbd_ioreq.c.obj:(.text.USBD_CtlContinueRx)
 8004210  8004210        0     1                 $t
 8004211  8004211       12     1                 USBD_CtlContinueRx
 8004224  8004224       18     4         cmake/stm32cubemx/CMakeFiles/USB_Device_Library.dir/__/__/Middlewares/ST/STM32_USB_Device_Library/Core/Src/usbd_ioreq.c.obj:(.text.USBD_CtlSendStatus)
 8004224  8004224        0     1                 $t
 8004225  8004225       18     1                 USBD_CtlSendStatus
 800423c  800423c       18     4         cmake/stm32cubemx/CMakeFiles/USB_Device_Library.dir/__/__/Middlewares/ST/STM32_USB_Device_Library/Core/Src/usbd_ioreq.c.obj:(.text.USBD_CtlReceiveStatus)
 800423c  800423c        0     1                 $t
 800423d  800423d       18     1                 USBD_CtlReceiveStatus
 8004254  8004254       d0     4         cmake/stm32cubemx/CMakeFiles/USB_Device_Library.dir/__/__/Middlewares/ST/STM32_USB_Device_Library/Class/CDC/Src/usbd_cdc.c.obj:(.text.USBD_CDC_Init)
 8004254  8004254        0     1                 $t
 8004255  8004255       d0     1                 USBD_CDC_Init
 8004324  8004324       6a     4         cmake/stm32cubemx/CMakeFiles/USB_Device_Library.dir/__/__/Middlewares/ST/STM32_USB_Device_Library/Class/CDC/Src/usbd_cdc.c.obj:(.text.USBD_CDC_DeInit)
 8004324  8004324        0     1                 $t
 8004325  8004325       6a     1                 USBD_CDC_DeInit
 8004390  8004390       e2     4         cmake/stm32cubemx/CMakeFiles/USB_Device_Library.dir/__/__/Middlewares/ST/STM32_USB_Device_Library/Class/CDC/Src/usbd_cdc.c.obj:(.text.USBD_CDC_Setup)
 8004390  8004390        0     1                 $t
 8004391  8004391       e2     1                 USBD_CDC_Setup
 80043f2  80043f2        0     1                 $d
 80043fe  80043fe        0     1                 $t
 8004474  8004474       38     4         cmake/stm32cubemx/CMakeFiles/USB_Device_Library.dir/__/__/Middlewares/ST/STM32_USB_Device_Library/Class/CDC/Src/usbd_cdc.c.obj:(.text.USBD_CDC_EP0_RxReady)
 8004474  8004474        0     1                 $t
 8004475  8004475       38     1                 USBD_CDC_EP0_RxReady
 80044ac  80044ac       78     4         cmake/stm32cubemx/CMakeFiles/USB_Device_Library.dir/__/__/Middlewares/ST/STM32_USB_Device_Library/Class/CDC/Src/usbd_cdc.c.obj:(.text.USBD_CDC_DataIn)
 80044ac  80044ac        0     1                 $t
 80044ad  80044ad       78     1                 USBD_CDC_DataIn
 8004524  8004524       3c     4         cmake/stm32cubemx/CMakeFiles/USB_Device_Library.dir/__/__/Middlewares/ST/STM32_USB_Device_Library/Class/CDC/Src/usbd_cdc.c.obj:(.text.USBD_CDC_DataOut)
 8004524  8004524        0     1                 $t
 8004525  8004525       3c     1                 USBD_CDC_DataOut
 8004560  8004560       5e     4         cmake/stm32cubemx/CMakeFiles/USB_Device_Library.dir/__/__/Middlewares/ST/STM32_USB_Device_Library/Class/CDC/Src/usbd_cdc.c.obj:(.text.USBD_CDC_GetHSCfgDesc)
 8004560  8004560        0     1                 $t
 8004561  8004561       5e     1                 USBD_CDC_GetHSCfgDesc
 80045c0  80045c0       5a     4         cmake/stm32cubemx/CMakeFiles/USB_Device_Library.dir/__/__/Middlewares/ST/STM32_USB_Device_Library/Class/CDC/Src/usbd_cdc.c.obj:(.text.USBD_CDC_GetFSCfgDesc)
 80045c0  80045c0        0     1                 $t
 80045c1  80045c1       5a     1                 USBD_CDC_GetFSCfgDesc
 800461c  800461c       5a     4         cmake/stm32cubemx/CMakeFiles/USB_Device_Library.dir/__/__/Middlewares/ST/STM32_USB_Device_Library/Class/CDC/Src/usbd_cdc.c.obj:(.text.USBD_CDC_GetOtherSpeedCfgDesc)
 800461c  800461c        0     1                 $t
 800461d  800461d       5a     1                 USBD_CDC_GetOtherSpeedCfgDesc
 8004678  8004678       10     4         cmake/stm32cubemx/CMakeFiles/USB_Device_Library.dir/__/__/Middlewares/ST/STM32_USB_Device_Library/Class/CDC/Src/usbd_cdc.c.obj:(.text.USBD_CDC_GetDeviceQualifierDescriptor)
 8004678  8004678        0     1                 $t
 8004679  8004679       10     1                 USBD_CDC_GetDeviceQualifierDescriptor
 8004688  8004688       18     4         cmake/stm32cubemx/CMakeFiles/USB_Device_Library.dir/__/__/Middlewares/ST/STM32_USB_Device_Library/Class/CDC/Src/usbd_cdc.c.obj:(.text.USBD_CDC_RegisterInterface)
 8004688  8004688        0     1                 $t
 8004689  8004689       18     1                 USBD_CDC_RegisterInterface
 80046a0  80046a0       1e     4         cmake/stm32cubemx/CMakeFiles/USB_Device_Library.dir/__/__/Middlewares/ST/STM32_USB_Device_Library/Class/CDC/Src/usbd_cdc.c.obj:(.text.USBD_CDC_SetTxBuffer)
 80046a0  80046a0        0     1                 $t
 80046a1  80046a1       1e     1                 USBD_CDC_SetTxBuffer
 80046c0  80046c0       1a     4         cmake/stm32cubemx/CMakeFiles/USB_Device_Library.dir/__/__/Middlewares/ST/STM32_USB_Device_Library/Class/CDC/Src/usbd_cdc.c.obj:(.text.USBD_CDC_SetRxBuffer)
 80046c0  80046c0        0     1                 $t
 80046c1  80046c1       1a     1                 USBD_CDC_SetRxBuffer
 80046dc  80046dc       46     4         cmake/stm32cubemx/CMakeFiles/USB_Device_Library.dir/__/__/Middlewares/ST/STM32_USB_Device_Library/Class/CDC/Src/usbd_cdc.c.obj:(.text.USBD_CDC_TransmitPacket)
 80046dc  80046dc        0     1                 $t
 80046dd  80046dd       46     1                 USBD_CDC_TransmitPacket
 8004724  8004724       36     4         cmake/stm32cubemx/CMakeFiles/USB_Device_Library.dir/__/__/Middlewares/ST/STM32_USB_Device_Library/Class/CDC/Src/usbd_cdc.c.obj:(.text.USBD_CDC_ReceivePacket)
 8004724  8004724        0     1                 $t
 8004725  8004725       36     1                 USBD_CDC_ReceivePacket
 800475c  800475c       16     4         cmake/stm32cubemx/CMakeFiles/FreeRTOS.dir/__/__/Middlewares/Third_Party/FreeRTOS/Source/list.c.obj:(.text.vListInitialise)
 800475c  800475c        0     1                 $t
 800475d  800475d       16     1                 vListInitialise
 8004774  8004774        6     4         cmake/stm32cubemx/CMakeFiles/FreeRTOS.dir/__/__/Middlewares/Third_Party/FreeRTOS/Source/list.c.obj:(.text.vListInitialiseItem)
 8004774  8004774        0     1                 $t
 8004775  8004775        6     1                 vListInitialiseItem
 800477c  800477c       1c     4         cmake/stm32cubemx/CMakeFiles/FreeRTOS.dir/__/__/Middlewares/Third_Party/FreeRTOS/Source/list.c.obj:(.text.vListInsertEnd)
 800477c  800477c        0     1                 $t
 800477d  800477d       1c     1                 vListInsertEnd
 8004798  8004798       3e     4         cmake/stm32cubemx/CMakeFiles/FreeRTOS.dir/__/__/Middlewares/Third_Party/FreeRTOS/Source/list.c.obj:(.text.vListInsert)
 8004798  8004798        0     1                 $t
 8004799  8004799       3e     1                 vListInsert
 80047d8  80047d8       24     4         cmake/stm32cubemx/CMakeFiles/FreeRTOS.dir/__/__/Middlewares/Third_Party/FreeRTOS/Source/list.c.obj:(.text.uxListRemove)
 80047d8  80047d8        0     1                 $t
 80047d9  80047d9       24     1                 uxListRemove
 80047fc  80047fc       e6     4         cmake/stm32cubemx/CMakeFiles/FreeRTOS.dir/__/__/Middlewares/Third_Party/FreeRTOS/Source/queue.c.obj:(.text.xQueueGenericCreateStatic)
 80047fc  80047fc        0     1                 $t
 80047fd  80047fd       e6     1                 xQueueGenericCreateStatic
 80048e4  80048e4      216     4         cmake/stm32cubemx/CMakeFiles/FreeRTOS.dir/__/__/Middlewares/Third_Party/FreeRTOS/Source/queue.c.obj:(.text.xQueueGenericSend)
 80048e4  80048e4        0     1                 $t
 80048e5  80048e5      216     1                 xQueueGenericSend
 8004afc  8004afc       7e     4         cmake/stm32cubemx/CMakeFiles/FreeRTOS.dir/__/__/Middlewares/Third_Party/FreeRTOS/Source/queue.c.obj:(.text.prvUnlockQueue)
 8004afc  8004afc        0     1                 $t
 8004afd  8004afd       7e     1                 prvUnlockQueue
 8004b7c  8004b7c      13a     4         cmake/stm32cubemx/CMakeFiles/FreeRTOS.dir/__/__/Middlewares/Third_Party/FreeRTOS/Source/queue.c.obj:(.text.xQueueGenericSendFromISR)
 8004b7c  8004b7c        0     1                 $t
 8004b7d  8004b7d      13a     1                 xQueueGenericSendFromISR
 8004cb8  8004cb8      1aa     4         cmake/stm32cubemx/CMakeFiles/FreeRTOS.dir/__/__/Middlewares/Third_Party/FreeRTOS/Source/queue.c.obj:(.text.xQueueReceive)
 8004cb8  8004cb8        0     1                 $t
 8004cb9  8004cb9      1aa     1                 xQueueReceive
 8004e64  8004e64       28     4         cmake/stm32cubemx/CMakeFiles/FreeRTOS.dir/__/__/Middlewares/Third_Party/FreeRTOS/Source/queue.c.obj:(.text.vQueueAddToRegistry)
 8004e64  8004e64        0     1                 $t
 8004e65  8004e65       28     1                 vQueueAddToRegistry
 8004e8c  8004e8c       50     4         cmake/stm32cubemx/CMakeFiles/FreeRTOS.dir/__/__/Middlewares/Third_Party/FreeRTOS/Source/queue.c.obj:(.text.vQueueWaitForMessageRestricted)
 8004e8c  8004e8c        0     1                 $t
 8004e8d  8004e8d       50     1                 vQueueWaitForMessageRestricted
 8004edc  8004edc       fc     4         cmake/stm32cubemx/CMakeFiles/FreeRTOS.dir/__/__/Middlewares/Third_Party/FreeRTOS/Source/tasks.c.obj:(.text.xTaskCreateStatic)
 8004edc  8004edc        0     1                 $t
 8004edd  8004edd       fc     1                 xTaskCreateStatic
 8004fd8  8004fd8      12e     4         cmake/stm32cubemx/CMakeFiles/FreeRTOS.dir/__/__/Middlewares/Third_Party/FreeRTOS/Source/tasks.c.obj:(.text.prvAddNewTaskToReadyList)
 8004fd8  8004fd8        0     1                 $t
 8004fd9  8004fd9      12e     1                 prvAddNewTaskToReadyList
 8005108  8005108       ec     4         cmake/stm32cubemx/CMakeFiles/FreeRTOS.dir/__/__/Middlewares/Third_Party/FreeRTOS/Source/tasks.c.obj:(.text.xTaskCreate)
 8005108  8005108        0     1                 $t
 8005109  8005109       ec     1                 xTaskCreate
 80051f4  80051f4      126     4         cmake/stm32cubemx/CMakeFiles/FreeRTOS.dir/__/__/Middlewares/Third_Party/FreeRTOS/Source/tasks.c.obj:(.text.vTaskDelete)
 80051f4  80051f4        0     1                 $t
 80051f5  80051f5      126     1                 vTaskDelete
 800531c  800531c       f8     4         cmake/stm32cubemx/CMakeFiles/FreeRTOS.dir/__/__/Middlewares/Third_Party/FreeRTOS/Source/tasks.c.obj:(.text.vTaskDelayUntil)
 800531c  800531c        0     1                 $t
 800531d  800531d       f8     1                 vTaskDelayUntil
 8005414  8005414       10     4         cmake/stm32cubemx/CMakeFiles/FreeRTOS.dir/__/__/Middlewares/Third_Party/FreeRTOS/Source/tasks.c.obj:(.text.vTaskSuspendAll)
 8005414  8005414        0     1                 $t
 8005415  8005415       10     1                 vTaskSuspendAll
 8005424  8005424      144     4         cmake/stm32cubemx/CMakeFiles/FreeRTOS.dir/__/__/Middlewares/Third_Party/FreeRTOS/Source/tasks.c.obj:(.text.xTaskResumeAll)
 8005424  8005424        0     1                 $t
 8005425  8005425      144     1                 xTaskResumeAll
 8005568  8005568       b4     4         cmake/stm32cubemx/CMakeFiles/FreeRTOS.dir/__/__/Middlewares/Third_Party/FreeRTOS/Source/tasks.c.obj:(.text.vTaskDelay)
 8005568  8005568        0     1                 $t
 8005569  8005569       b4     1                 vTaskDelay
 800561c  800561c       ba     4         cmake/stm32cubemx/CMakeFiles/FreeRTOS.dir/__/__/Middlewares/Third_Party/FreeRTOS/Source/tasks.c.obj:(.text.vTaskSwitchContext)
 800561c  800561c        0     1                 $t
 800561d  800561d       ba     1                 vTaskSwitchContext
 80056d8  80056d8       a6     4         cmake/stm32cubemx/CMakeFiles/FreeRTOS.dir/__/__/Middlewares/Third_Party/FreeRTOS/Source/tasks.c.obj:(.text.vTaskStartScheduler)
 80056d8  80056d8        0     1                 $t
 80056d9  80056d9       a6     1                 vTaskStartScheduler
 8005780  8005780       9e     4         cmake/stm32cubemx/CMakeFiles/FreeRTOS.dir/__/__/Middlewares/Third_Party/FreeRTOS/Source/tasks.c.obj:(.text.prvIdleTask)
 8005780  8005780        0     1                 $t
 8005781  8005781       9e     1                 prvIdleTask
 8005820  8005820      180     4         cmake/stm32cubemx/CMakeFiles/FreeRTOS.dir/__/__/Middlewares/Third_Party/FreeRTOS/Source/tasks.c.obj:(.text.xTaskIncrementTick)
 8005820  8005820        0     1                 $t
 8005821  8005821      180     1                 xTaskIncrementTick
 80059a0  80059a0        c     4         cmake/stm32cubemx/CMakeFiles/FreeRTOS.dir/__/__/Middlewares/Third_Party/FreeRTOS/Source/tasks.c.obj:(.text.xTaskGetTickCount)
 80059a0  80059a0        0     1                 $t
 80059a1  80059a1        c     1                 xTaskGetTickCount
 80059ac  80059ac       a6     4         cmake/stm32cubemx/CMakeFiles/FreeRTOS.dir/__/__/Middlewares/Third_Party/FreeRTOS/Source/tasks.c.obj:(.text.vTaskPlaceOnEventList)
 80059ac  80059ac        0     1                 $t
 80059ad  80059ad       a6     1                 vTaskPlaceOnEventList
 8005a54  8005a54       be     4         cmake/stm32cubemx/CMakeFiles/FreeRTOS.dir/__/__/Middlewares/Third_Party/FreeRTOS/Source/tasks.c.obj:(.text.vTaskPlaceOnEventListRestricted)
 8005a54  8005a54        0     1                 $t
 8005a55  8005a55       be     1                 vTaskPlaceOnEventListRestricted
 8005b14  8005b14       92     4         cmake/stm32cubemx/CMakeFiles/FreeRTOS.dir/__/__/Middlewares/Third_Party/FreeRTOS/Source/tasks.c.obj:(.text.xTaskRemoveFromEventList)
 8005b14  8005b14        0     1                 $t
 8005b15  8005b15       92     1                 xTaskRemoveFromEventList
 8005ba8  8005ba8       1a     4         cmake/stm32cubemx/CMakeFiles/FreeRTOS.dir/__/__/Middlewares/Third_Party/FreeRTOS/Source/tasks.c.obj:(.text.vTaskInternalSetTimeOutState)
 8005ba8  8005ba8        0     1                 $t
 8005ba9  8005ba9       1a     1                 vTaskInternalSetTimeOutState
 8005bc4  8005bc4       98     4         cmake/stm32cubemx/CMakeFiles/FreeRTOS.dir/__/__/Middlewares/Third_Party/FreeRTOS/Source/tasks.c.obj:(.text.xTaskCheckForTimeOut)
 8005bc4  8005bc4        0     1                 $t
 8005bc5  8005bc5       98     1                 xTaskCheckForTimeOut
 8005c5c  8005c5c        e     4         cmake/stm32cubemx/CMakeFiles/FreeRTOS.dir/__/__/Middlewares/Third_Party/FreeRTOS/Source/tasks.c.obj:(.text.vTaskMissedYield)
 8005c5c  8005c5c        0     1                 $t
 8005c5d  8005c5d        e     1                 vTaskMissedYield
 8005c6c  8005c6c        c     4         cmake/stm32cubemx/CMakeFiles/FreeRTOS.dir/__/__/Middlewares/Third_Party/FreeRTOS/Source/tasks.c.obj:(.text.xTaskGetCurrentTaskHandle)
 8005c6c  8005c6c        0     1                 $t
 8005c6d  8005c6d        c     1                 xTaskGetCurrentTaskHandle
 8005c78  8005c78       26     4         cmake/stm32cubemx/CMakeFiles/FreeRTOS.dir/__/__/Middlewares/Third_Party/FreeRTOS/Source/tasks.c.obj:(.text.xTaskGetSchedulerState)
 8005c78  8005c78        0     1                 $t
 8005c79  8005c79       26     1                 xTaskGetSchedulerState
 8005ca0  8005ca0       9a     4         cmake/stm32cubemx/CMakeFiles/FreeRTOS.dir/__/__/Middlewares/Third_Party/FreeRTOS/Source/tasks.c.obj:(.text.xTaskPriorityDisinherit)
 8005ca0  8005ca0        0     1                 $t
 8005ca1  8005ca1       9a     1                 xTaskPriorityDisinherit
 8005d3c  8005d3c       fc     4         cmake/stm32cubemx/CMakeFiles/FreeRTOS.dir/__/__/Middlewares/Third_Party/FreeRTOS/Source/tasks.c.obj:(.text.xTaskNotifyWait)
 8005d3c  8005d3c        0     1                 $t
 8005d3d  8005d3d       fc     1                 xTaskNotifyWait
 8005e38  8005e38      13e     4         cmake/stm32cubemx/CMakeFiles/FreeRTOS.dir/__/__/Middlewares/Third_Party/FreeRTOS/Source/tasks.c.obj:(.text.xTaskGenericNotifyFromISR)
 8005e38  8005e38        0     1                 $t
 8005e39  8005e39      13e     1                 xTaskGenericNotifyFromISR
 8005e7e  8005e7e        0     1                 $d
 8005e84  8005e84        0     1                 $t
 8005f78  8005f78       2e     4         cmake/stm32cubemx/CMakeFiles/FreeRTOS.dir/__/__/Middlewares/Third_Party/FreeRTOS/Source/tasks.c.obj:(.text.xTaskNotifyStateClear)
 8005f78  8005f78        0     1                 $t
 8005f79  8005f79       2e     1                 xTaskNotifyStateClear
 8005fa8  8005fa8       72     4         cmake/stm32cubemx/CMakeFiles/FreeRTOS.dir/__/__/Middlewares/Third_Party/FreeRTOS/Source/timers.c.obj:(.text.xTimerCreateTimerTask)
 8005fa8  8005fa8        0     1                 $t
 8005fa9  8005fa9       72     1                 xTimerCreateTimerTask
 800601c  800601c       84     4         cmake/stm32cubemx/CMakeFiles/FreeRTOS.dir/__/__/Middlewares/Third_Party/FreeRTOS/Source/timers.c.obj:(.text.prvCheckForValidListAndQueue)
 800601c  800601c        0     1                 $t
 800601d  800601d       84     1                 prvCheckForValidListAndQueue
 80060a0  80060a0      2d2     4         cmake/stm32cubemx/CMakeFiles/FreeRTOS.dir/__/__/Middlewares/Third_Party/FreeRTOS/Source/timers.c.obj:(.text.prvTimerTask)
 80060a0  80060a0        0     1                 $t
 80060a1  80060a1      2d2     1                 prvTimerTask
 8006248  8006248        0     1                 $d
 8006252  8006252        0     1                 $t
 8006374  8006374       f6     4         cmake/stm32cubemx/CMakeFiles/FreeRTOS.dir/__/__/Middlewares/Third_Party/FreeRTOS/Source/timers.c.obj:(.text.prvSampleTimeNow)
 8006374  8006374        0     1                 $t
 8006375  8006375       f6     1                 prvSampleTimeNow
 800646c  800646c       20     4         cmake/stm32cubemx/CMakeFiles/FreeRTOS.dir/__/__/Middlewares/Third_Party/FreeRTOS/Source/CMSIS_RTOS_V2/cmsis_os2.c.obj:(.text.SysTick_Handler)
 800646c  800646c        0     1                 $t
 800646d  800646d       20     1                 SysTick_Handler
 800648c  800648c       28     4         cmake/stm32cubemx/CMakeFiles/FreeRTOS.dir/__/__/Middlewares/Third_Party/FreeRTOS/Source/CMSIS_RTOS_V2/cmsis_os2.c.obj:(.text.osKernelInitialize)
 800648c  800648c        0     1                 $t
 800648d  800648d       28     1                 osKernelInitialize
 80064b4  80064b4       3e     4         cmake/stm32cubemx/CMakeFiles/FreeRTOS.dir/__/__/Middlewares/Third_Party/FreeRTOS/Source/CMSIS_RTOS_V2/cmsis_os2.c.obj:(.text.osKernelStart)
 80064b4  80064b4        0     1                 $t
 80064b5  80064b5       3e     1                 osKernelStart
 80064f4  80064f4       c6     4         cmake/stm32cubemx/CMakeFiles/FreeRTOS.dir/__/__/Middlewares/Third_Party/FreeRTOS/Source/CMSIS_RTOS_V2/cmsis_os2.c.obj:(.text.osThreadNew)
 80064f4  80064f4        0     1                 $t
 80064f5  80064f5       c6     1                 osThreadNew
 80065bc  80065bc       22     4         cmake/stm32cubemx/CMakeFiles/FreeRTOS.dir/__/__/Middlewares/Third_Party/FreeRTOS/Source/CMSIS_RTOS_V2/cmsis_os2.c.obj:(.text.osDelay)
 80065bc  80065bc        0     1                 $t
 80065bd  80065bd       22     1                 osDelay
 80065e0  80065e0       1a     4         cmake/stm32cubemx/CMakeFiles/FreeRTOS.dir/__/__/Middlewares/Third_Party/FreeRTOS/Source/CMSIS_RTOS_V2/cmsis_os2.c.obj:(.text.vApplicationGetIdleTaskMemory)
 80065e0  80065e0        0     1                 $t
 80065e1  80065e1       1a     1                 vApplicationGetIdleTaskMemory
 80065fc  80065fc       1c     4         cmake/stm32cubemx/CMakeFiles/FreeRTOS.dir/__/__/Middlewares/Third_Party/FreeRTOS/Source/CMSIS_RTOS_V2/cmsis_os2.c.obj:(.text.vApplicationGetTimerTaskMemory)
 80065fc  80065fc        0     1                 $t
 80065fd  80065fd       1c     1                 vApplicationGetTimerTaskMemory
 8006618  8006618      1aa     4         cmake/stm32cubemx/CMakeFiles/FreeRTOS.dir/__/__/Middlewares/Third_Party/FreeRTOS/Source/portable/MemMang/heap_4.c.obj:(.text.pvPortMalloc)
 8006618  8006618        0     1                 $t
 8006619  8006619      1aa     1                 pvPortMalloc
 80067c4  80067c4       d6     4         cmake/stm32cubemx/CMakeFiles/FreeRTOS.dir/__/__/Middlewares/Third_Party/FreeRTOS/Source/portable/MemMang/heap_4.c.obj:(.text.vPortFree)
 80067c4  80067c4        0     1                 $t
 80067c5  80067c5       d6     1                 vPortFree
 800689c  800689c       24     4         cmake/stm32cubemx/CMakeFiles/FreeRTOS.dir/__/__/Middlewares/Third_Party/FreeRTOS/Source/portable/GCC/ARM_CM4F/port.c.obj:(.text.pxPortInitialiseStack)
 800689c  800689c        0     1                 $t
 800689d  800689d       24     1                 pxPortInitialiseStack
 80068c0  80068c0       32     4         cmake/stm32cubemx/CMakeFiles/FreeRTOS.dir/__/__/Middlewares/Third_Party/FreeRTOS/Source/portable/GCC/ARM_CM4F/port.c.obj:(.text.prvTaskExitError)
 80068c0  80068c0        0     1                 $t
 80068c1  80068c1       32     1                 prvTaskExitError
 8006900  8006900       24    16         cmake/stm32cubemx/CMakeFiles/FreeRTOS.dir/__/__/Middlewares/Third_Party/FreeRTOS/Source/portable/GCC/ARM_CM4F/port.c.obj:(.text.SVC_Handler)
 8006900  8006900        0     1                 $t
 8006901  8006901       24     1                 SVC_Handler
 8006920  8006920        0     1                 pxCurrentTCBConst2
 8006920  8006920        0     1                 $d
 8006924  8006924      12e     4         cmake/stm32cubemx/CMakeFiles/FreeRTOS.dir/__/__/Middlewares/Third_Party/FreeRTOS/Source/portable/GCC/ARM_CM4F/port.c.obj:(.text.xPortStartScheduler)
 8006924  8006924        0     1                 $t
 8006925  8006925      12e     1                 xPortStartScheduler
 8006a54  8006a54       34     4         cmake/stm32cubemx/CMakeFiles/FreeRTOS.dir/__/__/Middlewares/Third_Party/FreeRTOS/Source/portable/GCC/ARM_CM4F/port.c.obj:(.text.vPortSetupTimerInterrupt)
 8006a54  8006a54        0     1                 $t
 8006a55  8006a55       34     1                 vPortSetupTimerInterrupt
 8006a88  8006a88       14     4         cmake/stm32cubemx/CMakeFiles/FreeRTOS.dir/__/__/Middlewares/Third_Party/FreeRTOS/Source/portable/GCC/ARM_CM4F/port.c.obj:(.text.vPortEnableVFP)
 8006a88  8006a88        0     1                 $t
 8006a89  8006a89        e     1                 vPortEnableVFP
 8006a98  8006a98        0     1                 $d
 8006a9c  8006a9c       28     4         cmake/stm32cubemx/CMakeFiles/FreeRTOS.dir/__/__/Middlewares/Third_Party/FreeRTOS/Source/portable/GCC/ARM_CM4F/port.c.obj:(.text.prvPortStartFirstTask)
 8006a9c  8006a9c        0     1                 $t
 8006a9d  8006a9d       22     1                 prvPortStartFirstTask
 8006ac0  8006ac0        0     1                 $d
 8006ac4  8006ac4       46     4         cmake/stm32cubemx/CMakeFiles/FreeRTOS.dir/__/__/Middlewares/Third_Party/FreeRTOS/Source/portable/GCC/ARM_CM4F/port.c.obj:(.text.vPortEnterCritical)
 8006ac4  8006ac4        0     1                 $t
 8006ac5  8006ac5       46     1                 vPortEnterCritical
 8006b0c  8006b0c       2e     4         cmake/stm32cubemx/CMakeFiles/FreeRTOS.dir/__/__/Middlewares/Third_Party/FreeRTOS/Source/portable/GCC/ARM_CM4F/port.c.obj:(.text.vPortExitCritical)
 8006b0c  8006b0c        0     1                 $t
 8006b0d  8006b0d       2e     1                 vPortExitCritical
 8006b40  8006b40       64    16         cmake/stm32cubemx/CMakeFiles/FreeRTOS.dir/__/__/Middlewares/Third_Party/FreeRTOS/Source/portable/GCC/ARM_CM4F/port.c.obj:(.text.PendSV_Handler)
 8006b40  8006b40        0     1                 $t
 8006b41  8006b41       64     1                 PendSV_Handler
 8006ba0  8006ba0        0     1                 pxCurrentTCBConst
 8006ba0  8006ba0        0     1                 $d
 8006ba4  8006ba4       30     4         cmake/stm32cubemx/CMakeFiles/FreeRTOS.dir/__/__/Middlewares/Third_Party/FreeRTOS/Source/portable/GCC/ARM_CM4F/port.c.obj:(.text.xPortSysTickHandler)
 8006ba4  8006ba4        0     1                 $t
 8006ba5  8006ba5       30     1                 xPortSysTickHandler
 8006bd4  8006bd4       62     4         cmake/stm32cubemx/CMakeFiles/FreeRTOS.dir/__/__/Middlewares/Third_Party/FreeRTOS/Source/portable/GCC/ARM_CM4F/port.c.obj:(.text.vPortValidateInterruptPriority)
 8006bd4  8006bd4        0     1                 $t
 8006bd5  8006bd5       62     1                 vPortValidateInterruptPriority
 8006c38  8006c38       8a     4         CMakeFiles/diankong_jie.dir/USB_DEVICE/Target/usbd_conf.c.obj:(.text.HAL_PCD_MspInit)
 8006c38  8006c38        0     1                 $t
 8006c39  8006c39       8a     1                 HAL_PCD_MspInit
 8006cc4  8006cc4        e     4         CMakeFiles/diankong_jie.dir/USB_DEVICE/Target/usbd_conf.c.obj:(.text.HAL_PCD_SetupStageCallback)
 8006cc4  8006cc4        0     1                 $t
 8006cc5  8006cc5        e     1                 HAL_PCD_SetupStageCallback
 8006cd4  8006cd4       16     4         CMakeFiles/diankong_jie.dir/USB_DEVICE/Target/usbd_conf.c.obj:(.text.HAL_PCD_DataOutStageCallback)
 8006cd4  8006cd4        0     1                 $t
 8006cd5  8006cd5       16     1                 HAL_PCD_DataOutStageCallback
 8006cec  8006cec       14     4         CMakeFiles/diankong_jie.dir/USB_DEVICE/Target/usbd_conf.c.obj:(.text.HAL_PCD_DataInStageCallback)
 8006cec  8006cec        0     1                 $t
 8006ced  8006ced       14     1                 HAL_PCD_DataInStageCallback
 8006d00  8006d00        8     4         CMakeFiles/diankong_jie.dir/USB_DEVICE/Target/usbd_conf.c.obj:(.text.HAL_PCD_SOFCallback)
 8006d00  8006d00        0     1                 $t
 8006d01  8006d01        8     1                 HAL_PCD_SOFCallback
 8006d08  8006d08       28     4         CMakeFiles/diankong_jie.dir/USB_DEVICE/Target/usbd_conf.c.obj:(.text.HAL_PCD_ResetCallback)
 8006d08  8006d08        0     1                 $t
 8006d09  8006d09       28     1                 HAL_PCD_ResetCallback
 8006d30  8006d30       36     4         CMakeFiles/diankong_jie.dir/USB_DEVICE/Target/usbd_conf.c.obj:(.text.HAL_PCD_SuspendCallback)
 8006d30  8006d30        0     1                 $t
 8006d31  8006d31       36     1                 HAL_PCD_SuspendCallback
 8006d68  8006d68        8     4         CMakeFiles/diankong_jie.dir/USB_DEVICE/Target/usbd_conf.c.obj:(.text.HAL_PCD_ResumeCallback)
 8006d68  8006d68        0     1                 $t
 8006d69  8006d69        8     1                 HAL_PCD_ResumeCallback
 8006d70  8006d70        8     4         CMakeFiles/diankong_jie.dir/USB_DEVICE/Target/usbd_conf.c.obj:(.text.HAL_PCD_ISOOUTIncompleteCallback)
 8006d70  8006d70        0     1                 $t
 8006d71  8006d71        8     1                 HAL_PCD_ISOOUTIncompleteCallback
 8006d78  8006d78        8     4         CMakeFiles/diankong_jie.dir/USB_DEVICE/Target/usbd_conf.c.obj:(.text.HAL_PCD_ISOINIncompleteCallback)
 8006d78  8006d78        0     1                 $t
 8006d79  8006d79        8     1                 HAL_PCD_ISOINIncompleteCallback
 8006d80  8006d80        8     4         CMakeFiles/diankong_jie.dir/USB_DEVICE/Target/usbd_conf.c.obj:(.text.HAL_PCD_ConnectCallback)
 8006d80  8006d80        0     1                 $t
 8006d81  8006d81        8     1                 HAL_PCD_ConnectCallback
 8006d88  8006d88        8     4         CMakeFiles/diankong_jie.dir/USB_DEVICE/Target/usbd_conf.c.obj:(.text.HAL_PCD_DisconnectCallback)
 8006d88  8006d88        0     1                 $t
 8006d89  8006d89        8     1                 HAL_PCD_DisconnectCallback
 8006d90  8006d90       70     4         CMakeFiles/diankong_jie.dir/USB_DEVICE/Target/usbd_conf.c.obj:(.text.USBD_LL_Init)
 8006d90  8006d90        0     1                 $t
 8006d91  8006d91       70     1                 USBD_LL_Init
 8006e00  8006e00       24     4         CMakeFiles/diankong_jie.dir/USB_DEVICE/Target/usbd_conf.c.obj:(.text.USBD_LL_Start)
 8006e00  8006e00        0     1                 $t
 8006e01  8006e01       24     1                 USBD_LL_Start
 8006e24  8006e24       2a     4         CMakeFiles/diankong_jie.dir/USB_DEVICE/Target/usbd_conf.c.obj:(.text.USBD_LL_OpenEP)
 8006e24  8006e24        0     1                 $t
 8006e25  8006e25       2a     1                 USBD_LL_OpenEP
 8006e50  8006e50       24     4         CMakeFiles/diankong_jie.dir/USB_DEVICE/Target/usbd_conf.c.obj:(.text.USBD_LL_CloseEP)
 8006e50  8006e50        0     1                 $t
 8006e51  8006e51       24     1                 USBD_LL_CloseEP
 8006e74  8006e74       24     4         CMakeFiles/diankong_jie.dir/USB_DEVICE/Target/usbd_conf.c.obj:(.text.USBD_LL_StallEP)
 8006e74  8006e74        0     1                 $t
 8006e75  8006e75       24     1                 USBD_LL_StallEP
 8006e98  8006e98       24     4         CMakeFiles/diankong_jie.dir/USB_DEVICE/Target/usbd_conf.c.obj:(.text.USBD_LL_ClearStallEP)
 8006e98  8006e98        0     1                 $t
 8006e99  8006e99       24     1                 USBD_LL_ClearStallEP
 8006ebc  8006ebc       2a     4         CMakeFiles/diankong_jie.dir/USB_DEVICE/Target/usbd_conf.c.obj:(.text.USBD_LL_IsStallEP)
 8006ebc  8006ebc        0     1                 $t
 8006ebd  8006ebd       2a     1                 USBD_LL_IsStallEP
 8006ee8  8006ee8       24     4         CMakeFiles/diankong_jie.dir/USB_DEVICE/Target/usbd_conf.c.obj:(.text.USBD_LL_SetUSBAddress)
 8006ee8  8006ee8        0     1                 $t
 8006ee9  8006ee9       24     1                 USBD_LL_SetUSBAddress
 8006f0c  8006f0c       24     4         CMakeFiles/diankong_jie.dir/USB_DEVICE/Target/usbd_conf.c.obj:(.text.USBD_LL_Transmit)
 8006f0c  8006f0c        0     1                 $t
 8006f0d  8006f0d       24     1                 USBD_LL_Transmit
 8006f30  8006f30       24     4         CMakeFiles/diankong_jie.dir/USB_DEVICE/Target/usbd_conf.c.obj:(.text.USBD_LL_PrepareReceive)
 8006f30  8006f30        0     1                 $t
 8006f31  8006f31       24     1                 USBD_LL_PrepareReceive
 8006f54  8006f54        8     4         CMakeFiles/diankong_jie.dir/USB_DEVICE/Target/usbd_conf.c.obj:(.text.USBD_LL_GetRxDataSize)
 8006f54  8006f54        0     1                 $t
 8006f55  8006f55        8     1                 USBD_LL_GetRxDataSize
 8006f5c  8006f5c        a     4         CMakeFiles/diankong_jie.dir/USB_DEVICE/Target/usbd_conf.c.obj:(.text.USBD_static_malloc)
 8006f5c  8006f5c        0     1                 $t
 8006f5d  8006f5d        a     1                 USBD_static_malloc
 8006f68  8006f68        2     4         CMakeFiles/diankong_jie.dir/USB_DEVICE/Target/usbd_conf.c.obj:(.text.USBD_static_free)
 8006f68  8006f68        0     1                 $t
 8006f69  8006f69        2     1                 USBD_static_free
 8006f6c  8006f6c       74     4         CMakeFiles/diankong_jie.dir/USB_DEVICE/App/usb_device.c.obj:(.text.MX_USB_DEVICE_Init)
 8006f6c  8006f6c        0     1                 $t
 8006f6d  8006f6d       74     1                 MX_USB_DEVICE_Init
 8006fe0  8006fe0        e     4         CMakeFiles/diankong_jie.dir/USB_DEVICE/App/usbd_desc.c.obj:(.text.USBD_FS_DeviceDescriptor)
 8006fe0  8006fe0        0     1                 $t
 8006fe1  8006fe1        e     1                 USBD_FS_DeviceDescriptor
 8006ff0  8006ff0        e     4         CMakeFiles/diankong_jie.dir/USB_DEVICE/App/usbd_desc.c.obj:(.text.USBD_FS_LangIDStrDescriptor)
 8006ff0  8006ff0        0     1                 $t
 8006ff1  8006ff1        e     1                 USBD_FS_LangIDStrDescriptor
 8007000  8007000       20     4         CMakeFiles/diankong_jie.dir/USB_DEVICE/App/usbd_desc.c.obj:(.text.USBD_FS_ManufacturerStrDescriptor)
 8007000  8007000        0     1                 $t
 8007001  8007001       20     1                 USBD_FS_ManufacturerStrDescriptor
 8007020  8007020       20     4         CMakeFiles/diankong_jie.dir/USB_DEVICE/App/usbd_desc.c.obj:(.text.USBD_FS_ProductStrDescriptor)
 8007020  8007020        0     1                 $t
 8007021  8007021       20     1                 USBD_FS_ProductStrDescriptor
 8007040  8007040       90     4         CMakeFiles/diankong_jie.dir/USB_DEVICE/App/usbd_desc.c.obj:(.text.USBD_FS_SerialStrDescriptor)
 8007040  8007040        0     1                 $t
 8007041  8007041       90     1                 USBD_FS_SerialStrDescriptor
 80070d0  80070d0       20     4         CMakeFiles/diankong_jie.dir/USB_DEVICE/App/usbd_desc.c.obj:(.text.USBD_FS_ConfigStrDescriptor)
 80070d0  80070d0        0     1                 $t
 80070d1  80070d1       20     1                 USBD_FS_ConfigStrDescriptor
 80070f0  80070f0       20     4         CMakeFiles/diankong_jie.dir/USB_DEVICE/App/usbd_desc.c.obj:(.text.USBD_FS_InterfaceStrDescriptor)
 80070f0  80070f0        0     1                 $t
 80070f1  80070f1       20     1                 USBD_FS_InterfaceStrDescriptor
 8007110  8007110       2e     4         CMakeFiles/diankong_jie.dir/USB_DEVICE/App/usbd_cdc_if.c.obj:(.text.CDC_Init_FS)
 8007110  8007110        0     1                 $t
 8007111  8007111       2e     1                 CDC_Init_FS
 8007140  8007140        4     4         CMakeFiles/diankong_jie.dir/USB_DEVICE/App/usbd_cdc_if.c.obj:(.text.CDC_DeInit_FS)
 8007140  8007140        0     1                 $t
 8007141  8007141        4     1                 CDC_DeInit_FS
 8007144  8007144        4     4         CMakeFiles/diankong_jie.dir/USB_DEVICE/App/usbd_cdc_if.c.obj:(.text.CDC_Control_FS)
 8007144  8007144        0     1                 $t
 8007145  8007145        4     1                 CDC_Control_FS
 8007148  8007148       2a     4         CMakeFiles/diankong_jie.dir/USB_DEVICE/App/usbd_cdc_if.c.obj:(.text.CDC_Receive_FS)
 8007148  8007148        0     1                 $t
 8007149  8007149       2a     1                 CDC_Receive_FS
 8007174  8007174       14     4         CMakeFiles/diankong_jie.dir/USB_DEVICE/App/usbd_cdc_if.c.obj:(.text.CDC_TransmitCplt_FS)
 8007174  8007174        0     1                 $t
 8007175  8007175       14     1                 CDC_TransmitCplt_FS
 8007188  8007188       52     4         CMakeFiles/diankong_jie.dir/Core/Src/main.c.obj:(.text.main)
 8007188  8007188        0     1                 $t
 8007189  8007189       52     1                 main
 80071dc  80071dc       b2     4         CMakeFiles/diankong_jie.dir/Core/Src/main.c.obj:(.text.SystemClock_Config)
 80071dc  80071dc        0     1                 $t
 80071dd  80071dd       b2     1                 SystemClock_Config
 8007290  8007290        6     4         CMakeFiles/diankong_jie.dir/Core/Src/main.c.obj:(.text.Error_Handler)
 8007290  8007290        0     1                 $t
 8007291  8007291        6     1                 Error_Handler
 8007298  8007298       14     4         CMakeFiles/diankong_jie.dir/Core/Src/main.c.obj:(.text.HAL_TIM_PeriodElapsedCallback)
 8007298  8007298        0     1                 $t
 8007299  8007299       14     1                 HAL_TIM_PeriodElapsedCallback
 80072ac  80072ac       4c     4         CMakeFiles/diankong_jie.dir/Core/Src/gpio.c.obj:(.text.MX_GPIO_Init)
 80072ac  80072ac        0     1                 $t
 80072ad  80072ad       4c     1                 MX_GPIO_Init
 80072f8  80072f8        2     4         CMakeFiles/diankong_jie.dir/Core/Src/freertos.c.obj:(.text.configureTimerForRunTimeStats)
 80072f8  80072f8        0     1                 $t
 80072f9  80072f9        2     1                 configureTimerForRunTimeStats
 80072fc  80072fc        4     4         CMakeFiles/diankong_jie.dir/Core/Src/freertos.c.obj:(.text.getRunTimeCounterValue)
[...]
    79d1     79d1      44a     1         cmake/stm32cubemx/CMakeFiles/STM32_Drivers.dir/__/__/Drivers/STM32F4xx_HAL_Driver/Src/stm32f4xx_hal_rcc_ex.c.obj:(.debug_line)
    7e1b     7e1b      535     1         cmake/stm32cubemx/CMakeFiles/STM32_Drivers.dir/__/__/Drivers/STM32F4xx_HAL_Driver/Src/stm32f4xx_hal_flash.c.obj:(.debug_line)
    8350     8350      418     1         cmake/stm32cubemx/CMakeFiles/STM32_Drivers.dir/__/__/Drivers/STM32F4xx_HAL_Driver/Src/stm32f4xx_hal_flash_ex.c.obj:(.debug_line)
    8768     8768      388     1         cmake/stm32cubemx/CMakeFiles/STM32_Drivers.dir/__/__/Drivers/STM32F4xx_HAL_Driver/Src/stm32f4xx_hal_gpio.c.obj:(.debug_line)
    8af0     8af0      523     1         cmake/stm32cubemx/CMakeFiles/STM32_Drivers.dir/__/__/Drivers/STM32F4xx_HAL_Driver/Src/stm32f4xx_hal_dma_ex.c.obj:(.debug_line)
    9013     9013      894     1         cmake/stm32cubemx/CMakeFiles/STM32_Drivers.dir/__/__/Drivers/STM32F4xx_HAL_Driver/Src/stm32f4xx_hal_dma.c.obj:(.debug_line)
    98a7     98a7      29e     1         cmake/stm32cubemx/CMakeFiles/STM32_Drivers.dir/__/__/Drivers/STM32F4xx_HAL_Driver/Src/stm32f4xx_hal_pwr.c.obj:(.debug_line)
    9b45     9b45      204     1         cmake/stm32cubemx/CMakeFiles/STM32_Drivers.dir/__/__/Drivers/STM32F4xx_HAL_Driver/Src/stm32f4xx_hal_pwr_ex.c.obj:(.debug_line)
    9d49     9d49      513     1         cmake/stm32cubemx/CMakeFiles/STM32_Drivers.dir/__/__/Drivers/STM32F4xx_HAL_Driver/Src/stm32f4xx_hal_cortex.c.obj:(.debug_line)
    a25c     a25c      374     1         cmake/stm32cubemx/CMakeFiles/STM32_Drivers.dir/__/__/Drivers/STM32F4xx_HAL_Driver/Src/stm32f4xx_hal.c.obj:(.debug_line)
    a5d0     a5d0      3d2     1         cmake/stm32cubemx/CMakeFiles/STM32_Drivers.dir/__/__/Drivers/STM32F4xx_HAL_Driver/Src/stm32f4xx_hal_exti.c.obj:(.debug_line)
    a9a2     a9a2      baf     1         cmake/stm32cubemx/CMakeFiles/STM32_Drivers.dir/__/__/Drivers/STM32F4xx_HAL_Driver/Src/stm32f4xx_hal_can.c.obj:(.debug_line)
    b551     b551     1fa3     1         cmake/stm32cubemx/CMakeFiles/STM32_Drivers.dir/__/__/Drivers/STM32F4xx_HAL_Driver/Src/stm32f4xx_hal_uart.c.obj:(.debug_line)
    d4f4     d4f4     3aa9     1         cmake/stm32cubemx/CMakeFiles/STM32_Drivers.dir/__/__/Drivers/STM32F4xx_HAL_Driver/Src/stm32f4xx_hal_i2c.c.obj:(.debug_line)
   10f9d    10f9d      697     1         cmake/stm32cubemx/CMakeFiles/USB_Device_Library.dir/__/__/Middlewares/ST/STM32_USB_Device_Library/Core/Src/usbd_core.c.obj:(.debug_line)
   11634    11634      6d0     1         cmake/stm32cubemx/CMakeFiles/USB_Device_Library.dir/__/__/Middlewares/ST/STM32_USB_Device_Library/Core/Src/usbd_ctlreq.c.obj:(.debug_line)
   11d04    11d04      19f     1         cmake/stm32cubemx/CMakeFiles/USB_Device_Library.dir/__/__/Middlewares/ST/STM32_USB_Device_Library/Core/Src/usbd_ioreq.c.obj:(.debug_line)
   11ea3    11ea3      647     1         cmake/stm32cubemx/CMakeFiles/USB_Device_Library.dir/__/__/Middlewares/ST/STM32_USB_Device_Library/Class/CDC/Src/usbd_cdc.c.obj:(.debug_line)
   124ea    124ea      5ce     1         cmake/stm32cubemx/CMakeFiles/FreeRTOS.dir/__/__/Middlewares/Third_Party/FreeRTOS/Source/event_groups.c.obj:(.debug_line)
   12ab8    12ab8      1b3     1         cmake/stm32cubemx/CMakeFiles/FreeRTOS.dir/__/__/Middlewares/Third_Party/FreeRTOS/Source/list.c.obj:(.debug_line)
   12c6b    12c6b     1333     1         cmake/stm32cubemx/CMakeFiles/FreeRTOS.dir/__/__/Middlewares/Third_Party/FreeRTOS/Source/queue.c.obj:(.debug_line)
   13f9e    13f9e      b8e     1         cmake/stm32cubemx/CMakeFiles/FreeRTOS.dir/__/__/Middlewares/Third_Party/FreeRTOS/Source/stream_buffer.c.obj:(.debug_line)
   14b2c    14b2c     201e     1         cmake/stm32cubemx/CMakeFiles/FreeRTOS.dir/__/__/Middlewares/Third_Party/FreeRTOS/Source/tasks.c.obj:(.debug_line)
   16b4a    16b4a      8ef     1         cmake/stm32cubemx/CMakeFiles/FreeRTOS.dir/__/__/Middlewares/Third_Party/FreeRTOS/Source/timers.c.obj:(.debug_line)
   17439    17439     17ef     1         cmake/stm32cubemx/CMakeFiles/FreeRTOS.dir/__/__/Middlewares/Third_Party/FreeRTOS/Source/CMSIS_RTOS_V2/cmsis_os2.c.obj:(.debug_line)
   18c28    18c28      3f5     1         cmake/stm32cubemx/CMakeFiles/FreeRTOS.dir/__/__/Middlewares/Third_Party/FreeRTOS/Source/portable/MemMang/heap_4.c.obj:(.debug_line)
   1901d    1901d      3e0     1         cmake/stm32cubemx/CMakeFiles/FreeRTOS.dir/__/__/Middlewares/Third_Party/FreeRTOS/Source/portable/GCC/ARM_CM4F/port.c.obj:(.debug_line)
   193fd    193fd      537     1         CMakeFiles/diankong_jie.dir/USB_DEVICE/Target/usbd_conf.c.obj:(.debug_line)
   19934    19934       fc     1         CMakeFiles/diankong_jie.dir/USB_DEVICE/App/usb_device.c.obj:(.debug_line)
   19a30    19a30      1fa     1         CMakeFiles/diankong_jie.dir/USB_DEVICE/App/usbd_desc.c.obj:(.debug_line)
   19c2a    19c2a      188     1         CMakeFiles/diankong_jie.dir/USB_DEVICE/App/usbd_cdc_if.c.obj:(.debug_line)
   19db2    19db2      23d     1         CMakeFiles/diankong_jie.dir/Core/Src/main.c.obj:(.debug_line)
   19fef    19fef       c1     1         CMakeFiles/diankong_jie.dir/Core/Src/gpio.c.obj:(.debug_line)
   1a0b0    1a0b0      1be     1         CMakeFiles/diankong_jie.dir/Core/Src/freertos.c.obj:(.debug_line)
   1a26e    1a26e      266     1         CMakeFiles/diankong_jie.dir/Core/Src/can.c.obj:(.debug_line)
   1a4d4    1a4d4       de     1         CMakeFiles/diankong_jie.dir/Core/Src/dma.c.obj:(.debug_line)
   1a5b2    1a5b2      354     1         CMakeFiles/diankong_jie.dir/Core/Src/usart.c.obj:(.debug_line)
   1a906    1a906      319     1         CMakeFiles/diankong_jie.dir/Core/Src/stm32f4xx_it.c.obj:(.debug_line)
   1ac1f    1ac1f       d7     1         CMakeFiles/diankong_jie.dir/Core/Src/stm32f4xx_hal_msp.c.obj:(.debug_line)
   1acf6    1acf6      1a4     1         CMakeFiles/diankong_jie.dir/Core/Src/stm32f4xx_hal_timebase_tim.c.obj:(.debug_line)
   1ae9a    1ae9a       fb     1         CMakeFiles/diankong_jie.dir/Core/Src/sysmem.c.obj:(.debug_line)
   1af95    1af95      31b     1         CMakeFiles/diankong_jie.dir/Core/Src/syscalls.c.obj:(.debug_line)
   1b2b0    1b2b0       6b     1         CMakeFiles/diankong_jie.dir/startup_stm32f405xx.s.obj:(.debug_line)
   1b31b    1b31b      98e     1         CMakeFiles/diankong_jie.dir/bsp/bsp_uart/bsp_uart.c.obj:(.debug_line)
   1bca9    1bca9      a77     1         CMakeFiles/diankong_jie.dir/bsp/bsp_can/bsp_can.c.obj:(.debug_line)
   1c720    1c720      325     1         CMakeFiles/diankong_jie.dir/bsp/bsp_usb/bsp_usb.c.obj:(.debug_line)
   1ca45    1ca45      273     1         CMakeFiles/diankong_jie.dir/bsp/bsp_pwm/bsp_pwm.c.obj:(.debug_line)
   1ccb8    1ccb8      6e9     1         CMakeFiles/diankong_jie.dir/bsp/bsp_iic/bsp_iic.c.obj:(.debug_line)
   1d3a1    1d3a1      1eb     1         CMakeFiles/diankong_jie.dir/component/comp_utils.c.obj:(.debug_line)
   1d58c    1d58c      3f0     1         CMakeFiles/diankong_jie.dir/arithmetic/pid/pid_location/pid_location.c.obj:(.debug_line)
   1d97c    1d97c      242     1         CMakeFiles/diankong_jie.dir/arithmetic/referee/crc_ref.c.obj:(.debug_line)
   1dbbe    1dbbe      4a6     1         CMakeFiles/diankong_jie.dir/bsp/dwt/bsp_dwt.c.obj:(.debug_line)
   1e064    1e064      2ac     1         CMakeFiles/diankong_jie.dir/calucate/chassis_control/chassis_control.c.obj:(.debug_line)
   1e310    1e310      33e     1         CMakeFiles/diankong_jie.dir/modules/dr16/dev_dr16.c.obj:(.debug_line)
   1e64e    1e64e      649     1         CMakeFiles/diankong_jie.dir/modules/game/game.c.obj:(.debug_line)
   1ec97    1ec97     104e     1         CMakeFiles/diankong_jie.dir/modules/lx824/lx824.c.obj:(.debug_line)
   1fce5    1fce5      54f     1         CMakeFiles/diankong_jie.dir/modules/motor/dj_motor/dj_motor_ctrl.c.obj:(.debug_line)
   20234    20234      331     1         CMakeFiles/diankong_jie.dir/modules/motor/dj_motor/dj_motor_drv.c.obj:(.debug_line)
   20565    20565      7af     1         CMakeFiles/diankong_jie.dir/modules/motor/dm_motor/dm_motor_ctrl.c.obj:(.debug_line)
   20d14    20d14      a82     1         CMakeFiles/diankong_jie.dir/modules/motor/dm_motor/dm_motor_drv.c.obj:(.debug_line)
   21796    21796      6fb     1         CMakeFiles/diankong_jie.dir/modules/vofa/vofa.c.obj:(.debug_line)
   21e91    21e91      675     1         CMakeFiles/diankong_jie.dir/modules/vofa_usb/vofa_usb.c.obj:(.debug_line)
   22506    22506      1b3     1         CMakeFiles/diankong_jie.dir/task/chassis/chassis_task.c.obj:(.debug_line)
   226b9    226b9      1ae     1         CMakeFiles/diankong_jie.dir/task/dr16_task.c.obj:(.debug_line)
   22867    22867      19c     1         CMakeFiles/diankong_jie.dir/task/game_task.c.obj:(.debug_line)
   22a03    22a03      1d2     1         CMakeFiles/diankong_jie.dir/lx824_task/lx824_task.c.obj:(.debug_line)
   22bd5    22bd5      1e5     1         CMakeFiles/diankong_jie.dir/vofa_task/vofa_task.c.obj:(.debug_line)
   22dba    22dba      1fd     1         CMakeFiles/diankong_jie.dir/vofa_usb_task/vofa_usb_task.c.obj:(.debug_line)
   22fb7    22fb7       50     1         C:/Users/24137/AppData/Local/stm32cube/bundles/st-arm-clang/19.1.6+st.10/bin/../lib/clang-runtimes/arm-none-eabi/armv7m_hard_fpv4_sp_d16_exn_rtti/lib/libc.a(strcmp.S.o):(.debug_line)
   23007    23007       8a     1         C:/Users/24137/AppData/Local/stm32cube/bundles/st-arm-clang/19.1.6+st.10/bin/../lib/clang-runtimes/arm-none-eabi/armv7m_hard_fpv4_sp_d16_exn_rtti/lib/libc.a(aeabi_memset.c.o):(.debug_line)
   23091    23091       a1     1         C:/Users/24137/AppData/Local/stm32cube/bundles/st-arm-clang/19.1.6+st.10/bin/../lib/clang-runtimes/arm-none-eabi/armv7m_hard_fpv4_sp_d16_exn_rtti/lib/libc.a(bzero.c.o):(.debug_line)
   23132    23132       a6     1         C:/Users/24137/AppData/Local/stm32cube/bundles/st-arm-clang/19.1.6+st.10/bin/../lib/clang-runtimes/arm-none-eabi/armv7m_hard_fpv4_sp_d16_exn_rtti/lib/libc.a(memchr.c.o):(.debug_line)
   231d8    231d8       99     1         C:/Users/24137/AppData/Local/stm32cube/bundles/st-arm-clang/19.1.6+st.10/bin/../lib/clang-runtimes/arm-none-eabi/armv7m_hard_fpv4_sp_d16_exn_rtti/lib/libc.a(memcpy.c.o):(.debug_line)
   23271    23271       91     1         C:/Users/24137/AppData/Local/stm32cube/bundles/st-arm-clang/19.1.6+st.10/bin/../lib/clang-runtimes/arm-none-eabi/armv7m_hard_fpv4_sp_d16_exn_rtti/lib/libc.a(memset.c.o):(.debug_line)
   23302    23302      25e     1         C:/Users/24137/AppData/Local/stm32cube/bundles/st-arm-clang/19.1.6+st.10/bin/../lib/clang-runtimes/arm-none-eabi/armv7m_hard_fpv4_sp_d16_exn_rtti/lib/libc.a(nano-malloc.c.o):(.debug_line)
   23560    23560      15d     1         C:/Users/24137/AppData/Local/stm32cube/bundles/st-arm-clang/19.1.6+st.10/bin/../lib/clang-runtimes/arm-none-eabi/armv7m_hard_fpv4_sp_d16_exn_rtti/lib/libc.a(nano-free.c.o):(.debug_line)
   236bd    236bd       43     1         C:/Users/24137/AppData/Local/stm32cube/bundles/st-arm-clang/19.1.6+st.10/bin/../lib/clang-runtimes/arm-none-eabi/armv7m_hard_fpv4_sp_d16_exn_rtti/lib/libc.a(libc_errno_errno.c.o):(.debug_line)
   23700    23700       97     1         C:/Users/24137/AppData/Local/stm32cube/bundles/st-arm-clang/19.1.6+st.10/bin/../lib/clang-runtimes/arm-none-eabi/armv7m_hard_fpv4_sp_d16_exn_rtti/lib/libc.a(libc_misc_init.c.o):(.debug_line)
   23797    23797      104     1         C:/Users/24137/AppData/Local/stm32cube/bundles/st-arm-clang/19.1.6+st.10/bin/../lib/clang-runtimes/arm-none-eabi/armv7m_hard_fpv4_sp_d16_exn_rtti/lib/libc.a(libc_misc_lock.c.o):(.debug_line)
   2389b    2389b       59     1         C:/Users/24137/AppData/Local/stm32cube/bundles/st-arm-clang/19.1.6+st.10/bin/../lib/clang-runtimes/arm-none-eabi/armv7m_hard_fpv4_sp_d16_exn_rtti/lib/libc.a(libc_picolib_machine_arm_read_tp.S.o):(.debug_line)
   238f4    238f4       ad     1         C:/Users/24137/AppData/Local/stm32cube/bundles/st-arm-clang/19.1.6+st.10/bin/../lib/clang-runtimes/arm-none-eabi/armv7m_hard_fpv4_sp_d16_exn_rtti/lib/libc.a(libc_picolib_machine_arm_tls.c.o):(.debug_line)
   239a1    239a1      3f5     1         C:/Users/24137/AppData/Local/stm32cube/bundles/st-arm-clang/19.1.6+st.10/bin/../lib/clang-runtimes/arm-none-eabi/armv7m_hard_fpv4_sp_d16_exn_rtti/lib/libc.a(libc_tinystdio_strtof.c.o):(.debug_line)
   23d96    23d96       43     1         C:/Users/24137/AppData/Local/stm32cube/bundles/st-arm-clang/19.1.6+st.10/bin/../lib/clang-runtimes/arm-none-eabi/armv7m_hard_fpv4_sp_d16_exn_rtti/lib/libc.a(libc_ctype_ctype_.c.o):(.debug_line)
   23dd9    23dd9      1e1     1         C:/Users/24137/AppData/Local/stm32cube/bundles/st-arm-clang/19.1.6+st.10/bin/../lib/clang-runtimes/arm-none-eabi/armv7m_hard_fpv4_sp_d16_exn_rtti/lib/libc.a(libc_tinystdio_atof_ryu.c.o):(.debug_line)
   23fba    23fba      10d     1         C:/Users/24137/AppData/Local/stm32cube/bundles/st-arm-clang/19.1.6+st.10/bin/../lib/clang-runtimes/arm-none-eabi/armv7m_hard_fpv4_sp_d16_exn_rtti/lib/libc.a(libc_tinystdio_ryu_divpow2.c.o):(.debug_line)
   240c7    240c7       ba     1         C:/Users/24137/AppData/Local/stm32cube/bundles/st-arm-clang/19.1.6+st.10/bin/../lib/clang-runtimes/arm-none-eabi/armv7m_hard_fpv4_sp_d16_exn_rtti/lib/libc.a(libc_tinystdio_ryu_log2pow5.c.o):(.debug_line)
   24181    24181      1f5     1         C:/Users/24137/AppData/Local/stm32cube/bundles/st-arm-clang/19.1.6+st.10/bin/../lib/clang-runtimes/arm-none-eabi/armv7m_hard_fpv4_sp_d16_exn_rtti/lib/libc.a(libc_tinystdio_ryu_table.c.o):(.debug_line)
   24376    24376       99     1         C:/Users/24137/AppData/Local/stm32cube/bundles/st-arm-clang/19.1.6+st.10/bin/../lib/clang-runtimes/arm-none-eabi/armv7m_hard_fpv4_sp_d16_exn_rtti/lib/libc.a(libc_tinystdio_ryu_pow5bits.c.o):(.debug_line)
   2440f    2440f       e1     1         C:/Users/24137/AppData/Local/stm32cube/bundles/st-arm-clang/19.1.6+st.10/bin/../lib/clang-runtimes/arm-none-eabi/armv7m_hard_fpv4_sp_d16_exn_rtti/lib/libc.a(libc_tinystdio_ryu_umul128.c.o):(.debug_line)
   244f0    244f0       df     1         C:/Users/24137/AppData/Local/stm32cube/bundles/st-arm-clang/19.1.6+st.10/bin/../lib/clang-runtimes/arm-none-eabi/armv7m_hard_fpv4_sp_d16_exn_rtti/lib/libc.a(libm_common_sf_fpclassify.c.o):(.debug_line)
   245cf    245cf      958     1         C:/Users/24137/AppData/Local/stm32cube/bundles/st-arm-clang/19.1.6+st.10/bin/../lib/clang-runtimes/arm-none-eabi/armv7m_hard_fpv4_sp_d16_exn_rtti/lib/libc.a(libc_tinystdio_vfprintf.c.o):(.debug_line)
   24f27    24f27      1e1     1         C:/Users/24137/AppData/Local/stm32cube/bundles/st-arm-clang/19.1.6+st.10/bin/../lib/clang-runtimes/arm-none-eabi/armv7m_hard_fpv4_sp_d16_exn_rtti/lib/libc.a(libc_tinystdio_dtox_engine.c.o):(.debug_line)
   25108    25108      5fa     1         C:/Users/24137/AppData/Local/stm32cube/bundles/st-arm-clang/19.1.6+st.10/bin/../lib/clang-runtimes/arm-none-eabi/armv7m_hard_fpv4_sp_d16_exn_rtti/lib/libc.a(libc_tinystdio_dtoa_ryu.c.o):(.debug_line)
   25702    25702       b3     1         C:/Users/24137/AppData/Local/stm32cube/bundles/st-arm-clang/19.1.6+st.10/bin/../lib/clang-runtimes/arm-none-eabi/armv7m_hard_fpv4_sp_d16_exn_rtti/lib/libc.a(libc_tinystdio_ryu_log10.c.o):(.debug_line)
   257b5    257b5       94     1         C:/Users/24137/AppData/Local/stm32cube/bundles/st-arm-clang/19.1.6+st.10/bin/../lib/clang-runtimes/arm-none-eabi/armv7m_hard_fpv4_sp_d16_exn_rtti/lib/libc.a(libc_string_strnlen.c.o):(.debug_line)
   25849    25849      9bb     1         C:/Users/24137/AppData/Local/stm32cube/bundles/st-arm-clang/19.1.6+st.10/bin/../lib/clang-runtimes/arm-none-eabi/armv7m_hard_fpv4_sp_d16_exn_rtti/lib/libc.a(libc_tinystdio_vffprintf.c.o):(.debug_line)
   26204    26204      1c8     1         C:/Users/24137/AppData/Local/stm32cube/bundles/st-arm-clang/19.1.6+st.10/bin/../lib/clang-runtimes/arm-none-eabi/armv7m_hard_fpv4_sp_d16_exn_rtti/lib/libc.a(libc_tinystdio_ftox_engine.c.o):(.debug_line)
   263cc    263cc      4c6     1         C:/Users/24137/AppData/Local/stm32cube/bundles/st-arm-clang/19.1.6+st.10/bin/../lib/clang-runtimes/arm-none-eabi/armv7m_hard_fpv4_sp_d16_exn_rtti/lib/libc.a(libc_tinystdio_ftoa_ryu.c.o):(.debug_line)
   26892    26892      5a7     1         C:/Users/24137/AppData/Local/stm32cube/bundles/st-arm-clang/19.1.6+st.10/bin/../lib/clang-runtimes/arm-none-eabi/armv7m_hard_fpv4_sp_d16_exn_rtti/lib/libc.a(libc_tinystdio_vflprintf.c.o):(.debug_line)
   26e39    26e39      529     1         C:/Users/24137/AppData/Local/stm32cube/bundles/st-arm-clang/19.1.6+st.10/bin/../lib/clang-runtimes/arm-none-eabi/armv7m_hard_fpv4_sp_d16_exn_rtti/lib/libc.a(libc_tinystdio_vfiprintf.c.o):(.debug_line)
   27362    27362      333     1         C:/Users/24137/AppData/Local/stm32cube/bundles/st-arm-clang/19.1.6+st.10/bin/../lib/clang-runtimes/arm-none-eabi/armv7m_hard_fpv4_sp_d16_exn_rtti/lib/libc.a(libc_tinystdio_vfmprintf.c.o):(.debug_line)
   27695    27695      a05     1         C:/Users/24137/AppData/Local/stm32cube/bundles/st-arm-clang/19.1.6+st.10/bin/../lib/clang-runtimes/arm-none-eabi/armv7m_hard_fpv4_sp_d16_exn_rtti/lib/libc.a(libc_tinystdio_vfscanf.c.o):(.debug_line)
   2809a    2809a      21c     1         C:/Users/24137/AppData/Local/stm32cube/bundles/st-arm-clang/19.1.6+st.10/bin/../lib/clang-runtimes/arm-none-eabi/armv7m_hard_fpv4_sp_d16_exn_rtti/lib/libc.a(libc_tinystdio_atod_ryu.c.o):(.debug_line)
   282b6    282b6      12c     1         C:/Users/24137/AppData/Local/stm32cube/bundles/st-arm-clang/19.1.6+st.10/bin/../lib/clang-runtimes/arm-none-eabi/armv7m_hard_fpv4_sp_d16_exn_rtti/lib/libc.a(libc_tinystdio_fgetc.c.o):(.debug_line)
   283e2    283e2       fb     1         C:/Users/24137/AppData/Local/stm32cube/bundles/st-arm-clang/19.1.6+st.10/bin/../lib/clang-runtimes/arm-none-eabi/armv7m_hard_fpv4_sp_d16_exn_rtti/lib/libc.a(libc_tinystdio_ungetc.c.o):(.debug_line)
   284dd    284dd      927     1         C:/Users/24137/AppData/Local/stm32cube/bundles/st-arm-clang/19.1.6+st.10/bin/../lib/clang-runtimes/arm-none-eabi/armv7m_hard_fpv4_sp_d16_exn_rtti/lib/libc.a(libc_tinystdio_vffscanf.c.o):(.debug_line)
   28e04    28e04      530     1         C:/Users/24137/AppData/Local/stm32cube/bundles/st-arm-clang/19.1.6+st.10/bin/../lib/clang-runtimes/arm-none-eabi/armv7m_hard_fpv4_sp_d16_exn_rtti/lib/libc.a(libc_tinystdio_vflscanf.c.o):(.debug_line)
   29334    29334      512     1         C:/Users/24137/AppData/Local/stm32cube/bundles/st-arm-clang/19.1.6+st.10/bin/../lib/clang-runtimes/arm-none-eabi/armv7m_hard_fpv4_sp_d16_exn_rtti/lib/libc.a(libc_tinystdio_vfiscanf.c.o):(.debug_line)
   29846    29846      46e     1         C:/Users/24137/AppData/Local/stm32cube/bundles/st-arm-clang/19.1.6+st.10/bin/../lib/clang-runtimes/arm-none-eabi/armv7m_hard_fpv4_sp_d16_exn_rtti/lib/libc.a(libc_tinystdio_vfmscanf.c.o):(.debug_line)
       0        0     3ee7     1 .debug_line_str
       0        0     3ee7     1         <internal>:(.debug_line_str)
       0        0       70     1 .debug_aranges
       0        0       28     1         CMakeFiles/diankong_jie.dir/startup_stm32f405xx.s.obj:(.debug_aranges)
      28       28       20     1         C:/Users/24137/AppData/Local/stm32cube/bundles/st-arm-clang/19.1.6+st.10/bin/../lib/clang-runtimes/arm-none-eabi/armv7m_hard_fpv4_sp_d16_exn_rtti/lib/libc.a(strcmp.S.o):(.debug_aranges)
      48       48       28     1         C:/Users/24137/AppData/Local/stm32cube/bundles/st-arm-clang/19.1.6+st.10/bin/../lib/clang-runtimes/arm-none-eabi/armv7m_hard_fpv4_sp_d16_exn_rtti/lib/libc.a(libc_picolib_machine_arm_read_tp.S.o):(.debug_aranges)
       0        0     5370     4 .symtab
       0        0     5370     4         <internal>:(.symtab)
       0        0      153     1 .shstrtab
       0        0      153     1         <internal>:(.shstrtab)
       0        0     3fba     1 .strtab
       0        0     3fba     1         <internal>:(.strtab)
